2021-07-10 17:36:39.484 2383-2383/? I/display: [PrimaryDisplay] [DYNAMIC_RECOMP] HWC_2_GLES by low FPS(0)
2021-07-10 17:36:39.486 3913-4968/? D/WindowManager: adjustSystemUiVisibilityLw : vis= 0x200608
2021-07-10 17:36:39.493 4519-4519/? D/KeyguardViewMediator: handleKeyguardDoneDrawing
2021-07-10 17:36:39.495 3913-4459/? E/lights: write_int failed to open -1
2021-07-10 17:36:39.502 2383-2383/? I/display: [PrimaryDisplay] [DYNAMIC_RECOMP] first frame after HWC_2_GLES
2021-07-10 17:36:39.502 2383-2383/? I/display: [PrimaryDisplay] [DYNAMIC_RECOMP] GLES_2_HWC by high FPS(5)
2021-07-10 17:36:39.645 3913-4447/? I/WifiHAL: even_loop info = 0xc9e8a800
2021-07-10 17:36:39.645 3913-4447/? I/WifiHAL: even_loop info = 0xc9e8a800
2021-07-10 17:36:39.645 3913-4447/? D/WifiHAL: internal_valid_message_handler, info = 0xc9e8a800
2021-07-10 17:36:39.645 3913-4447/? D/WifiHAL: event len = 188
2021-07-10 17:36:39.645 3913-4447/? I/WifiHAL: event received NL80211_CMD_NEW_SCAN_RESULTS
2021-07-10 17:36:39.645 3913-4447/? I/WifiHAL: Number of events 0
2021-07-10 17:36:39.645 3913-4447/? D/WifiHAL: nl_recvmsgs returned 0
2021-07-10 17:36:39.645 4448-4448/? I/wpa_supplicant: nl80211: Received scan results (2 BSSes)
2021-07-10 17:36:39.653 3913-4382/? D/SamsungAlarmManager: Cancel Alarm calling from uid:1000 pid :3913 / listener:android.app.AlarmManager$ListenerWrapper@d2a8bb0
2021-07-10 17:36:39.653 3772-4297/? D/Netd: Iface wlan0 link up
2021-07-10 17:36:39.655 3913-4382/? I/SamsungAlarmManager: setLocked to kernel - T:2 / 20210710T173724, SetElapsed=513799768, nowELAPSED=513754835
2021-07-10 17:36:39.694 3913-3992/? D/Tethering: interfaceLinkStateChanged wlan0, true
2021-07-10 17:36:39.694 3913-3992/? D/Tethering: interfaceStatusChanged wlan0, true
2021-07-10 17:36:39.703 4923-4944/? D/EventHandler_FLP: WIFI_SCAN_RESULTS
2021-07-10 17:36:39.719 3913-3913/? D/WifiDefaultApController: checkDefaultAptoCopy: mNeedtoAddVendorAp( REQUEST_FROM_REBOOT ) general info file exists? ( false )
2021-07-10 17:36:39.732 3913-4935/? D/TelephonyManager: getCellLocation : Caller (PID / UID / TID): 3913 / 1000 / 4935
2021-07-10 17:36:39.762 4519-4673/? D/NetworkController.MobileSignalController(0/1): onSignalStrengthsChanged signalStrength=SignalStrength: 4 99 -4 -200 -4 -200 -1 6 -105 -16 -80 2 2147483647 0x3000 gsm|lte level=3
2021-07-10 17:36:39.762 4519-4673/? D/NetworkController.MobileSignalController(0/1): getMobileIconGroup(): 13
2021-07-10 17:36:39.766 4519-4673/? D/NetworkController.MobileSignalController(0/1): onSignalStrengthsChanged signalStrength=SignalStrength: 4 99 -4 -200 -4 -200 -1 99 -105 -16 -80 2 2147483647 0x2000 gsm|lte level=2
2021-07-10 17:36:39.766 4519-4673/? D/NetworkController.MobileSignalController(0/1): getMobileIconGroup(): 13
2021-07-10 17:36:39.785 4519-4519/? E/SignalClusterView: setSlotFocusVisible : subId 1
2021-07-10 17:36:39.785 4519-4519/? E/SignalClusterView: setSlotFocusVisible : subId 1
2021-07-10 17:36:39.821 3913-3913/? D/WifiTrafficPoller: notifyOnDataActivity() - mBusMaxLock.acquire()
2021-07-10 17:36:39.843 2208-2265/? E/nightwatch-target: lmkd signal waiters
2021-07-10 17:36:39.937 3588-3710/? E/nightwatch-target: lmkd signal waiters
2021-07-10 17:36:40.117 2383-2383/? I/display: [PrimaryDisplay] [DYNAMIC_RECOMP] HWC_2_GLES by low FPS(3)
2021-07-10 17:36:40.125 3913-3913/? D/CustomFrequencyManagerService: releaseDVFSLockLocked : Getting Lock type frm List : DVFS_MIN_LIMIT  frequency : 757000  uid : 1000  pid : 3913  tag : GESTURE_DETECTED@CPU_MIN@52
2021-07-10 17:36:40.344 2208-2265/? E/nightwatch-target: lmkd signal waiters
2021-07-10 17:36:40.439 3588-3710/? E/nightwatch-target: lmkd signal waiters
2021-07-10 17:36:40.823 3913-3913/? D/WifiTrafficPoller: notifyOnDataActivity() - mBusMaxLock.acquire()
2021-07-10 17:36:40.844 5487-5493/? I/art: Do partial code cache collection, code=125KB, data=122KB
2021-07-10 17:36:40.844 2208-2265/? E/nightwatch-target: lmkd signal waiters
2021-07-10 17:36:40.845 5487-5493/? I/art: After code cache collection, code=124KB, data=121KB
2021-07-10 17:36:40.845 5487-5493/? I/art: Increasing code cache capacity to 512KB
2021-07-10 17:36:40.868 3913-4364/? I/WifiHAL: Creating message to get link statistics
2021-07-10 17:36:40.869 3913-4364/? D/WifiHAL: response_handler called
2021-07-10 17:36:40.869 3913-4364/? D/WifiHAL: event len = 1108
2021-07-10 17:36:40.869 3913-4364/? I/WifiHAL: In GetLinkStatsCommand::handleResponse
2021-07-10 17:36:40.869 3913-4364/? I/WifiHAL: Id = 0, subcmd = 0
2021-07-10 17:36:40.869 3913-4364/? D/wifi: onLinkStatsResults: radio_stat.on_time = 0
2021-07-10 17:36:40.869 3913-4364/? D/wifi: onLinkStatsResults: radio_stat.tx_time = 0
2021-07-10 17:36:40.869 3913-4364/? D/wifi: onLinkStatsResults: radio_stat.rx_time = 0
2021-07-10 17:36:40.870 3913-4364/? D/WifiHAL: ack_handler called
2021-07-10 17:36:40.870 3913-4364/? D/wifi: android_net_wifi_getLinkLayerStats: radio_stat.on_time = 0
2021-07-10 17:36:40.870 3913-4364/? D/wifi: android_net_wifi_getLinkLayerStats: radio_stat.tx_time = 0
2021-07-10 17:36:40.870 3913-4364/? D/wifi: android_net_wifi_getLinkLayerStats: radio_stat.rx_time = 0
2021-07-10 17:36:40.873 3913-4364/? D/WifiStateMachine: Current network is: "test2" , ID is: 3
2021-07-10 17:36:40.873 3913-4364/? D/WifiStateMachine: Current network is still qualified due to heavy traffic, txSuccessRate=5.0 rxSuccessRate=1.5
2021-07-10 17:36:40.939 3588-3710/? E/nightwatch-target: lmkd signal waiters
2021-07-10 17:36:41.043 4519-4673/? D/NetworkController.MobileSignalController(0/1): onSignalStrengthsChanged signalStrength=SignalStrength: 3 99 -3 -200 -3 -200 -1 4 -107 -16 -70 2 2147483647 0x2000 gsm|lte level=2
2021-07-10 17:36:41.043 4519-4673/? D/NetworkController.MobileSignalController(0/1): getMobileIconGroup(): 13
2021-07-10 17:36:41.346 2208-2265/? E/nightwatch-target: lmkd signal waiters
2021-07-10 17:36:41.440 3588-3710/? E/nightwatch-target: lmkd signal waiters
2021-07-10 17:36:41.541 3913-4332/? D/InputReader: Input event(3): value=1 when=198382783173000
2021-07-10 17:36:41.541 3913-4332/? I/InputReader: Touch event's action is 0x0 (deviceType=0) [pCnt=1, s=0.34269 ] when=198382783173000
2021-07-10 17:36:41.542 3913-4331/? I/InputDispatcher: Delivering touch to (4519): action: 0x0, toolType: 1
2021-07-10 17:36:41.542 4519-4519/? D/ViewRootImpl@70b6e56[Bouncer]: ViewPostImeInputStage processPointer 0
2021-07-10 17:36:41.543 3913-15480/? D/PowerManagerService: [api] [s] userActivity : event: 0 flags: 0 (uid: 10048 pid: 4519) eventTime = 198382785
2021-07-10 17:36:41.551 4519-4519/? D/StatusBarWindowManager: getUserActivityTimeout()10000
2021-07-10 17:36:41.567 2383-2383/? I/display: [PrimaryDisplay] [DYNAMIC_RECOMP] first frame after HWC_2_GLES
2021-07-10 17:36:41.567 2383-2383/? I/display: [PrimaryDisplay] [DYNAMIC_RECOMP] GLES_2_HWC by high FPS(5)
2021-07-10 17:36:41.669 5106-5106/? D/io_stats: !@ 179,0 r 18603627 395976609 w 3047942 51135276 d 458469 20254648 f 698353 698049 iot 11635770 11169334 th 51200 0 0 pt 0 inp 0 0 198382.910
2021-07-10 17:36:41.721 3913-15479/? D/PowerManagerService: [api] [s] userActivity : event: 0 flags: 0 (uid: 10048 pid: 4519) eventTime = 198382963
2021-07-10 17:36:41.723 4519-4519/? D/StatusBarWindowManager: getUserActivityTimeout()10000
2021-07-10 17:36:41.805 3913-6149/? D/PowerManagerService: [api] [s] userActivity : event: 0 flags: 0 (uid: 10048 pid: 4519) eventTime = 198383046
2021-07-10 17:36:41.806 4519-4519/? D/StatusBarWindowManager: getUserActivityTimeout()10000
2021-07-10 17:36:41.824 3913-3913/? D/WifiTrafficPoller: notifyOnDataActivity() - mBusMaxLock.acquire()
2021-07-10 17:36:41.846 2208-2265/? E/nightwatch-target: lmkd signal waiters
2021-07-10 17:36:41.940 3588-3710/? E/nightwatch-target: lmkd signal waiters
2021-07-10 17:36:42.139 3913-25110/? D/PowerManagerService: [api] [s] userActivity : event: 0 flags: 0 (uid: 10048 pid: 4519) eventTime = 198383381
2021-07-10 17:36:42.141 4519-4519/? D/StatusBarWindowManager: getUserActivityTimeout()10000
2021-07-10 17:36:42.347 2208-2265/? E/nightwatch-target: lmkd signal waiters
2021-07-10 17:36:42.440 3913-6152/? D/PowerManagerService: [api] [s] userActivity : event: 0 flags: 0 (uid: 10048 pid: 4519) eventTime = 198383681
2021-07-10 17:36:42.441 4519-4519/? D/StatusBarWindowManager: getUserActivityTimeout()10000
2021-07-10 17:36:42.442 3588-3710/? E/nightwatch-target: lmkd signal waiters
2021-07-10 17:36:42.690 3913-6139/? D/PowerManagerService: [api] [s] userActivity : event: 0 flags: 0 (uid: 10048 pid: 4519) eventTime = 198383932
2021-07-10 17:36:42.692 4519-4519/? D/StatusBarWindowManager: getUserActivityTimeout()10000
2021-07-10 17:36:42.774 3913-6146/? D/PowerManagerService: [api] [s] userActivity : event: 0 flags: 0 (uid: 10048 pid: 4519) eventTime = 198384015
2021-07-10 17:36:42.775 4519-4519/? D/StatusBarWindowManager: getUserActivityTimeout()10000
2021-07-10 17:36:42.827 3913-3913/? D/WifiTrafficPoller: notifyOnDataActivity() - mBusMaxLock.acquire()
2021-07-10 17:36:42.847 2208-2265/? E/nightwatch-target: lmkd signal waiters
2021-07-10 17:36:42.892 3913-4332/? D/InputReader: Input event(3): value=0 when=198384134628000
2021-07-10 17:36:42.893 3913-4332/? I/InputReader: Touch event's action is 0x1 (deviceType=0) [pCnt=1, s=] when=198384134628000
2021-07-10 17:36:42.893 3913-4331/? I/InputDispatcher: Delivering touch to (4519): action: 0x1, toolType: 1
2021-07-10 17:36:42.893 4519-4519/? D/ViewRootImpl@70b6e56[Bouncer]: ViewPostImeInputStage processPointer 1
2021-07-10 17:36:42.893 4519-4519/? E/SecurityPatternView: onPatternDetected
2021-07-10 17:36:42.894 3913-7145/? D/CustomFrequencyManagerService: acquireDVFSLockLocked : type : DVFS_MIN_LIMIT  frequency : 757000  uid : 1000  pid : 3913  pkgName : GESTURE_DETECTED@CPU_MIN@52
2021-07-10 17:36:42.895 3913-6138/? D/PowerManagerService: [api] [s] userActivity : event: 0 flags: 0 (uid: 10048 pid: 4519) eventTime = 198384136
2021-07-10 17:36:42.896 4519-4519/? D/StatusBarWindowManager: getUserActivityTimeout()10000
2021-07-10 17:36:42.914 3778-3778/? I/TlcTeeGatekeeper: teeResult_t TEE_Verify(uint32_t, uint64_t, const uint8_t *, uint32_t, const uint8_t *, uint32_t, uint8_t **, uint32_t *, bool *, uint32_t *, const struct gatekeeper_device *):474 mcMap - current_password_handle
2021-07-10 17:36:42.937 3778-3778/? D/gatekeeperd: verify ret = 0
2021-07-10 17:36:42.939 3761-3761/? I/keystore: calling unlock when already unlocked, ignoring.
2021-07-10 17:36:42.941 3913-5323/? D/EnterpriseSCEPPolicy: Start of unlock of keystore happened.
2021-07-10 17:36:42.942 3588-3710/? E/nightwatch-target: lmkd signal waiters
2021-07-10 17:36:42.942 3913-5323/? D/EnterpriseSCEPPolicy: End of unlock of keystore happened.
2021-07-10 17:36:42.944 3913-5323/? D/KnoxVpnEngineService: Start of unlock of keystore happened.
2021-07-10 17:36:42.944 3913-5323/? D/KnoxVpnEngineService: End of unlock of keystore happened.
2021-07-10 17:36:42.945 3913-5323/? I/LockSettingsService: Unlocking user 0 with token length 69
2021-07-10 17:36:42.947 3913-5323/? D/LockSettingsService: unlockUser begin
2021-07-10 17:36:42.948 3913-5323/? D/LockSettingsService: unlockUser finished
2021-07-10 17:36:42.949 3913-5323/? W/ActivityManager: Expected user 0 in state RUNNING_LOCKED but was in state RUNNING_UNLOCKED
2021-07-10 17:36:42.949 3913-5323/? D/LockSettingsService: unlockUser end
2021-07-10 17:36:42.949 3913-5323/? D/LockSettingsService: getKeyType :: 1 --> 1
2021-07-10 17:36:42.954 3913-8297/? D/LockSettingsService.SdpHandler: unlock :: Unlocking user 0, type : PWD
2021-07-10 17:36:42.955 3913-8297/? D/LockSettingsService.SdpHandler: isPwdChangeRequested :: false
2021-07-10 17:36:42.962 3913-8297/? D/SdpManagerService: unlock :: Internal... 0
2021-07-10 17:36:42.963 3913-8297/? D/SdpManagerService: SecureUnlock :: User : 0, Type : 1
2021-07-10 17:36:42.963 3913-8297/? D/SdpManagerService: SecureUnlock :: Not applicable... Skip secure unlock... 0
2021-07-10 17:36:42.963 3913-8297/? D/SdpManagerService: unlock :: onDeviceUnLocked found ECMK 0
2021-07-10 17:36:42.964 3913-8297/? I/KeyManagementUtil: retrieveCMK :: Inside
2021-07-10 17:36:42.964 3913-8297/? D/KeyManagementUtil: verifyKEK :: Inside
2021-07-10 17:36:42.965 3913-5323/? D/CryptdConnector: SND -> {426 cryptfs setpw_for_ext [scrubbed]}
2021-07-10 17:36:42.966 3913-8297/? D/KeyManagementUtil: SND -> {keymanagement_cmd verify_kek}
2021-07-10 17:36:42.966 2297-2354/? D/VoldCryptCmdListener: cryptfs_set_password_for_external
2021-07-10 17:36:42.969 3752-3786/? D/SDP_JNI_SKMM2:  [sdp] CALL - VerifyKEK..... 
2021-07-10 17:36:42.969 3752-3786/? D/SDP_JNI_SKMM2: verifyKEK ..... 
2021-07-10 17:36:42.969 3752-3786/? D/SDP_JNI_SKMM2: verifyKEK :: id=0, type=PWD
2021-07-10 17:36:42.970 3752-3786/? E/SDP_DAEMON_SKMM2: int __read_payload(int, void *, size_t)(size:660)
2021-07-10 17:36:42.970 3913-4336/? D/CryptdConnector: RCV <- {200 426 0}
2021-07-10 17:36:42.973 4519-8295/? E/LockPatternUtils: checkPattern() : RESPONSE_OK
2021-07-10 17:36:42.974 4519-4519/? E/LockPatternChecker: onChecked()
2021-07-10 17:36:42.974 4519-4519/? E/SecurityPatternView: onPatternChecked true / 0 / true / 0
2021-07-10 17:36:42.976 3752-3786/? E/SKMM_v2.0_Mobicore_Helper: InitMode: 0
2021-07-10 17:36:42.977 3752-3786/? I/TeeDriverClient: driver client open [hardware/samsung_slsi/exynos7570/mobicore/ClientLib/src/driver_client.cpp:103]
2021-07-10 17:36:42.978 3752-3786/? D/SKMM_v2.0_Mobicore_Helper: Try Trustlet Open Session
2021-07-10 17:36:43.008 3752-3786/? I/SDP_DAEMON_SKMM2: Initialized Successfully(0)
2021-07-10 17:36:43.013 4519-4519/? D/KeyguardSecurityView: showNextSecurityScreenOrFinish(true)
2021-07-10 17:36:43.013 4519-4519/? D/KeyguardViewMediator: keyguardDone(true)
2021-07-10 17:36:43.013 3913-5360/? D/PowerManagerService: [api] [s] userActivity : event: 0 flags: 0 (uid: 10048 pid: 4519) eventTime = 198384255
2021-07-10 17:36:43.015 3913-6151/? D/CustomFrequencyManagerService: acquireDVFSLockLocked : type : DVFS_MIN_LIMIT  frequency : 676000  uid : 1000  pid : 3913  pkgName : UNLOCKSCREEN_BOOSTER@2
2021-07-10 17:36:43.021 3913-3943/? W/BroadcastQueue: Permission Denial: broadcasting Intent { act=com.samsung.android.providers.context.log.action.USE_APP_FEATURE_SURVEY flg=0x10 pkg=com.samsung.android.providers.context launchParam=MultiScreenLaunchParams { mDisplayId=0 mBaseDisplayId=0 mFlags=0 } (has extras) } from com.android.systemui (pid=4519, uid=10048) requires com.samsung.android.providers.context.permission.WRITE_USE_APP_FEATURE_SURVEY due to receiver com.samsung.android.providers.context/.SurveyLogBroadcastReceiver
2021-07-10 17:36:43.025 4519-4519/? D/KeyguardViewMediator: handleKeyguardDone
2021-07-10 17:36:43.030 4519-4519/? D/KeyguardViewMediator: handleHide
2021-07-10 17:36:43.111 3752-3786/? D/SKMM_v2.0_Mobicore_Helper: Send Trustlet TCI Message
2021-07-10 17:36:43.113 3752-3786/? I/TeeDriverClient: driver client closed [hardware/samsung_slsi/exynos7570/mobicore/ClientLib/src/driver_client.cpp:113]
2021-07-10 17:36:43.113 3752-3786/? D/SDP_JNI_SKMM2: verifyKEK ..... End
2021-07-10 17:36:43.113 3913-4342/? D/KeyManagementUtil: RCV <-
2021-07-10 17:36:43.113 3913-8297/? D/KeyManagementUtil: RMV <-
2021-07-10 17:36:43.114 3913-8297/? D/KeyManagementUtil: event called.
2021-07-10 17:36:43.117 3913-8297/? D/SdpManagerService: cacheMasterKey :: 0
2021-07-10 17:36:43.119 3913-8297/? E/SDP.CRYPTO: int sdp_drv_on_unlocked(int, const char *, int)(0)
2021-07-10 17:36:43.121 3913-8297/? E/SDP.CRYPTO: Rpri loaded
2021-07-10 17:36:43.121 3913-8297/? E/SDP.CRYPTO: Dpri loaded
2021-07-10 17:36:43.122 3913-8297/? E/SDP.CRYPTO: EDpri loaded
2021-07-10 17:36:43.122 3913-8297/? E/SDP.CRYPTO: sym loaded
2021-07-10 17:36:43.122 3913-8297/? E/SDP.CRYPTO:     On User Unlock OK, id 0
2021-07-10 17:36:43.123 3913-8297/? D/SdpManagerService: onStateChange :: Engine Id : 0, State : 2, Roll Size : 0
2021-07-10 17:36:43.123 3913-8297/? E/SdpManagerService: sendBroadcastAsUser(INTENT_SDP_STATE_CHANGED, state:2)
2021-07-10 17:36:43.125 3913-8297/? E/SdpManagerService: sendBroadcastAsUser(ACTION_SDP_STATE_CHANGED, state:2)
2021-07-10 17:36:43.125 3913-8297/? D/LockSettingsService.SDP: Clear credential...
2021-07-10 17:36:43.207 4519-4519/? D/KeyguardViewMediator: keyguardGoingAway
2021-07-10 17:36:43.215 3913-6149/? D/ActivityManager: resumeTopActivityInnerLocked() : #1 prevTask=null next=ActivityRecord{d857b99d0 u0 com.android.chrome/com.google.android.apps.chrome.Main t2590} mFocusedStack=ActivityStack{a27dce0d0 stackId=1, 2 tasks}
2021-07-10 17:36:43.221 3913-6149/? D/ActivityManager: applyOptionsLocked(), pendingOptions : null
2021-07-10 17:36:43.225 3913-3995/? V/WindowManager: Now policy shown: Window{fdc36b3d0 u0 com.android.chrome/com.google.android.apps.chrome.Main}
2021-07-10 17:36:43.225 3913-3995/? V/WindowManager: Now policy shown: Window{1adc92bd0 u0 SurfaceView - com.android.chrome/com.google.android.apps.chrome.Main}
2021-07-10 17:36:43.265 3913-4421/? D/GameManagerService: handleForegroundChange(). pkgName: com.android.chrome, clsName: org.chromium.chrome.browser.ChromeTabbedActivity,FgActivityName:com.android.chrome/org.chromium.chrome.browser.ChromeTabbedActivity
2021-07-10 17:36:43.266 3913-4421/? D/GameManagerService:   handleForegroundChange(). same package. game has never resumed yet. ignore
2021-07-10 17:36:43.266 3913-6149/? D/MARsPolicyManager: handlePackageResumedFG pkgName = com.android.chrome, userId = 0
2021-07-10 17:36:43.288 4519-4519/? D/KeyguardViewMediator: handleStartKeyguardExitAnimation startTime=198384465 fadeoutDuration=400
2021-07-10 17:36:43.288 4519-4519/? D/KeyguardUpdateMonitor: setUnlockingKeyguard( true )
2021-07-10 17:36:43.298 3753-31568/? I/APM_AudioPolicyManager: getSituationVolume: isBTConnected:0 isHeadConnected:0
2021-07-10 17:36:43.305 3753-4404/? W/AudioPolicyIntefaceImpl: Skipped to add effects on session 8753
2021-07-10 17:36:43.305 3753-4404/? I/APM_AudioPolicyManager: startOutput() output 21, stream 1, session 8753
2021-07-10 17:36:43.316 4519-4519/? I/StatusBarWindowManager: isExpanded:true, false, false, false, true, false
2021-07-10 17:36:43.316 4519-4519/? I/StatusBarWindowManager: applyHeight:-1
2021-07-10 17:36:43.317 3753-4291/? D/SoundAliveResampler: [SoundAliveResampler] Init+++
2021-07-10 17:36:43.318 3753-4291/? V/audio_hw_primary: start_output_stream+, out->device : 00000002 , out->type = 1
2021-07-10 17:36:43.318 3753-4291/? D/audio_hw_primary: start_output_stream jack_skip_check false
2021-07-10 17:36:43.320 4519-4519/? D/StatusBar-Window: Bouncer LP changed!!! = 0x25, height = 0
2021-07-10 17:36:43.321 4519-4519/? I/StatusBarWindowManager: isExpanded:true, false, false, true, true, false
2021-07-10 17:36:43.321 4519-4519/? I/StatusBarWindowManager: applyHeight:-1
2021-07-10 17:36:43.321 4519-4519/? D/StatusBar-Window: Bouncer LP changed!!! = 0x4000, height = 0
2021-07-10 17:36:43.322 4519-4519/? D/KeyguardWallpaperController: mShowing=false, mOccluded=false, mFadingAway=false, match_parent=true
2021-07-10 17:36:43.322 4519-4519/? D/WallpaperViewController: mWallpaperView.onPause()
2021-07-10 17:36:43.322 4519-4519/? D/KeyguardWallpaperController: mShowing=false, mOccluded=false, mFadingAway=false, match_parent=true
2021-07-10 17:36:43.333 4519-4519/? V/KeyguardUpdateMonitor: *** unregister callback for com.android.keyguard.CarrierText$1@a7a9557
2021-07-10 17:36:43.335 4519-4519/? V/KeyguardUpdateMonitor: *** unregister callback for com.android.keyguard.face.KeyguardFaceDexButtonView$1@7fc4844
2021-07-10 17:36:43.336 4519-4519/? V/KeyguardUpdateMonitor: *** unregister callback for com.android.keyguard.iris.KeyguardIrisDexButtonView$1@d07ad2d
2021-07-10 17:36:43.336 4519-4519/? V/KeyguardUpdateMonitor: *** unregister callback for com.android.keyguard.EmergencyButton$2@d6a262
2021-07-10 17:36:43.338 4519-4519/? V/KeyguardUpdateMonitor: *** unregister callback for com.android.keyguard.KeyguardPatternView$2@3ca6ed6
2021-07-10 17:36:43.339 4519-4519/? V/KeyguardUpdateMonitor: *** unregister callback for com.android.keyguard.KeyguardSecurityContainer$1@3210781
2021-07-10 17:36:43.341 4519-4519/? I/StatusBarWindowManager: isExpanded:true, false, false, true, false, false
2021-07-10 17:36:43.341 4519-4519/? I/StatusBarWindowManager: applyHeight:-1
2021-07-10 17:36:43.341 4519-4519/? D/StatusBar-Window: Bouncer LP changed!!! = 0x4000, height = 0
2021-07-10 17:36:43.341 4519-4519/? D/PhoneStatusBar: disable: < expand icons* alerts system_info* back HOME RECENT clock SEARCH quick_settings >
2021-07-10 17:36:43.341 4519-4519/? D/KeyguardUpdateMonitor: onKeyguardVisibilityChanged(false)
2021-07-10 17:36:43.342 4519-4519/? D/ServiceBoxPageResetTimer: cancelTimer() ServiceBoxPageResetTimer[F=true, ks=false, st=true, sb=false, b=true, c=false, ko=false, n=falsem=false]
2021-07-10 17:36:43.346 4519-4519/? D/KeyguardFingerPrint: shouldListenForFingerprint ( fingerprint is not enabled. ) 
2021-07-10 17:36:43.346 4519-4519/? E/KeyguardFingerPrint: updateFingerprintListeningState#mFingerprintRunningState = 0
2021-07-10 17:36:43.346 4519-4519/? E/KeyguardFingerPrint: stopListeningForFingerprint()
2021-07-10 17:36:43.346 4519-4519/? D/KeyguardUpdateMonitor: sendKeyguardBouncerChanged(false)
2021-07-10 17:36:43.346 4519-4519/? D/KeyguardUpdateMonitor: sendKeyguardStateUpdated(false, false, false)
2021-07-10 17:36:43.348 2208-2265/? E/nightwatch-target: lmkd signal waiters
2021-07-10 17:36:43.350 4519-4519/? D/KeyguardViewMediator: adjustStatusBarLocked: mShowing=false mOccluded=false isSecure=true --> flags=0x0
2021-07-10 17:36:43.355 3913-3913/? D/EdmStorageProvider: getCount(ClientCertificateManagerTable) - 0
2021-07-10 17:36:43.355 3913-3913/? D/UniversalCredentialManagerService: inside mBReciever onReceive : android.intent.action.USER_PRESENT
2021-07-10 17:36:43.356 3913-15484/? D/LockSettings: reportUnlock()
2021-07-10 17:36:43.357 3913-15484/? W/AlarmManager: Unrecognized alarm listener com.android.server.LockSettingsStrongAuth$2@8954bc6
2021-07-10 17:36:43.364 5487-5487/? D/Hamster: [ArgusApmConfigManager] recv ACTION_USER_PRESENT [delta:1701664, min:3600000]
2021-07-10 17:36:43.366 4519-4519/? D/KeyguardFingerPrint: setDisableBIOMETRICBySecurityDialog( false )
2021-07-10 17:36:43.367 5382-5382/? I/IconView: applyFromApplicationInfo - start GetLive : com.sec.android.app.clockpackage
2021-07-10 17:36:43.368 5382-5382/? I/IconView: applyFromApplicationInfo - end GetLive : com.sec.android.app.clockpackage
2021-07-10 17:36:43.368 5382-5382/? I/IconView: applyFromApplicationInfo - start GetLive : com.samsung.android.calendar
2021-07-10 17:36:43.368 3913-4997/? D/SecContentProvider: query(), uri = 16 selection = isLockScreenEnabled
2021-07-10 17:36:43.368 5382-5382/? I/IconView: applyFromApplicationInfo - end GetLive : com.samsung.android.calendar
2021-07-10 17:36:43.369 3913-4997/? D/SecContentProvider: called from com.sec.android.inputmethod
2021-07-10 17:36:43.372 5382-5946/? D/ApplicationPackageManager: we has com.sec.android.app.clockpackage class. reuse it 
2021-07-10 17:36:43.372 5382-5946/? D/LiveIconLoader: getLiveIcon was called in ClockPackage
2021-07-10 17:36:43.372 5382-5947/? D/ApplicationPackageManager: we has com.samsung.android.calendar class. reuse it 
2021-07-10 17:36:43.374 3753-4291/? D/audio_hw_primary: start_output_stream (0xed6b4380) out->pcm_device:7 out->config.rate:48000 out->config.format:0 out->period_size:240
2021-07-10 17:36:43.374 3753-4291/? D/audio_hw_primary: start_output_stream (0xed6b4380) out->config.rate:48000 out->config.format:0 out->period_size:240
2021-07-10 17:36:43.374 3753-4291/? V/audio_hw_primary: select_devices output_scenario:0 input_scenario:-1 out_snd_device 0x2 in_snd_device:0x0
2021-07-10 17:36:43.376 3753-4291/? I/audio_route: > audio_route_reset :
2021-07-10 17:36:43.376 3753-4291/? I/audio_route: > audio_route_apply_path : "media-speaker"
2021-07-10 17:36:43.377 5382-5946/? D/LiveIconLoader: getLiveIcon res = com.sec.android.app.clockpackage
2021-07-10 17:36:43.380 5659-5659/? D/SKBD: showDlgMsgBox : false true true
2021-07-10 17:36:43.381 5382-5946/? D/LiveIconLoader: stdIconSize : 96 , targetIconSize : 116
2021-07-10 17:36:43.381 5382-5946/? D/LiveIconLoader: mIconDpi : 480 , mTargetIconDpi : 320
2021-07-10 17:36:43.382 5382-5946/? D/Qmage: NewFromStream
2021-07-10 17:36:43.382 5382-5946/? D/Qmage: ParseHeader
2021-07-10 17:36:43.382 5382-5946/? D/Qmage: decode QG
2021-07-10 17:36:43.382 5382-5946/? D/Qmage: QuramQmageDecParseHeader s
2021-07-10 17:36:43.382 5382-5946/? D/Qmage: QuramQmageDecParseHeader e
2021-07-10 17:36:43.382 5382-5946/? D/Qmage: colorType 4
2021-07-10 17:36:43.382 5382-5946/? D/Qmage: kPremul_SkAlphaType
2021-07-10 17:36:43.383 5382-5946/? D/Qmage: requestedInfo kPremul_SkAlphaType
2021-07-10 17:36:43.383 5382-5946/? D/Qmage: requestedInfo k32_SkColorType
2021-07-10 17:36:43.383 5382-5946/? D/Qmage: conversion_possible s
2021-07-10 17:36:43.383 5382-5946/? D/Qmage: Qmage colorType: 4
2021-07-10 17:36:43.383 5382-5946/? D/Qmage: Qmage width height: 144, 144
2021-07-10 17:36:43.383 5382-5946/? D/Qmage: Qmage bpp: 4
2021-07-10 17:36:43.383 5382-5946/? D/Qmage: storage.reset: 82944
2021-07-10 17:36:43.383 5382-5946/? D/Qmage: SampleConf.Crop : 1
2021-07-10 17:36:43.383 5382-5946/? D/Qmage: SampleConf.Scale : 0
2021-07-10 17:36:43.383 5382-5946/? D/Qmage: QuramQmageDecodeFrame.start
2021-07-10 17:36:43.384 5382-5946/? I/QG: QuramQmageDecodeFrame 1.1.1 Start
2021-07-10 17:36:43.384 5382-5946/? I/QG: error check for QmageDecodeFrame start
2021-07-10 17:36:43.384 5382-5946/? I/QG: parsing for QmageDecodeFrame start
2021-07-10 17:36:43.384 5382-5946/? I/QG: Qmage_WDecodeFrame_Low start
2021-07-10 17:36:43.384 5382-5946/? I/QG: WCodec_decode start
2021-07-10 17:36:43.384 5382-5947/? D/Qmage: NewFromStream
2021-07-10 17:36:43.384 5382-5947/? D/Qmage: ParseHeader
2021-07-10 17:36:43.384 5382-5947/? D/Qmage: decode QG
2021-07-10 17:36:43.384 5382-5947/? D/Qmage: QuramQmageDecParseHeader s
2021-07-10 17:36:43.384 5382-5947/? D/Qmage: QuramQmageDecParseHeader e
2021-07-10 17:36:43.384 5382-5947/? D/Qmage: colorType 4
2021-07-10 17:36:43.384 5382-5947/? D/Qmage: kPremul_SkAlphaType
2021-07-10 17:36:43.384 5382-5947/? D/Qmage: requestedInfo kPremul_SkAlphaType
2021-07-10 17:36:43.384 5382-5947/? D/Qmage: requestedInfo k32_SkColorType
2021-07-10 17:36:43.384 5382-5947/? D/Qmage: conversion_possible s
2021-07-10 17:36:43.384 5382-5947/? D/Qmage: Qmage colorType: 4
2021-07-10 17:36:43.385 5382-5947/? D/Qmage: Qmage width height: 144, 144
2021-07-10 17:36:43.385 5382-5947/? D/Qmage: Qmage bpp: 4
2021-07-10 17:36:43.385 5382-5947/? D/Qmage: storage.reset: 82944
2021-07-10 17:36:43.385 5382-5947/? D/Qmage: SampleConf.Crop : 1
2021-07-10 17:36:43.385 5382-5947/? D/Qmage: SampleConf.Scale : 0
2021-07-10 17:36:43.385 5382-5947/? D/Qmage: QuramQmageDecodeFrame.start
2021-07-10 17:36:43.385 5382-5947/? I/QG: QuramQmageDecodeFrame 1.1.1 Start
2021-07-10 17:36:43.385 5382-5947/? I/QG: error check for QmageDecodeFrame start
2021-07-10 17:36:43.385 5382-5947/? I/QG: parsing for QmageDecodeFrame start
2021-07-10 17:36:43.385 5382-5947/? I/QG: Qmage_WDecodeFrame_Low start
2021-07-10 17:36:43.385 5382-5947/? I/QG: WCodec_decode start
2021-07-10 17:36:43.386 5382-5946/? I/QG: WCodec_decode end with 2
2021-07-10 17:36:43.386 5382-5946/? I/QG: Qmage_WDecodeFrame_Low end
2021-07-10 17:36:43.386 5382-5946/? D/Qmage: QuramQmageDecodeFrame.end
2021-07-10 17:36:43.386 5382-5946/? D/Qmage: destroyReadStruct
2021-07-10 17:36:43.387 5382-5947/? I/QG: WCodec_decode end with 82944
2021-07-10 17:36:43.387 5382-5947/? I/QG: Qmage_WDecodeFrame_Low end
2021-07-10 17:36:43.387 5382-5947/? D/Qmage: QuramQmageDecodeFrame.end
2021-07-10 17:36:43.389 5382-5947/? D/Qmage: destroyReadStruct
2021-07-10 17:36:43.400 5382-5947/? I/ApplicationPackageManager: load= live icon for com.samsung.android.calendar, from overlay = false
2021-07-10 17:36:43.400 5382-5946/? I/ApplicationPackageManager: load= live icon for com.sec.android.app.clockpackage, from overlay = false
2021-07-10 17:36:43.403 5382-5947/? I/LiveIconFactory: onFutureDone: done: com.samsung.android.calendar,UserHandle{0}
2021-07-10 17:36:43.403 5382-5947/? D/LiveIconManager: onResponseLiveIcon: 
2021-07-10 17:36:43.405 5382-5946/? I/LiveIconFactory: onFutureDone: done: com.sec.android.app.clockpackage,UserHandle{0}
2021-07-10 17:36:43.405 5382-5946/? D/LiveIconManager: onResponseLiveIcon: 
2021-07-10 17:36:43.420 3913-15483/? V/WindowManager: Relayout Window{64e17c2d0 u0 StatusBar}: viewVisibility=0 req=720x1280 WM.LayoutParams{(0,0)(fillxfill) gr=#30 sim=#10 ty=2000 fl=#81840048 fmt=-3 vsysui=0x600 naviIconColor=0 sfl=0x40000}
2021-07-10 17:36:43.422 4498-4498/? D/ConnectivityManager: requestNetwork; CallingUid : 10107, CallingPid : 4498
2021-07-10 17:36:43.425 3913-4356/? D/ConnectivityService: listenForNetwork for Listen from uid/pid:10107/4498 for NetworkRequest [ id=3005, legacyType=-1, [ Capabilities: INTERNET&NOT_RESTRICTED&TRUSTED] ]
2021-07-10 17:36:43.426 3913-4386/? D/ConnectivityService: rematching NetworkAgentInfo [WIFI () - 519]
2021-07-10 17:36:43.426 3913-4386/? D/ConnectivityService:  network has: [ Transports: WIFI Capabilities: NOT_METERED&INTERNET&NOT_RESTRICTED&TRUSTED&NOT_VPN&VALIDATED LinkUpBandwidth>=1048576Kbps LinkDnBandwidth>=1048576Kbps SignalStrength: -75]
2021-07-10 17:36:43.426 3913-4386/? D/ConnectivityService:   checking if request is satisfied: NetworkRequest [ id=5, legacyType=-1, [ Transports: WIFI Capabilities: INTERNET&NOT_RESTRICTED&TRUSTED&NOT_VPN] ]
2021-07-10 17:36:43.426 3913-4386/? D/ConnectivityService:   checking if request is satisfied: NetworkRequest [ id=9, legacyType=-1, [ Transports: CELLULAR|WIFI Capabilities: NOT_RESTRICTED&TRUSTED&NOT_VPN] ]
2021-07-10 17:36:43.426 3913-4386/? D/ConnectivityService: Network NetworkAgentInfo [WIFI () - 519] was already satisfying request 2976. No change.
2021-07-10 17:36:43.426 3913-4386/? D/ConnectivityService:   checking if request is satisfied: NetworkRequest [ id=2893, legacyType=-1, [ Capabilities: INTERNET&NOT_RESTRICTED&TRUSTED&NOT_VPN] ]
2021-07-10 17:36:43.426 3913-4386/? D/ConnectivityService:   checking if request is satisfied: NetworkRequest [ id=3004, legacyType=-1, [ Transports: WIFI Capabilities: NOT_RESTRICTED&TRUSTED&NOT_VPN] ]
2021-07-10 17:36:43.426 3913-4386/? D/ConnectivityService:   checking if request is satisfied: NetworkRequest [ id=6, legacyType=-1, [ Transports: WIFI Capabilities: INTERNET&NOT_RESTRICTED&TRUSTED&NOT_VPN] ]
2021-07-10 17:36:43.426 3913-4386/? D/ConnectivityService:   checking if request is satisfied: NetworkRequest [ id=2852, legacyType=-1, [ Capabilities: INTERNET&NOT_RESTRICTED&TRUSTED] ]
2021-07-10 17:36:43.427 3913-4386/? D/ConnectivityService:   checking if request is satisfied: NetworkRequest [ id=2972, legacyType=-1, [ Capabilities: INTERNET&NOT_RESTRICTED&TRUSTED] ]
2021-07-10 17:36:43.427 3913-4386/? D/ConnectivityService:   checking if request is satisfied: NetworkRequest [ id=2804, legacyType=-1, [ Capabilities: NOT_RESTRICTED] ]
2021-07-10 17:36:43.427 3913-4386/? D/ConnectivityService:   checking if request is satisfied: NetworkRequest [ id=2973, legacyType=-1, [ Capabilities: INTERNET&NOT_RESTRICTED&TRUSTED] ]
2021-07-10 17:36:43.427 3913-4386/? D/ConnectivityService:   checking if request is satisfied: NetworkRequest [ id=2783, legacyType=-1, [ Capabilities: INTERNET&NOT_RESTRICTED&TRUSTED] ]
2021-07-10 17:36:43.427 3913-4386/? D/ConnectivityService:   checking if request is satisfied: NetworkRequest [ id=3003, legacyType=-1, [ Capabilities: INTERNET&NOT_RESTRICTED&TRUSTED] ]
2021-07-10 17:36:43.427 4519-4519/? D/ViewRootImpl@622e18[StatusBar]: Relayout returned: oldFrame=[0,0][720,1280] newFrame=[0,0][720,1280] result=0x1 surface={isValid=true -977491968} surfaceGenerationChanged=false
2021-07-10 17:36:43.427 3913-4386/? D/ConnectivityService:   checking if request is satisfied: NetworkRequest [ id=8, legacyType=-1, [ Transports: WIFI Capabilities: INTERNET&NOT_RESTRICTED&TRUSTED&NOT_VPN] ]
2021-07-10 17:36:43.427 3913-4386/? D/ConnectivityService:   checking if request is satisfied: NetworkRequest [ id=2903, legacyType=-1, [ Capabilities: INTERNET&NOT_RESTRICTED&TRUSTED] ]
2021-07-10 17:36:43.427 3913-4386/? D/ConnectivityService: Network NetworkAgentInfo [WIFI () - 519] was already satisfying request 2963. No change.
2021-07-10 17:36:43.427 3913-4386/? D/ConnectivityService: Network NetworkAgentInfo [WIFI () - 519] was already satisfying request 1. No change.
2021-07-10 17:36:43.427 3913-4386/? D/ConnectivityService:   checking if request is satisfied: NetworkRequest [ id=2822, legacyType=-1, [ Capabilities: INTERNET&NOT_RESTRICTED&TRUSTED] ]
2021-07-10 17:36:43.427 3913-4386/? D/ConnectivityService:   checking if request is satisfied: NetworkRequest [ id=3, legacyType=-1, [] ]
2021-07-10 17:36:43.427 3913-4386/? D/ConnectivityService:   checking if request is satisfied: NetworkRequest [ id=2842, legacyType=-1, [ Capabilities: INTERNET&NOT_RESTRICTED&TRUSTED] ]
2021-07-10 17:36:43.427 3913-4386/? D/ConnectivityService:   checking if request is satisfied: NetworkRequest [ id=3001, legacyType=-1, [ Capabilities: INTERNET&NOT_RESTRICTED&TRUSTED&NOT_VPN] ]
2021-07-10 17:36:43.427 3913-4386/? D/ConnectivityService:   checking if request is satisfied: NetworkRequest [ id=2964, legacyType=-1, [ Capabilities: INTERNET&NOT_RESTRICTED&TRUSTED] ]
2021-07-10 17:36:43.428 3913-4386/? D/ConnectivityService:   checking if request is satisfied: NetworkRequest [ id=3005, legacyType=-1, [ Capabilities: INTERNET&NOT_RESTRICTED&TRUSTED] ]
2021-07-10 17:36:43.428 3913-4386/? D/ConnectivityService:   checking if request is satisfied: NetworkRequest [ id=7, legacyType=-1, [ Transports: CELLULAR Capabilities: INTERNET&NOT_RESTRICTED&TRUSTED&NOT_VPN] ]
2021-07-10 17:36:43.428 3913-4386/? D/ConnectivityService:   checking if request is satisfied: NetworkRequest [ id=4, legacyType=-1, [] ]
2021-07-10 17:36:43.428 3913-4386/? D/ConnectivityService: Network NetworkAgentInfo [WIFI () - 519] was already satisfying request 2977. No change.
2021-07-10 17:36:43.428 3913-4386/? D/ConnectivityService:   checking if request is satisfied: NetworkRequest [ id=2974, legacyType=-1, [ Capabilities: INTERNET&NOT_RESTRICTED&TRUSTED] ]
2021-07-10 17:36:43.429 3913-4386/? D/ConnectivityService: sending notification AVAILABLE for NetworkRequest [ id=3005, legacyType=-1, [ Capabilities: INTERNET&NOT_RESTRICTED&TRUSTED] ]
2021-07-10 17:36:43.438 4498-4498/? I/cr_OfflineDetector: Running updateState mConnectivityDetectorInitialized: true, mTimeWhenLastForegrounded: 513758617, getElapsedTime: 513758617, mTimeWhenLastOfflineNotificationReceived: 0, mTimeWhenLastOnline: 511207411, mApplicationState: 1, mIsOfflineLastReportedByConnectivityDetector: false, mIsEffectivelyOffline: false
2021-07-10 17:36:43.438 4498-4498/? I/cr_OfflineDetector: updateState(): timeSinceLastForeground: 0, timeSinceOfflineNotificationReceived: 513758617, timeSinceLastOnline: 2551206, timeNeededForForeground: 2000, timeNeededForOffline: -513756617
2021-07-10 17:36:43.443 3588-3710/? E/nightwatch-target: lmkd signal waiters
2021-07-10 17:36:43.477 3913-15484/? D/DevicePolicyManagerService: PfW getPlayForWorkProxy() 0
2021-07-10 17:36:43.479 4519-4519/? D/ViewRootImpl@70b6e56[Bouncer]: mHardwareRenderer.destroy()#1
2021-07-10 17:36:43.481 3913-15479/? V/WindowManager: Relayout Window{f676c09d0 u0 Bouncer}: viewVisibility=4 req=720x0 WM.LayoutParams{(0,0)(fillx0) gr=#30 sim=#10 ty=2014 fl=#81000148 fmt=-3 or=5 vsysui=0x600 if=0x4 userActivityTimeout=10000 screenDimDuration=0 naviIconColor=0 sfl=0x40000}
2021-07-10 17:36:43.489 3913-15484/? D/DevicePolicyManagerService: PfW getPlayForWorkProxy() flags & FLAG_ALLOW_PROXY_FOR_PFW 0
2021-07-10 17:36:43.489 3913-15484/? D/DevicePolicyManagerService: PfW getPlayForWorkProxy() flag 0 does not allow PfW
2021-07-10 17:36:43.499 3913-27048/? D/DevicePolicyManagerService: PfW getPlayForWorkProxy() 0
2021-07-10 17:36:43.501 3913-27048/? D/DevicePolicyManagerService: PfW getPlayForWorkProxy() flags & FLAG_ALLOW_PROXY_FOR_PFW 0
2021-07-10 17:36:43.501 3913-27048/? D/DevicePolicyManagerService: PfW getPlayForWorkProxy() flag 0 does not allow PfW
2021-07-10 17:36:43.502 3913-6137/? D/DevicePolicyManagerService: PfW getPlayForWorkProxy() 0
2021-07-10 17:36:43.504 3913-6137/? D/DevicePolicyManagerService: PfW getPlayForWorkProxy() flags & FLAG_ALLOW_PROXY_FOR_PFW 0
2021-07-10 17:36:43.505 3913-6137/? D/DevicePolicyManagerService: PfW getPlayForWorkProxy() flag 0 does not allow PfW
2021-07-10 17:36:43.506 3913-6139/? D/DevicePolicyManagerService: PfW getPlayForWorkProxy() 0
2021-07-10 17:36:43.508 3913-6139/? D/DevicePolicyManagerService: PfW getPlayForWorkProxy() flags & FLAG_ALLOW_PROXY_FOR_PFW 0
2021-07-10 17:36:43.508 3913-6139/? D/DevicePolicyManagerService: PfW getPlayForWorkProxy() flag 0 does not allow PfW
2021-07-10 17:36:43.528 3753-4291/? V/audio_hw_primary: select_devices() output_route "media-speaker" 
2021-07-10 17:36:43.528 3753-4291/? I/audio_route: > audio_route_apply_path : "gain-media-speaker"
2021-07-10 17:36:43.528 3753-4291/? V/audio_hw_primary: select_devices() output_gain "gain-media-speaker" 
2021-07-10 17:36:43.528 3753-4291/? I/audio_route: > audio_route_update_mixer : +
2021-07-10 17:36:43.528 3753-4291/? I/audio_route: > audio_route_update_mixer : changed(0) -
2021-07-10 17:36:43.528 3753-4291/? I/audio_hw_primary: select_devices - 
2021-07-10 17:36:43.528 3753-4291/? V/audio_hw_primary: start_output_stream-
2021-07-10 17:36:43.547 3913-15479/? I/WindowManager_SurfaceController: Destroying surface Surface(name=Bouncer) called by com.android.server.wm.WindowStateAnimator.destroySurface:3074 com.android.server.wm.WindowStateAnimator.destroySurfaceLocked:1138 com.android.server.wm.WindowState.destroyOrSaveSurface:2844 com.android.server.wm.WindowManagerService.tryStartExitingAnimation:3773 com.android.server.wm.WindowManagerService.relayoutWindow:3574 com.android.server.wm.Session.relayout:240 android.view.IWindowSession$Stub.onTransact:288 com.android.server.wm.Session.onTransact:161 
2021-07-10 17:36:43.547 2383-3724/? I/SurfaceFlinger: id=6256 Removed Bouncer (7/7)
2021-07-10 17:36:43.548 2383-5032/? I/SurfaceFlinger: id=6256 Removed Bouncer (-2/7)
2021-07-10 17:36:43.549 3913-3944/? D/WindowManager: set systemUiVisibility of statusbar : systemUiFlags= 0x2608 fullscreenStackSysUiFlag= 0x2000
2021-07-10 17:36:43.550 3913-15479/? V/WindowManager: rotationForOrientationLw(orient=-1, last=0); user=0 USER_ROTATION_LOCKED sensorRotation=-1 mLidState=-1 mDockMode=0 mHdmiPlugged=false
2021-07-10 17:36:43.551 3753-4291/? D/AudioFlinger: mixer(0xecb03040) Spend too much time to write: delta 233(effect 1, stage 0)
2021-07-10 17:36:43.556 3913-5363/? D/MountService: getExternalStorageMountMode : 1
2021-07-10 17:36:43.556 3913-5363/? D/MountService: getExternalStorageMountMode : 3
2021-07-10 17:36:43.556 3913-5363/? D/MountService: getExternalStorageMountMode : final mountMode=1, uid : 10082, packageName : com.sec.android.app.chromecustomizations
2021-07-10 17:36:43.559 3913-15479/? D/InputDispatcher: Focus left window: 4519
2021-07-10 17:36:43.559 3913-15479/? D/InputDispatcher: Focus entered window: 4498
2021-07-10 17:36:43.559 3913-15479/? D/PowerManagerService: [api] setUserActivityTimeoutOverrideFromWindowManagerInternal: timeoutMillis: -1, dimDurationMillis: -1
2021-07-10 17:36:43.559 3913-15479/? D/PowerManagerService: [s] getScreenOffTimeoutLocked: 10000 -> 30000
2021-07-10 17:36:43.562 4519-4519/? D/ViewRootImpl@70b6e56[Bouncer]: Relayout returned: oldFrame=[0,0][720,1280] newFrame=[0,0][720,0] result=0x5 surface={isValid=false 0} surfaceGenerationChanged=true
2021-07-10 17:36:43.563 4519-4519/? D/KeyguardUpdateMonitor: handleKeyguardBouncerChanged(0)
2021-07-10 17:36:43.563 4519-4519/? D/ServiceBoxPageResetTimer: cancelTimer() ServiceBoxPageResetTimer[F=true, ks=false, st=true, sb=false, b=false, c=false, ko=false, n=falsem=false]
2021-07-10 17:36:43.563 4519-4519/? D/KeyguardFingerPrint: shouldListenForFingerprint ( fingerprint is not enabled. ) 
2021-07-10 17:36:43.563 4519-4519/? E/KeyguardFingerPrint: updateFingerprintListeningState#mFingerprintRunningState = 0
2021-07-10 17:36:43.563 4519-4519/? E/KeyguardFingerPrint: stopListeningForFingerprint()
2021-07-10 17:36:43.563 4519-4519/? D/KeyguardUpdateMonitor: handleKeyguardStateUpdated(Bundle[{timeStamp=1625913403346, occluded=false, bouncerShowing=false, showing=false}])
2021-07-10 17:36:43.569 4519-8299/? D/KeyguardUpdateMonitor: broadcasted intent= Intent { act=com.samsung.keyguard.KEYGUARD_STATE_UPDATE launchParam=MultiScreenLaunchParams { mDisplayId=0 mBaseDisplayId=0 mFlags=0 } (has extras) }
2021-07-10 17:36:43.581 8300-8300/? E/Zygote: v2
2021-07-10 17:36:43.581 8300-8300/? I/libpersona: KNOX_SDCARD checking this for 10082
2021-07-10 17:36:43.581 8300-8300/? I/libpersona: KNOX_SDCARD not a persona
2021-07-10 17:36:43.583 8300-8300/? E/Zygote: accessInfo : 0
2021-07-10 17:36:43.584 3913-5363/? I/ActivityManager: Start proc 8300:com.sec.android.app.chromecustomizations/u0a82 for content provider com.sec.android.app.chromecustomizations/com.sec.samsung.android.chromecustomizations.chromecustomizationprovider
2021-07-10 17:36:43.584 8300-8300/? W/SELinux: SELinux selinux_android_compute_policy_index : Policy Index[2],  Con:u:r:zygote:s0 RAM:SEPF_SECMOBILE_7.0_0010, [-1 -1 -1 -1 0 1]
2021-07-10 17:36:43.586 8300-8300/? I/SELinux: SELinux: seapp_context_lookup: seinfo=platform, level=s0:c512,c768, pkgname=com.sec.android.app.chromecustomizations 
2021-07-10 17:36:43.594 4519-4519/? D/vol.SecVolumeDialog: mBroadcastReceiver : dismiss mLockScreenDialog()
2021-07-10 17:36:43.603 4519-4519/? I/KeyguardServiceBoxContainer: onReceive : android.intent.action.USER_PRESENT
2021-07-10 17:36:43.603 4519-4519/? I/KeyguardServiceBoxContainer: Go to the clock page due to unlocking
2021-07-10 17:36:43.604 4519-4519/? D/PhoneStatusBar: disable: < expand icons alerts system_info back home* recent* clock search* quick_settings >
2021-07-10 17:36:43.604 4519-4519/? D/ViewRootImpl@70b6e56[Bouncer]: MSG_WINDOW_FOCUS_CHANGED 0
2021-07-10 17:36:43.618 3913-5358/? I/ActivityManager: DSS on for com.sec.android.app.chromecustomizations and scale is 1.0
2021-07-10 17:36:43.658 8300-8300/? I/art: Starting a blocking GC AddRemoveAppImageSpace
2021-07-10 17:36:43.692 4519-4519/? D/PhoneStatusBar: setBarState: KGRD -> SHD
2021-07-10 17:36:43.693 3913-6148/? I/Sensors: ProximitySensor enable: mEnabled 1, handle 3, en 0
2021-07-10 17:36:43.699 4519-4519/? D/SensorManager: unregisterListener ::   
2021-07-10 17:36:43.699 4519-4519/? I/StatusBarWindowManager: isExpanded:true, false, false, true, false, false
2021-07-10 17:36:43.699 4519-4519/? I/StatusBarWindowManager: applyHeight:-1
2021-07-10 17:36:43.699 4519-4519/? D/StatusBar-Window: Bouncer LP changed!!! = 0x4000, height = 0
2021-07-10 17:36:43.722 3913-3913/? D/AccessibilityManagerService: readMagniferWindowEnabledSettingLocked() magniferWindowEnabled = false/ userState.mIsMagniferWindowEnabled = false
2021-07-10 17:36:43.723 3913-3913/? D/KnoxVpnEngineService: Vpn Receiver : android.intent.action.USER_PRESENT
2021-07-10 17:36:43.729 3913-4353/? I/KnoxVpnEngineService: vpn handle : Message received
2021-07-10 17:36:43.730 3913-3913/? D/LightsService: [api] [SvcLED] turnOff:: id = 6 (uid: 1000 pid: 3913) 
2021-07-10 17:36:43.730 3913-3913/? D/PowerManagerUtil: fileWriteString to /sys/power/wake_lock, LightsService
2021-07-10 17:36:43.732 3913-3913/? D/LightsService: [SvcLED] setSvcLedStateLocked:: SvcLEDState : 0x0 -> 0x0 | SvcLED(id=6) set Off
2021-07-10 17:36:43.732 3913-4009/? D/LightsService: [SvcLED] handleForcedSvcLEDTask()
2021-07-10 17:36:43.732 3913-4009/? D/LightsService: [SvcLED]  setSvcLedLightLocked :: Current SvcLED(id=5) maintains its priority right
2021-07-10 17:36:43.733 3913-4009/? D/PowerManagerUtil: fileWriteString to /sys/power/wake_unlock, LightsService
2021-07-10 17:36:43.733 3913-3913/? I/MdnieScenarioControlService: action  :  android.intent.action.USER_PRESENT
2021-07-10 17:36:43.735 3913-3913/? D/MdnieScenarioControlService:  packageName : com.android.chrome    className : com.google.android.apps.chrome.Main
2021-07-10 17:36:43.736 3913-4421/? D/GameManagerService: handleUserPresent()
2021-07-10 17:36:43.736 3913-3913/? D/UniversalCredentialManagerService: ****MSG_LOCK_STATUS_UPDATE block started****
2021-07-10 17:36:43.736 3913-3913/? D/UniversalCredentialManagerService: notifyChangeToPlugin is called for Lock status update...
2021-07-10 17:36:43.736 3913-3913/? D/UcmService: notifyChangeToPlugin event 16
2021-07-10 17:36:43.736 3913-3913/? D/UcmService: checkCallerPermissionFor is called for method-notifyChangeToPlugin
2021-07-10 17:36:43.736 3913-3913/? D/UniversalCredentialManagerService: ****MSG_LOCK_STATUS_UPDATE block ended****
2021-07-10 17:36:43.739 3913-3913/? D/CustomFrequencyManagerService: releaseDVFSLockLocked : Getting Lock type frm List : DVFS_MIN_LIMIT  frequency : 757000  uid : 1000  pid : 3913  tag : GESTURE_DETECTED@CPU_MIN@52
2021-07-10 17:36:43.740 3913-3913/? D/GlobalActions: mBroadcastReceiver : onReceive : com.samsung.keyguard.KEYGUARD_STATE_UPDATE
2021-07-10 17:36:43.749 3913-4935/? D/TelephonyManager: getCellLocation : Caller (PID / UID / TID): 3913 / 1000 / 4935
2021-07-10 17:36:43.764 3913-4935/? D/SLocation: handleUpdateLocationTimeout
2021-07-10 17:36:43.780 4519-4519/? I/StatusBarWindowManager: isExpanded:true, false, false, false, false, false
2021-07-10 17:36:43.780 4519-4519/? I/StatusBarWindowManager: applyHeight:48
2021-07-10 17:36:43.783 4519-4519/? D/KeyguardWallpaperController: mShowing=false, mOccluded=false, mFadingAway=false, match_parent=true
2021-07-10 17:36:43.787 4519-4519/? D/PhoneStatusBar: onAnimationEnd
2021-07-10 17:36:43.788 3913-15480/? V/WindowManager: Relayout Window{f676c09d0 u0 Bouncer}: viewVisibility=4 req=720x0 WM.LayoutParams{(0,0)(fillx0) gr=#30 sim=#10 ty=2014 fl=#81000148 fmt=-3 or=5 vsysui=0x600 if=0x4 userActivityTimeout=10000 screenDimDuration=0 naviIconColor=0 sfl=0x40000}
2021-07-10 17:36:43.791 4519-4680/? D/Tile.AirplaneModeTile: # of NON-poweroff( in servicestate) : 1
2021-07-10 17:36:43.791 4519-4680/? D/Tile.AirplaneModeTile:  handleUpdateState:  value false  state.dim false
2021-07-10 17:36:43.798 4519-4519/? D/ViewRootImpl@70b6e56[Bouncer]: Relayout returned: oldFrame=[0,0][720,0] newFrame=[0,0][720,0] result=0x1 surface={isValid=false 0} surfaceGenerationChanged=false
2021-07-10 17:36:43.813 3913-15484/? V/WindowManager: Relayout Window{64e17c2d0 u0 StatusBar}: viewVisibility=0 req=720x48 WM.LayoutParams{(0,0)(fillx48) gr=#30 sim=#10 ty=2000 fl=#81840048 fmt=-3 vsysui=0x600 naviIconColor=0 sfl=0x40000}
2021-07-10 17:36:43.814 4498-4498/? I/Choreographer: Skipped 35 frames!  The application may be doing too much work on its main thread.
2021-07-10 17:36:43.822 3753-3829/? I/APM_AudioPolicyManager: stopOutput() output 21, stream 1, session 8753
2021-07-10 17:36:43.828 3913-3913/? D/WifiTrafficPoller: notifyOnDataActivity() - mBusMaxLock.acquire()
2021-07-10 17:36:43.831 4519-4519/? D/ViewRootImpl@622e18[StatusBar]: Relayout returned: oldFrame=[0,0][720,1280] newFrame=[0,0][720,48] result=0x21 surface={isValid=true -977491968} surfaceGenerationChanged=false
2021-07-10 17:36:43.839 4519-4618/? D/mali_winsys: EGLint new_window_surface(egl_winsys_display*, void*, EGLSurface, EGLConfig, egl_winsys_surface**, egl_color_buffer_format*, EGLBoolean) returns 0x3000,  [720x48]-format:1
2021-07-10 17:36:43.840 4519-4519/? D/ViewRootImpl@622e18[StatusBar]: mHardwareRenderer.updateSurface() mSurface={isValid=true -977491968}
2021-07-10 17:36:43.847 4519-4519/? D/KeyguardWallpaperController: onLayoutChange() v: com.android.systemui.statusbar.BackDropView{707cc28 I.E...... ......ID 0,0-720,48 #7f13044b app:id/backdrop}, bottom : 48, oldBottom : 1280
2021-07-10 17:36:43.847 4519-4519/? D/KeyguardWallpaperController: mShowing=false, mOccluded=false, mFadingAway=false, match_parent=false
2021-07-10 17:36:43.849 2208-2265/? E/nightwatch-target: lmkd signal waiters
2021-07-10 17:36:43.861 4519-4519/? W/View: requestLayout() improperly called by android.widget.TextView{f159b8c V.ED..... ......ID 0,1220-720,1280 #7f13042d app:id/notification_panel_carrier_label} during layout: running second layout pass
2021-07-10 17:36:43.861 4519-4519/? I/ViewRootImpl@622e18[StatusBar]: requestLayout is already in process
2021-07-10 17:36:43.874 3913-4364/? I/WifiHAL: Creating message to get link statistics
2021-07-10 17:36:43.876 3913-4364/? D/WifiHAL: response_handler called
2021-07-10 17:36:43.877 3913-4364/? D/WifiHAL: event len = 1108
2021-07-10 17:36:43.877 3913-4364/? I/WifiHAL: In GetLinkStatsCommand::handleResponse
2021-07-10 17:36:43.877 3913-4364/? I/WifiHAL: Id = 0, subcmd = 0
2021-07-10 17:36:43.877 3913-4364/? D/wifi: onLinkStatsResults: radio_stat.on_time = 0
2021-07-10 17:36:43.877 3913-4364/? D/wifi: onLinkStatsResults: radio_stat.tx_time = 0
2021-07-10 17:36:43.877 3913-4364/? D/wifi: onLinkStatsResults: radio_stat.rx_time = 0
2021-07-10 17:36:43.877 3913-4364/? D/WifiHAL: ack_handler called
2021-07-10 17:36:43.877 3913-4364/? D/wifi: android_net_wifi_getLinkLayerStats: radio_stat.on_time = 0
2021-07-10 17:36:43.877 3913-4364/? D/wifi: android_net_wifi_getLinkLayerStats: radio_stat.tx_time = 0
2021-07-10 17:36:43.877 3913-4364/? D/wifi: android_net_wifi_getLinkLayerStats: radio_stat.rx_time = 0
2021-07-10 17:36:43.880 3913-4364/? D/WifiStateMachine: Current network is: "test2" , ID is: 3
2021-07-10 17:36:43.895 3913-15481/? D/WindowManager: adjustSystemUiVisibilityLw : vis= 0x2608
2021-07-10 17:36:43.943 3588-3710/? E/nightwatch-target: lmkd signal waiters
2021-07-10 17:36:43.971 3913-5360/? D/ActivityManager: post active user change for 0 fullscreen true isHomeActivity() false
