2021-07-10 17:36:46.007 3913-4386/? D/ConnectivityService: sending notification CAP_CHANGED for NetworkRequest [ id=2974, legacyType=-1, [ Capabilities: INTERNET&NOT_RESTRICTED&TRUSTED] ]
2021-07-10 17:36:46.008 3913-4386/? D/ConnectivityService:  sending notification for NetworkRequest [ id=2976, legacyType=-1, [ Capabilities: INTERNET&NOT_RESTRICTED&TRUSTED&NOT_VPN] ]
2021-07-10 17:36:46.008 3913-4386/? D/ConnectivityService: sending notification CAP_CHANGED for NetworkRequest [ id=2976, legacyType=-1, [ Capabilities: INTERNET&NOT_RESTRICTED&TRUSTED&NOT_VPN] ]
2021-07-10 17:36:46.008 3913-4386/? D/ConnectivityService:  sending notification for NetworkRequest [ id=2977, legacyType=-1, [ Capabilities: INTERNET&NOT_RESTRICTED&TRUSTED&NOT_VPN] ]
2021-07-10 17:36:46.008 3913-4386/? D/ConnectivityService: sending notification CAP_CHANGED for NetworkRequest [ id=2977, legacyType=-1, [ Capabilities: INTERNET&NOT_RESTRICTED&TRUSTED&NOT_VPN] ]
2021-07-10 17:36:46.008 3913-4386/? D/ConnectivityService:  sending notification for NetworkRequest [ id=3001, legacyType=-1, [ Capabilities: INTERNET&NOT_RESTRICTED&TRUSTED&NOT_VPN] ]
2021-07-10 17:36:46.008 3913-4386/? D/ConnectivityService: sending notification CAP_CHANGED for NetworkRequest [ id=3001, legacyType=-1, [ Capabilities: INTERNET&NOT_RESTRICTED&TRUSTED&NOT_VPN] ]
2021-07-10 17:36:46.009 3913-4386/? D/ConnectivityService:  sending notification for NetworkRequest [ id=3003, legacyType=-1, [ Capabilities: INTERNET&NOT_RESTRICTED&TRUSTED] ]
2021-07-10 17:36:46.009 3913-4386/? D/ConnectivityService: sending notification CAP_CHANGED for NetworkRequest [ id=3003, legacyType=-1, [ Capabilities: INTERNET&NOT_RESTRICTED&TRUSTED] ]
2021-07-10 17:36:46.010 3913-25110/? D/CustomFrequencyManagerService: releaseDVFSLockLocked : Getting Lock type frm List : DVFS_MIN_LIMIT  frequency : 1274000  uid : 1000  pid : 3913  tag : com.sec.android.app.launcher@15
2021-07-10 17:36:46.015 3913-4386/? D/ConnectivityService:  sending notification for NetworkRequest [ id=3004, legacyType=-1, [ Transports: WIFI Capabilities: NOT_RESTRICTED&TRUSTED&NOT_VPN] ]
2021-07-10 17:36:46.015 3913-4386/? D/ConnectivityService: sending notification CAP_CHANGED for NetworkRequest [ id=3004, legacyType=-1, [ Transports: WIFI Capabilities: NOT_RESTRICTED&TRUSTED&NOT_VPN] ]
2021-07-10 17:36:46.016 3913-4415/? D/MdnieScenarioControlService:  packageName : com.sec.android.app.launcher    className : com.sec.android.app.launcher.activities.LauncherActivity
2021-07-10 17:36:46.016 3913-4415/? V/MdnieScenarioControlService: setUIMode from UI function(2)
2021-07-10 17:36:46.034 3913-15483/? D/WindowManager: finishDrawingWindow: Window{a09b823d0 u0 com.sec.android.app.launcher/com.sec.android.app.launcher.activities.LauncherActivity} mDrawState=HAS_DRAWN
2021-07-10 17:36:46.080 5382-5382/? D/StageManager: stageTransitionAnim onAnimationEnd
2021-07-10 17:36:46.081 5382-5382/? D/StageManager: dump stageview info : mode(1), visible(0) , alpha(1.000000)
2021-07-10 17:36:46.106 4498-4711/? I/cr_OPArchivePublisher: ADM threw while trying to remove a download. java.lang.IllegalArgumentException: input param 'ids' can't be null
2021-07-10 17:36:46.143 27805-28096/? I/A: There is a new client and it does not support opt-in. Dropping request.
2021-07-10 17:36:46.156 27805-27942/? W/A: Queue length for executor EventBus is now 11. Perhaps some tasks are too long, or the pool is too small.
2021-07-10 17:36:46.174 3913-4475/? D/SdpLogService.d: saveToFile() - FP : 1986249, FL : 1986249
2021-07-10 17:36:46.174 3913-4475/? D/SdpLogService.d: saveToFile() - Done Successfully!!!
2021-07-10 17:36:46.187 3913-3923/? I/art: Background partial concurrent mark sweep GC freed 216524(12MB) AllocSpace objects, 9(304KB) LOS objects, 21% free, 59MB/75MB, paused 25.635ms total 777.454ms
2021-07-10 17:36:46.216 3913-3995/? I/WindowManager_SurfaceController: Destroying surface Surface(name=SurfaceView - com.android.chrome/com.google.android.apps.chrome.Main) called by com.android.server.wm.WindowStateAnimator.destroySurface:3074 com.android.server.wm.WindowStateAnimator.destroySurfaceLocked:1138 com.android.server.wm.WindowState.destroyOrSaveSurface:2844 com.android.server.wm.AppWindowToken.destroySurfaces:429 com.android.server.wm.AppWindowToken.destroySurfaces:393 com.android.server.wm.WindowStateAnimator.finishExit:699 com.android.server.wm.WindowStateAnimator.finishExit:614 com.android.server.wm.AppWindowAnimator.stepAnimationLocked:562 
2021-07-10 17:36:46.217 2383-2389/? I/SurfaceFlinger: id=6247 Removed SurfaceView - com.android.chrome/com.google.android.apps.chrome.Main (4/7)
2021-07-10 17:36:46.217 2383-5032/? I/SurfaceFlinger: id=6248 Removed SurfaceView - com.android.chrome/com.google.android.apps.chrome.Main (3/6)
2021-07-10 17:36:46.218 3913-3995/? I/WindowManager_SurfaceController: Destroying surface Surface(name=com.android.chrome/com.google.android.apps.chrome.Main) called by com.android.server.wm.WindowStateAnimator.destroySurface:3074 com.android.server.wm.WindowStateAnimator.destroySurfaceLocked:1138 com.android.server.wm.WindowState.destroyOrSaveSurface:2844 com.android.server.wm.AppWindowToken.destroySurfaces:429 com.android.server.wm.AppWindowToken.destroySurfaces:393 com.android.server.wm.WindowStateAnimator.finishExit:699 com.android.server.wm.AppWindowAnimator.stepAnimationLocked:562 com.android.server.wm.WindowAnimator.updateAppWindowsLocked:228 
2021-07-10 17:36:46.218 2383-2387/? I/SurfaceFlinger: id=6249 Removed com.android.chrome/com.google.android.apps.chrome.Main (3/5)
2021-07-10 17:36:46.221 2383-2389/? I/SurfaceFlinger: id=6247 Removed SurfaceView - com.android.chrome/com.google.android.apps.chrome.Main (-2/5)
2021-07-10 17:36:46.221 2383-2389/? I/SurfaceFlinger: id=6249 Removed com.android.chrome/com.google.android.apps.chrome.Main (-2/5)
2021-07-10 17:36:46.221 2383-2389/? I/SurfaceFlinger: id=6248 Removed SurfaceView - com.android.chrome/com.google.android.apps.chrome.Main (-2/5)
2021-07-10 17:36:46.248 2485-31959/? I/Icing: IndexChimeraService.getServiceInterface callingPackage=com.google.android.googlequicksearchbox componentName=null serviceId=36
2021-07-10 17:36:46.271 27805-28096/? I/MicroDetectionState: Should stop hotword detection immediately - true
2021-07-10 17:36:46.316 5382-5641/? W/OpenGLRenderer: Incorrectly called buildLayer on View: WorkspaceCellLayoutChildren, destroying layer...
2021-07-10 17:36:46.317 5382-5641/? W/OpenGLRenderer: Incorrectly called buildLayer on View: WorkspaceCellLayoutChildren, destroying layer...
2021-07-10 17:36:46.323 2485-1666/? I/GmsCoreXrpcWrapper: Returning a channel provider with trafficStatsTag=12803 trafficStatsUid=-1
2021-07-10 17:36:46.354 2208-2265/? E/nightwatch-target: lmkd signal waiters
2021-07-10 17:36:46.358 2426-2426/? D/BoundBrokerSvc: onBind: Intent { act=com.google.android.gms.icing.LIGHTWEIGHT_INDEX_SERVICE cmp=com.google.android.gms/.chimera.PersistentApiService launchParam=MultiScreenLaunchParams { mDisplayId=0 mBaseDisplayId=0 mFlags=0 } }
2021-07-10 17:36:46.358 2426-2426/? D/BoundBrokerSvc: Loading bound service for intent: Intent { act=com.google.android.gms.icing.LIGHTWEIGHT_INDEX_SERVICE cmp=com.google.android.gms/.chimera.PersistentApiService launchParam=MultiScreenLaunchParams { mDisplayId=0 mBaseDisplayId=0 mFlags=0 } }
2021-07-10 17:36:46.399 2485-31959/? I/Icing: IndexChimeraService.getServiceInterface callingPackage=com.google.android.gms componentName=null serviceId=30
2021-07-10 17:36:46.425 3913-15484/? D/PackageManager: resolving Home intent, isUnlockingOrUnlocked : true
2021-07-10 17:36:46.448 3588-3710/? E/nightwatch-target: lmkd signal waiters
2021-07-10 17:36:46.597 2485-1666/? I/Icing: Usage reports ok 5, Failed Usage reports 0, indexed 4, rejected 0
2021-07-10 17:36:46.601 2485-1666/? I/GmsCoreXrpcWrapper: Returning a channel provider with trafficStatsTag=12803 trafficStatsUid=-1
2021-07-10 17:36:46.612 3913-5363/? D/PackageManager: resolving Home intent, isUnlockingOrUnlocked : true
2021-07-10 17:36:46.615 2485-1666/? I/Icing: Usage reports ok 0, Failed Usage reports 0, indexed 0, rejected 0
2021-07-10 17:36:46.619 2485-1666/? I/GmsCoreXrpcWrapper: Returning a channel provider with trafficStatsTag=12803 trafficStatsUid=-1
2021-07-10 17:36:46.626 2485-1666/? I/GmsCoreXrpcWrapper: Returning a channel provider with trafficStatsTag=12804 trafficStatsUid=-1
2021-07-10 17:36:46.631 2383-8226/? I/display: [PrimaryDisplay] [DYNAMIC_RECOMP] HWC_2_GLES by low FPS(0)
2021-07-10 17:36:46.672 5106-5106/? D/io_stats: !@ 179,0 r 18608563 396060657 w 3048120 51138216 d 458548 20257188 f 698414 698110 iot 11637870 11171421 th 51200 0 0 pt 0 inp 3 0 198387.913
2021-07-10 17:36:46.745 3753-4291/? I/audio_hw_primary: do_out_standby +
2021-07-10 17:36:46.745 3753-4291/? D/audio_hw_primary: output_devices devices:0
2021-07-10 17:36:46.745 3753-4291/? D/audio_hw_primary: output_devices devices:0
2021-07-10 17:36:46.745 3753-4291/? V/audio_hw_primary: select_devices output_scenario:-1 input_scenario:-1 out_snd_device 0x0 in_snd_device:0x0
2021-07-10 17:36:46.745 3753-4291/? I/audio_route: > audio_route_reset :
2021-07-10 17:36:46.745 3753-4291/? I/audio_route: > audio_route_update_mixer : +
2021-07-10 17:36:46.746 3753-4291/? I/audio_route: > audio_route_update_mixer : changed(4) -
2021-07-10 17:36:46.746 3753-4291/? I/audio_hw_primary: select_devices - 
2021-07-10 17:36:46.746 3753-4291/? I/audio_hw_primary: do_out_standby -
2021-07-10 17:36:46.833 3913-3913/? D/WifiTrafficPoller: notifyOnDataActivity() - mBusMaxLock.acquire()
2021-07-10 17:36:46.855 2208-2265/? E/nightwatch-target: lmkd signal waiters
2021-07-10 17:36:46.865 2383-2383/? I/display: [PrimaryDisplay] [DYNAMIC_RECOMP] first frame after HWC_2_GLES
2021-07-10 17:36:46.865 2383-2383/? I/display: [PrimaryDisplay] [DYNAMIC_RECOMP] GLES_2_HWC by high FPS(5)
2021-07-10 17:36:46.869 3913-4332/? D/InputReader: Input event(3): value=1 when=198388110825000
2021-07-10 17:36:46.869 3913-4332/? I/InputReader: Touch event's action is 0x0 (deviceType=0) [pCnt=1, s=0.34270 ] when=198388110825000
2021-07-10 17:36:46.869 3913-4331/? I/InputDispatcher: Delivering touch to (4519): action: 0x4, toolType: 1
2021-07-10 17:36:46.869 3913-4331/? I/InputDispatcher: Delivering touch to (5382): action: 0x0, toolType: 1
2021-07-10 17:36:46.869 3913-4331/? I/InputDispatcher: Delivering touch to (4519): action: 0x0, toolType: 1
2021-07-10 17:36:46.870 5382-5382/? D/ViewRootImpl@286dde4[LauncherActivity]: ViewPostImeInputStage processPointer 0
2021-07-10 17:36:46.871 5382-5382/? I/System.out: Rect(0, 0 - 720, 92)
2021-07-10 17:36:46.881 3913-4364/? I/WifiHAL: Creating message to get link statistics
2021-07-10 17:36:46.883 3913-4364/? D/WifiHAL: response_handler called
2021-07-10 17:36:46.883 3913-4364/? D/WifiHAL: event len = 1108
2021-07-10 17:36:46.883 3913-4364/? I/WifiHAL: In GetLinkStatsCommand::handleResponse
2021-07-10 17:36:46.883 3913-4364/? I/WifiHAL: Id = 0, subcmd = 0
2021-07-10 17:36:46.883 3913-4364/? D/wifi: onLinkStatsResults: radio_stat.on_time = 0
2021-07-10 17:36:46.883 3913-4364/? D/wifi: onLinkStatsResults: radio_stat.tx_time = 0
2021-07-10 17:36:46.883 3913-4364/? D/wifi: onLinkStatsResults: radio_stat.rx_time = 0
2021-07-10 17:36:46.884 3913-4364/? D/WifiHAL: ack_handler called
2021-07-10 17:36:46.884 3913-4364/? D/wifi: android_net_wifi_getLinkLayerStats: radio_stat.on_time = 0
2021-07-10 17:36:46.884 3913-4364/? D/wifi: android_net_wifi_getLinkLayerStats: radio_stat.tx_time = 0
2021-07-10 17:36:46.884 3913-4364/? D/wifi: android_net_wifi_getLinkLayerStats: radio_stat.rx_time = 0
2021-07-10 17:36:46.886 3913-4364/? D/WifiStateMachine: Current network is: "test2" , ID is: 3
2021-07-10 17:36:46.886 3913-4364/? D/WifiStateMachine: Current network is still qualified due to heavy traffic, txSuccessRate=7.5 rxSuccessRate=9.5
2021-07-10 17:36:46.916 5382-29588/? D/ZeroPageController: setOffset - offsetX = 0, force = true
2021-07-10 17:36:46.917 3913-6149/? D/VirtualScreen: setOffset() set offset from uid -1 to 10069 force : true
2021-07-10 17:36:46.917 3913-6149/? D/VirtualScreen: setOffset() mXOffset : 0 mYOffset : 0
2021-07-10 17:36:46.932 5382-29588/? D/ZeroPageController: setOffset - offsetX = 0, force = true
2021-07-10 17:36:46.933 3913-15481/? D/VirtualScreen: setOffset() set offset from uid -1 to 10069 force : true
2021-07-10 17:36:46.933 3913-15481/? D/VirtualScreen: setOffset() mXOffset : 0 mYOffset : 0
2021-07-10 17:36:46.948 3588-3710/? E/nightwatch-target: lmkd signal waiters
2021-07-10 17:36:46.949 5382-29588/? D/ZeroPageController: setOffset - offsetX = 0, force = true
2021-07-10 17:36:46.950 3913-6146/? D/VirtualScreen: setOffset() set offset from uid -1 to 10069 force : true
2021-07-10 17:36:46.950 3913-6146/? D/VirtualScreen: setOffset() mXOffset : 0 mYOffset : 0
2021-07-10 17:36:46.966 5382-29588/? D/ZeroPageController: setOffset - offsetX = 0, force = true
2021-07-10 17:36:46.966 3913-5363/? D/VirtualScreen: setOffset() set offset from uid -1 to 10069 force : true
2021-07-10 17:36:46.966 3913-5363/? D/VirtualScreen: setOffset() mXOffset : 0 mYOffset : 0
2021-07-10 17:36:46.982 5382-29588/? D/ZeroPageController: setOffset - offsetX = 0, force = true
2021-07-10 17:36:46.983 3913-4996/? D/VirtualScreen: setOffset() set offset from uid -1 to 10069 force : true
2021-07-10 17:36:46.983 3913-4996/? D/VirtualScreen: setOffset() mXOffset : 0 mYOffset : 0
2021-07-10 17:36:47.000 5382-29588/? D/ZeroPageController: setOffset - offsetX = 0, force = true
2021-07-10 17:36:47.000 3913-5361/? D/VirtualScreen: setOffset() set offset from uid -1 to 10069 force : true
2021-07-10 17:36:47.001 3913-5361/? D/VirtualScreen: setOffset() mXOffset : 0 mYOffset : 0
2021-07-10 17:36:47.016 5382-29588/? D/ZeroPageController: setOffset - offsetX = 0, force = true
2021-07-10 17:36:47.016 3913-6147/? D/VirtualScreen: setOffset() set offset from uid -1 to 10069 force : true
2021-07-10 17:36:47.016 3913-6147/? D/VirtualScreen: setOffset() mXOffset : 0 mYOffset : 0
2021-07-10 17:36:47.032 5382-29588/? D/ZeroPageController: setOffset - offsetX = 0, force = true
2021-07-10 17:36:47.033 3913-5323/? D/VirtualScreen: setOffset() set offset from uid -1 to 10069 force : true
2021-07-10 17:36:47.033 3913-5323/? D/VirtualScreen: setOffset() mXOffset : 0 mYOffset : 0
2021-07-10 17:36:47.034 3913-4332/? D/InputReader: Input event(3): value=0 when=198388276662000
2021-07-10 17:36:47.035 3913-4332/? I/InputReader: Touch event's action is 0x1 (deviceType=0) [pCnt=1, s=] when=198388276662000
2021-07-10 17:36:47.035 3913-4331/? I/InputDispatcher: Delivering touch to (5382): action: 0x1, toolType: 1
2021-07-10 17:36:47.035 3913-4331/? I/InputDispatcher: Delivering touch to (4519): action: 0x1, toolType: 1
2021-07-10 17:36:47.035 5382-5382/? D/ViewRootImpl@286dde4[LauncherActivity]: ViewPostImeInputStage processPointer 1
2021-07-10 17:36:47.036 3913-7145/? D/GameManagerService: identifyGamePackage. com.sec.android.app.launcher
2021-07-10 17:36:47.036 3913-7145/? D/GamePkgDataHelper: getGamePkgData(). com.sec.android.app.launcher
2021-07-10 17:36:47.037 3913-7145/? D/CustomFrequencyManagerService: acquireDVFSLockLocked : type : DVFS_MIN_LIMIT  frequency : 757000  uid : 1000  pid : 3913  pkgName : GESTURE_DETECTED@CPU_MIN@52
2021-07-10 17:36:47.038 5382-5512/? D/SamsungAnalytics:1.09.035: [QueueManager] queue size over. remove oldest log
2021-07-10 17:36:47.038 5382-5512/? D/SamsungAnalytics:1.09.035: [DLCBinder] already send register request
2021-07-10 17:36:47.201 3913-5360/? D/CustomFrequencyManagerService: acquireDVFSLockLocked : type : DVFS_MIN_LIMIT  frequency : 1274000  uid : 1000  pid : 3913  pkgName : com.sec.android.app.launcher@15
2021-07-10 17:36:47.235 3913-6151/? D/CustomFrequencyManagerService: releaseDVFSLockLocked : Getting Lock type frm List : DVFS_MIN_LIMIT  frequency : 1274000  uid : 1000  pid : 3913  tag : com.sec.android.app.launcher@15
2021-07-10 17:36:47.356 2208-2265/? E/nightwatch-target: lmkd signal waiters
2021-07-10 17:36:47.401 5382-5382/? D/Launcher: setHotWordDetection : call requestHotwordDetection false
2021-07-10 17:36:47.449 3588-3710/? E/nightwatch-target: lmkd signal waiters
2021-07-10 17:36:47.722 3913-7145/? D/SSRM:v: SIOP:: AP = 390, PST = 375 (W:24), BAT = 342, CHG = 0
2021-07-10 17:36:47.820 3913-4332/? D/InputReader: Input event(3): value=1 when=198389062537000
2021-07-10 17:36:47.821 3913-4332/? I/InputReader: Touch event's action is 0x0 (deviceType=0) [pCnt=1, s=0.34271 ] when=198389062537000
2021-07-10 17:36:47.821 3913-4331/? I/InputDispatcher: Delivering touch to (4519): action: 0x4, toolType: 1
2021-07-10 17:36:47.821 3913-4331/? I/InputDispatcher: Delivering touch to (5382): action: 0x0, toolType: 1
2021-07-10 17:36:47.821 3913-4331/? I/InputDispatcher: Delivering touch to (4519): action: 0x0, toolType: 1
2021-07-10 17:36:47.821 5382-5382/? D/ViewRootImpl@286dde4[LauncherActivity]: ViewPostImeInputStage processPointer 0
2021-07-10 17:36:47.822 5382-5382/? I/System.out: Rect(0, 0 - 720, 92)
2021-07-10 17:36:47.834 3913-3913/? D/WifiTrafficPoller: notifyOnDataActivity() - mBusMaxLock.acquire()
2021-07-10 17:36:47.856 2208-2265/? E/nightwatch-target: lmkd signal waiters
2021-07-10 17:36:47.881 5382-5382/? D/AppsDragController: needDeferToBind : true , false
2021-07-10 17:36:47.881 5382-5382/? D/Launcher.AppsPagedView: drawChild, mUpdateOnlyCurrentPage && !mIsPageMoving && !currentPage => draw skip!
2021-07-10 17:36:47.900 5382-5382/? D/HomeContainer: setAlpha : 0.8791963
2021-07-10 17:36:47.919 5382-5382/? D/HomeContainer: setAlpha : 0.76059306
2021-07-10 17:36:47.935 5382-5382/? D/HomeContainer: setAlpha : 0.50260603
2021-07-10 17:36:47.949 3588-3710/? E/nightwatch-target: lmkd signal waiters
2021-07-10 17:36:47.952 5382-5382/? D/HomeContainer: setAlpha : 0.3628577
2021-07-10 17:36:47.953 3913-4332/? D/InputReader: Input event(3): value=0 when=198389195278000
2021-07-10 17:36:47.953 3913-4332/? I/InputReader: Touch event's action is 0x1 (deviceType=0) [pCnt=1, s=] when=198389195278000
2021-07-10 17:36:47.953 3913-4331/? I/InputDispatcher: Delivering touch to (5382): action: 0x1, toolType: 1
2021-07-10 17:36:47.954 3913-4331/? I/InputDispatcher: Delivering touch to (4519): action: 0x1, toolType: 1
2021-07-10 17:36:47.955 3913-7145/? D/CustomFrequencyManagerService: acquireDVFSLockLocked : type : DVFS_MIN_LIMIT  frequency : 757000  uid : 1000  pid : 3913  pkgName : GESTURE_DETECTED@CPU_MIN@52
2021-07-10 17:36:47.955 5382-5382/? D/ViewRootImpl@286dde4[LauncherActivity]: ViewPostImeInputStage processPointer 1
2021-07-10 17:36:47.956 5382-5382/? D/TrayManager: ACTION_UP : v = 1022.9297, -4171.682, threshold = 1000, scroll = false
2021-07-10 17:36:47.957 5382-5512/? D/SamsungAnalytics:1.09.035: [QueueManager] queue size over. remove oldest log
2021-07-10 17:36:47.957 5382-5512/? D/SamsungAnalytics:1.09.035: [DLCBinder] already send register request
2021-07-10 17:36:47.958 5382-5382/? D/HomeContainer: setAlpha : 0.3628577
2021-07-10 17:36:47.958 5382-5512/? D/SamsungAnalytics:1.09.035: [QueueManager] queue size over. remove oldest log
2021-07-10 17:36:47.958 5382-5512/? D/SamsungAnalytics:1.09.035: [DLCBinder] already send register request
2021-07-10 17:36:47.968 5382-5382/? D/HomeContainer: setAlpha : 0.3628577
2021-07-10 17:36:47.968 5382-5382/? D/HomeContainer: setAlpha : 0.3628577
2021-07-10 17:36:47.985 5382-5382/? D/HomeContainer: setAlpha : 0.11466253
2021-07-10 17:36:47.985 5382-5382/? D/HomeContainer: setAlpha : 0.11466253
2021-07-10 17:36:48.001 5382-5382/? D/HomeContainer: setAlpha : 0.0
2021-07-10 17:36:48.018 5382-5382/? D/HomeContainer: setAlpha : 0.0
2021-07-10 17:36:48.035 5382-5382/? D/HomeContainer: setAlpha : 0.0
2021-07-10 17:36:48.051 5382-5382/? D/HomeContainer: setAlpha : 0.0
2021-07-10 17:36:48.068 5382-5382/? D/HomeContainer: setAlpha : 0.0
2021-07-10 17:36:48.085 5382-5382/? D/HomeContainer: setAlpha : 0.0
2021-07-10 17:36:48.101 5382-5382/? D/HomeContainer: setAlpha : 0.0
2021-07-10 17:36:48.119 5382-5382/? D/HomeContainer: setAlpha : 0.0
2021-07-10 17:36:48.135 5382-5382/? D/HomeContainer: setAlpha : 0.0
2021-07-10 17:36:48.152 5382-5382/? D/HomeContainer: setAlpha : 0.0
2021-07-10 17:36:48.168 5382-5382/? D/HomeContainer: setAlpha : 0.0
2021-07-10 17:36:48.185 5382-5382/? D/HomeContainer: setAlpha : 0.0
2021-07-10 17:36:48.202 5382-5382/? D/HomeContainer: setAlpha : 0.0
2021-07-10 17:36:48.218 5382-5382/? D/HomeContainer: setAlpha : 0.0
2021-07-10 17:36:48.235 5382-5382/? D/HomeContainer: setAlpha : 0.0
2021-07-10 17:36:48.252 5382-5382/? D/HomeContainer: setAlpha : 0.0
2021-07-10 17:36:48.269 5382-5382/? D/HomeContainer: setAlpha : 0.0
2021-07-10 17:36:48.285 5382-5382/? D/HomeContainer: setAlpha : 0.0
2021-07-10 17:36:48.302 5382-5382/? D/HomeContainer: setAlpha : 0.0
2021-07-10 17:36:48.319 5382-5382/? D/HomeContainer: setAlpha : 0.0
2021-07-10 17:36:48.335 5382-5382/? D/HomeContainer: setAlpha : 0.0
2021-07-10 17:36:48.352 5382-5382/? D/HomeContainer: setAlpha : 0.0
2021-07-10 17:36:48.357 2208-2265/? E/nightwatch-target: lmkd signal waiters
2021-07-10 17:36:48.369 5382-5382/? D/HomeContainer: setAlpha : 0.0
2021-07-10 17:36:48.385 5382-5382/? D/BixbyApi_0.2.7: isBixbySupported:false
2021-07-10 17:36:48.386 5382-5382/? D/HomeContainer: setAlpha : 0.0
2021-07-10 17:36:48.387 5382-5382/? D/Launcher: setHotWordDetection : call requestHotwordDetection false
2021-07-10 17:36:48.389 5382-5382/? D/HomeContainer: setVisibility : 8
2021-07-10 17:36:48.450 3588-3710/? E/nightwatch-target: lmkd signal waiters
2021-07-10 17:36:48.694 5382-5382/? D/Launcher.HomeController: canCapture false
2021-07-10 17:36:48.694 5382-5382/? D/CapturePreview: startCaptureScreen fail : com.android.launcher3.home.HomeController$40@8a7feb8
2021-07-10 17:36:48.733 2383-8226/? I/display: [PrimaryDisplay] [DYNAMIC_RECOMP] HWC_2_GLES by low FPS(0)
2021-07-10 17:36:48.837 3913-3913/? D/WifiTrafficPoller: notifyOnDataActivity() - mBusMaxLock.acquire()
2021-07-10 17:36:48.857 2208-2265/? E/nightwatch-target: lmkd signal waiters
2021-07-10 17:36:48.950 3588-3710/? E/nightwatch-target: lmkd signal waiters
2021-07-10 17:36:48.951 3913-3913/? D/CustomFrequencyManagerService: releaseDVFSLockLocked : Getting Lock type frm List : DVFS_MIN_LIMIT  frequency : 757000  uid : 1000  pid : 3913  tag : GESTURE_DETECTED@CPU_MIN@52
2021-07-10 17:36:49.073 3913-4332/? D/InputReader: Input event(3): value=1 when=198390315462000
2021-07-10 17:36:49.073 3913-4332/? I/InputReader: Touch event's action is 0x0 (deviceType=0) [pCnt=1, s=0.34272 ] when=198390315462000
2021-07-10 17:36:49.074 3913-4331/? I/InputDispatcher: Delivering touch to (4519): action: 0x4, toolType: 1
2021-07-10 17:36:49.074 3913-4331/? I/InputDispatcher: Delivering touch to (5382): action: 0x0, toolType: 1
2021-07-10 17:36:49.074 3913-4331/? I/InputDispatcher: Delivering touch to (4519): action: 0x0, toolType: 1
2021-07-10 17:36:49.074 5382-5382/? D/ViewRootImpl@286dde4[LauncherActivity]: ViewPostImeInputStage processPointer 0
2021-07-10 17:36:49.075 5382-5382/? I/System.out: Rect(0, 0 - 720, 150)
2021-07-10 17:36:49.120 2383-2383/? I/display: [PrimaryDisplay] [DYNAMIC_RECOMP] first frame after HWC_2_GLES
2021-07-10 17:36:49.120 2383-2383/? I/display: [PrimaryDisplay] [DYNAMIC_RECOMP] GLES_2_HWC by high FPS(5)
2021-07-10 17:36:49.137 5382-5382/? D/AppsDragController: needDeferToBind : true , false
2021-07-10 17:36:49.139 3913-4372/? D/CustomFrequencyManagerService: acquireDVFSLockLocked : type : DVFS_MIN_LIMIT  frequency : 1274000  uid : 1000  pid : 3913  pkgName : com.sec.android.app.launcher@15
2021-07-10 17:36:49.154 5382-5382/? D/AppsDragController: needDeferToBind : true , false
2021-07-10 17:36:49.156 3913-6138/? D/CustomFrequencyManagerService: acquireDVFSLockLocked : type : DVFS_MIN_LIMIT  frequency : 1274000  uid : 1000  pid : 3913  pkgName : com.sec.android.app.launcher@15
2021-07-10 17:36:49.171 5382-5382/? D/AppsDragController: needDeferToBind : true , false
2021-07-10 17:36:49.172 3913-6149/? D/CustomFrequencyManagerService: acquireDVFSLockLocked : type : DVFS_MIN_LIMIT  frequency : 1274000  uid : 1000  pid : 3913  pkgName : com.sec.android.app.launcher@15
2021-07-10 17:36:49.187 5382-5382/? D/AppsDragController: needDeferToBind : true , false
2021-07-10 17:36:49.189 3913-6152/? D/CustomFrequencyManagerService: acquireDVFSLockLocked : type : DVFS_MIN_LIMIT  frequency : 1274000  uid : 1000  pid : 3913  pkgName : com.sec.android.app.launcher@15
2021-07-10 17:36:49.189 3913-4332/? D/InputReader: Input event(3): value=0 when=198390431445000
2021-07-10 17:36:49.189 3913-4332/? I/InputReader: Touch event's action is 0x1 (deviceType=0) [pCnt=1, s=] when=198390431445000
2021-07-10 17:36:49.190 3913-4331/? I/InputDispatcher: Delivering touch to (5382): action: 0x1, toolType: 1
2021-07-10 17:36:49.190 3913-4331/? I/InputDispatcher: Delivering touch to (4519): action: 0x1, toolType: 1
2021-07-10 17:36:49.191 3913-7145/? D/CustomFrequencyManagerService: acquireDVFSLockLocked : type : DVFS_MIN_LIMIT  frequency : 757000  uid : 1000  pid : 3913  pkgName : GESTURE_DETECTED@CPU_MIN@52
2021-07-10 17:36:49.191 5382-5382/? D/ViewRootImpl@286dde4[LauncherActivity]: ViewPostImeInputStage processPointer 1
2021-07-10 17:36:49.192 5382-5382/? I/IconView: applyFromApplicationInfo - start GetLive : com.sec.android.app.clockpackage
2021-07-10 17:36:49.192 5382-5382/? I/IconView: applyFromApplicationInfo - end GetLive : com.sec.android.app.clockpackage
2021-07-10 17:36:49.195 5382-5948/? D/ApplicationPackageManager: we has com.sec.android.app.clockpackage class. reuse it 
2021-07-10 17:36:49.195 5382-5948/? D/LiveIconLoader: getLiveIcon was called in ClockPackage
2021-07-10 17:36:49.195 5382-5948/? D/LiveIconLoader: getLiveIcon res = com.sec.android.app.clockpackage
2021-07-10 17:36:49.196 5382-5948/? D/LiveIconLoader: stdIconSize : 96 , targetIconSize : 116
2021-07-10 17:36:49.196 5382-5948/? D/LiveIconLoader: mIconDpi : 480 , mTargetIconDpi : 320
2021-07-10 17:36:49.197 5382-5948/? D/Qmage: NewFromStream
2021-07-10 17:36:49.197 5382-5948/? D/Qmage: ParseHeader
2021-07-10 17:36:49.197 5382-5948/? D/Qmage: decode QG
2021-07-10 17:36:49.197 5382-5948/? D/Qmage: QuramQmageDecParseHeader s
2021-07-10 17:36:49.197 5382-5948/? D/Qmage: QuramQmageDecParseHeader e
2021-07-10 17:36:49.197 5382-5948/? D/Qmage: colorType 4
2021-07-10 17:36:49.197 5382-5948/? D/Qmage: kPremul_SkAlphaType
2021-07-10 17:36:49.198 5382-5948/? D/Qmage: requestedInfo kPremul_SkAlphaType
2021-07-10 17:36:49.198 5382-5948/? D/Qmage: requestedInfo k32_SkColorType
2021-07-10 17:36:49.198 5382-5948/? D/Qmage: conversion_possible s
2021-07-10 17:36:49.198 5382-5948/? D/Qmage: Qmage colorType: 4
2021-07-10 17:36:49.198 5382-5948/? D/Qmage: Qmage width height: 144, 144
2021-07-10 17:36:49.198 5382-5948/? D/Qmage: Qmage bpp: 4
2021-07-10 17:36:49.198 5382-5948/? D/Qmage: storage.reset: 82944
2021-07-10 17:36:49.198 5382-5948/? D/Qmage: SampleConf.Crop : 1
2021-07-10 17:36:49.198 5382-5948/? D/Qmage: SampleConf.Scale : 0
2021-07-10 17:36:49.198 5382-5948/? D/Qmage: QuramQmageDecodeFrame.start
2021-07-10 17:36:49.198 5382-5948/? I/QG: QuramQmageDecodeFrame 1.1.1 Start
2021-07-10 17:36:49.198 5382-5948/? I/QG: error check for QmageDecodeFrame start
2021-07-10 17:36:49.198 5382-5948/? I/QG: parsing for QmageDecodeFrame start
2021-07-10 17:36:49.198 5382-5948/? I/QG: Qmage_WDecodeFrame_Low start
2021-07-10 17:36:49.198 5382-5948/? I/QG: WCodec_decode start
2021-07-10 17:36:49.200 5382-5948/? I/QG: WCodec_decode end with 2
2021-07-10 17:36:49.200 5382-5948/? I/QG: Qmage_WDecodeFrame_Low end
2021-07-10 17:36:49.200 5382-5948/? D/Qmage: QuramQmageDecodeFrame.end
2021-07-10 17:36:49.200 5382-5948/? D/Qmage: destroyReadStruct
2021-07-10 17:36:49.204 5382-5382/? D/AppsDragController: needDeferToBind : true , false
2021-07-10 17:36:49.205 3913-4968/? D/CustomFrequencyManagerService: acquireDVFSLockLocked : type : DVFS_MIN_LIMIT  frequency : 1274000  uid : 1000  pid : 3913  pkgName : com.sec.android.app.launcher@15
2021-07-10 17:36:49.217 5382-5948/? I/ApplicationPackageManager: load= live icon for com.sec.android.app.clockpackage, from overlay = false
2021-07-10 17:36:49.220 5382-5382/? D/AppsDragController: needDeferToBind : true , false
2021-07-10 17:36:49.221 5382-5948/? I/LiveIconFactory: onFutureDone: done: com.sec.android.app.clockpackage,UserHandle{0}
2021-07-10 17:36:49.221 5382-5948/? D/LiveIconManager: onResponseLiveIcon: 
2021-07-10 17:36:49.221 3913-6151/? D/CustomFrequencyManagerService: acquireDVFSLockLocked : type : DVFS_MIN_LIMIT  frequency : 1274000  uid : 1000  pid : 3913  pkgName : com.sec.android.app.launcher@15
2021-07-10 17:36:49.237 5382-5382/? D/AppsDragController: needDeferToBind : true , false
2021-07-10 17:36:49.238 3913-4315/? D/CustomFrequencyManagerService: acquireDVFSLockLocked : type : DVFS_MIN_LIMIT  frequency : 1274000  uid : 1000  pid : 3913  pkgName : com.sec.android.app.launcher@15
2021-07-10 17:36:49.254 5382-5382/? D/AppsDragController: needDeferToBind : true , false
2021-07-10 17:36:49.255 3913-6149/? D/CustomFrequencyManagerService: acquireDVFSLockLocked : type : DVFS_MIN_LIMIT  frequency : 1274000  uid : 1000  pid : 3913  pkgName : com.sec.android.app.launcher@15
2021-07-10 17:36:49.270 5382-5382/? D/AppsDragController: needDeferToBind : true , false
2021-07-10 17:36:49.272 3913-6146/? D/CustomFrequencyManagerService: acquireDVFSLockLocked : type : DVFS_MIN_LIMIT  frequency : 1274000  uid : 1000  pid : 3913  pkgName : com.sec.android.app.launcher@15
2021-07-10 17:36:49.288 5382-5382/? D/AppsDragController: needDeferToBind : true , false
2021-07-10 17:36:49.289 3913-6150/? D/CustomFrequencyManagerService: acquireDVFSLockLocked : type : DVFS_MIN_LIMIT  frequency : 1274000  uid : 1000  pid : 3913  pkgName : com.sec.android.app.launcher@15
2021-07-10 17:36:49.304 5382-5382/? D/AppsDragController: needDeferToBind : true , false
2021-07-10 17:36:49.305 3913-6137/? D/CustomFrequencyManagerService: acquireDVFSLockLocked : type : DVFS_MIN_LIMIT  frequency : 1274000  uid : 1000  pid : 3913  pkgName : com.sec.android.app.launcher@15
2021-07-10 17:36:49.321 5382-5382/? D/AppsDragController: needDeferToBind : true , false
2021-07-10 17:36:49.322 3913-5323/? D/CustomFrequencyManagerService: acquireDVFSLockLocked : type : DVFS_MIN_LIMIT  frequency : 1274000  uid : 1000  pid : 3913  pkgName : com.sec.android.app.launcher@15
2021-07-10 17:36:49.337 5382-5382/? D/AppsDragController: needDeferToBind : true , false
2021-07-10 17:36:49.339 3913-15483/? D/CustomFrequencyManagerService: acquireDVFSLockLocked : type : DVFS_MIN_LIMIT  frequency : 1274000  uid : 1000  pid : 3913  pkgName : com.sec.android.app.launcher@15
2021-07-10 17:36:49.354 5382-5382/? D/AppsDragController: needDeferToBind : true , false
2021-07-10 17:36:49.355 3913-6151/? D/CustomFrequencyManagerService: acquireDVFSLockLocked : type : DVFS_MIN_LIMIT  frequency : 1274000  uid : 1000  pid : 3913  pkgName : com.sec.android.app.launcher@15
2021-07-10 17:36:49.358 2208-2265/? E/nightwatch-target: lmkd signal waiters
2021-07-10 17:36:49.371 5382-5382/? D/AppsDragController: needDeferToBind : true , false
2021-07-10 17:36:49.372 3913-4315/? D/CustomFrequencyManagerService: acquireDVFSLockLocked : type : DVFS_MIN_LIMIT  frequency : 1274000  uid : 1000  pid : 3913  pkgName : com.sec.android.app.launcher@15
2021-07-10 17:36:49.387 5382-5382/? D/AppsDragController: needDeferToBind : true , false
2021-07-10 17:36:49.388 3913-6149/? D/CustomFrequencyManagerService: acquireDVFSLockLocked : type : DVFS_MIN_LIMIT  frequency : 1274000  uid : 1000  pid : 3913  pkgName : com.sec.android.app.launcher@15
2021-07-10 17:36:49.404 5382-5382/? D/AppsDragController: needDeferToBind : true , false
2021-07-10 17:36:49.405 3913-6146/? D/CustomFrequencyManagerService: acquireDVFSLockLocked : type : DVFS_MIN_LIMIT  frequency : 1274000  uid : 1000  pid : 3913  pkgName : com.sec.android.app.launcher@15
2021-07-10 17:36:49.421 5382-5382/? D/AppsDragController: needDeferToBind : true , false
2021-07-10 17:36:49.422 3913-6150/? D/CustomFrequencyManagerService: acquireDVFSLockLocked : type : DVFS_MIN_LIMIT  frequency : 1274000  uid : 1000  pid : 3913  pkgName : com.sec.android.app.launcher@15
2021-07-10 17:36:49.437 5382-5382/? D/AppsDragController: needDeferToBind : true , false
2021-07-10 17:36:49.439 3913-6137/? D/CustomFrequencyManagerService: acquireDVFSLockLocked : type : DVFS_MIN_LIMIT  frequency : 1274000  uid : 1000  pid : 3913  pkgName : com.sec.android.app.launcher@15
2021-07-10 17:36:49.451 3588-3710/? E/nightwatch-target: lmkd signal waiters
2021-07-10 17:36:49.454 5382-5382/? D/AppsDragController: needDeferToBind : true , false
2021-07-10 17:36:49.455 3913-5323/? D/CustomFrequencyManagerService: acquireDVFSLockLocked : type : DVFS_MIN_LIMIT  frequency : 1274000  uid : 1000  pid : 3913  pkgName : com.sec.android.app.launcher@15
2021-07-10 17:36:49.471 5382-5382/? D/AppsDragController: needDeferToBind : true , false
2021-07-10 17:36:49.472 3913-15483/? D/CustomFrequencyManagerService: acquireDVFSLockLocked : type : DVFS_MIN_LIMIT  frequency : 1274000  uid : 1000  pid : 3913  pkgName : com.sec.android.app.launcher@15
2021-07-10 17:36:49.488 5382-5382/? D/AppsDragController: needDeferToBind : true , false
2021-07-10 17:36:49.489 3913-6151/? D/CustomFrequencyManagerService: acquireDVFSLockLocked : type : DVFS_MIN_LIMIT  frequency : 1274000  uid : 1000  pid : 3913  pkgName : com.sec.android.app.launcher@15
2021-07-10 17:36:49.504 5382-5382/? D/AppsDragController: needDeferToBind : true , false
2021-07-10 17:36:49.505 3913-4315/? D/CustomFrequencyManagerService: acquireDVFSLockLocked : type : DVFS_MIN_LIMIT  frequency : 1274000  uid : 1000  pid : 3913  pkgName : com.sec.android.app.launcher@15
2021-07-10 17:36:49.521 5382-5382/? D/AppsDragController: needDeferToBind : true , false
2021-07-10 17:36:49.522 3913-6149/? D/CustomFrequencyManagerService: acquireDVFSLockLocked : type : DVFS_MIN_LIMIT  frequency : 1274000  uid : 1000  pid : 3913  pkgName : com.sec.android.app.launcher@15
2021-07-10 17:36:49.538 5382-5382/? D/AppsDragController: needDeferToBind : true , false
2021-07-10 17:36:49.539 3913-6146/? D/CustomFrequencyManagerService: acquireDVFSLockLocked : type : DVFS_MIN_LIMIT  frequency : 1274000  uid : 1000  pid : 3913  pkgName : com.sec.android.app.launcher@15
2021-07-10 17:36:49.554 5382-5382/? D/AppsDragController: needDeferToBind : true , false
2021-07-10 17:36:49.555 3913-6150/? D/CustomFrequencyManagerService: acquireDVFSLockLocked : type : DVFS_MIN_LIMIT  frequency : 1274000  uid : 1000  pid : 3913  pkgName : com.sec.android.app.launcher@15
2021-07-10 17:36:49.571 5382-5382/? D/AppsDragController: needDeferToBind : true , false
2021-07-10 17:36:49.572 3913-6137/? D/CustomFrequencyManagerService: acquireDVFSLockLocked : type : DVFS_MIN_LIMIT  frequency : 1274000  uid : 1000  pid : 3913  pkgName : com.sec.android.app.launcher@15
2021-07-10 17:36:49.588 5382-5382/? D/AppsDragController: needDeferToBind : true , false
2021-07-10 17:36:49.589 3913-5323/? D/CustomFrequencyManagerService: acquireDVFSLockLocked : type : DVFS_MIN_LIMIT  frequency : 1274000  uid : 1000  pid : 3913  pkgName : com.sec.android.app.launcher@15
2021-07-10 17:36:49.604 5382-5382/? D/AppsDragController: needDeferToBind : true , false
2021-07-10 17:36:49.605 3913-15483/? D/CustomFrequencyManagerService: acquireDVFSLockLocked : type : DVFS_MIN_LIMIT  frequency : 1274000  uid : 1000  pid : 3913  pkgName : com.sec.android.app.launcher@15
2021-07-10 17:36:49.621 5382-5382/? D/AppsDragController: needDeferToBind : true , false
2021-07-10 17:36:49.622 3913-6151/? D/CustomFrequencyManagerService: acquireDVFSLockLocked : type : DVFS_MIN_LIMIT  frequency : 1274000  uid : 1000  pid : 3913  pkgName : com.sec.android.app.launcher@15
2021-07-10 17:36:49.638 5382-5382/? D/AppsDragController: needDeferToBind : true , false
2021-07-10 17:36:49.639 3913-4315/? D/CustomFrequencyManagerService: acquireDVFSLockLocked : type : DVFS_MIN_LIMIT  frequency : 1274000  uid : 1000  pid : 3913  pkgName : com.sec.android.app.launcher@15
2021-07-10 17:36:49.641 3913-4332/? D/InputReader: Input event(3): value=1 when=198390882965000
2021-07-10 17:36:49.641 3913-4332/? I/InputReader: Touch event's action is 0x0 (deviceType=0) [pCnt=1, s=0.34273 ] when=198390882965000
2021-07-10 17:36:49.641 3913-4331/? I/InputDispatcher: Delivering touch to (4519): action: 0x4, toolType: 1
2021-07-10 17:36:49.641 3913-4331/? I/InputDispatcher: Delivering touch to (5382): action: 0x0, toolType: 1
2021-07-10 17:36:49.641 3913-4331/? I/InputDispatcher: Delivering touch to (4519): action: 0x0, toolType: 1
2021-07-10 17:36:49.642 5382-5382/? D/ViewRootImpl@286dde4[LauncherActivity]: ViewPostImeInputStage processPointer 0
2021-07-10 17:36:49.643 5382-5382/? I/System.out: Rect(0, 0 - 720, 150)
2021-07-10 17:36:49.655 5382-5382/? D/AppsDragController: needDeferToBind : true , false
2021-07-10 17:36:49.673 3913-6149/? D/CustomFrequencyManagerService: releaseDVFSLockLocked : Getting Lock type frm List : DVFS_MIN_LIMIT  frequency : 1274000  uid : 1000  pid : 3913  tag : com.sec.android.app.launcher@15
2021-07-10 17:36:49.706 5382-5382/? D/AppsDragController: needDeferToBind : true , false
2021-07-10 17:36:49.722 5382-5382/? D/AppsDragController: needDeferToBind : true , false
2021-07-10 17:36:49.739 5382-5382/? D/AppsDragController: needDeferToBind : true , false
2021-07-10 17:36:49.756 5382-5382/? D/AppsDragController: needDeferToBind : true , false
2021-07-10 17:36:49.772 5382-5382/? D/AppsDragController: needDeferToBind : true , false
2021-07-10 17:36:49.774 3913-4332/? D/InputReader: Input event(3): value=0 when=198391015969000
2021-07-10 17:36:49.774 3913-4332/? I/InputReader: Touch event's action is 0x1 (deviceType=0) [pCnt=1, s=] when=198391015969000
2021-07-10 17:36:49.774 3913-4331/? I/InputDispatcher: Delivering touch to (5382): action: 0x1, toolType: 1
2021-07-10 17:36:49.774 3913-4331/? I/InputDispatcher: Delivering touch to (4519): action: 0x1, toolType: 1
2021-07-10 17:36:49.775 5382-5382/? D/ViewRootImpl@286dde4[LauncherActivity]: ViewPostImeInputStage processPointer 1
2021-07-10 17:36:49.775 3913-7145/? D/CustomFrequencyManagerService: acquireDVFSLockLocked : type : DVFS_MIN_LIMIT  frequency : 757000  uid : 1000  pid : 3913  pkgName : GESTURE_DETECTED@CPU_MIN@52
2021-07-10 17:36:49.778 5382-5512/? D/SamsungAnalytics:1.09.035: [QueueManager] queue size over. remove oldest log
2021-07-10 17:36:49.778 5382-5512/? D/SamsungAnalytics:1.09.035: [DLCBinder] already send register request
2021-07-10 17:36:49.788 5382-5382/? D/AppsDragController: needDeferToBind : true , false
2021-07-10 17:36:49.805 5382-5382/? D/AppsDragController: needDeferToBind : true , false
2021-07-10 17:36:49.822 5382-5382/? D/AppsDragController: needDeferToBind : true , false
2021-07-10 17:36:49.838 3913-3913/? D/WifiTrafficPoller: notifyOnDataActivity() - mBusMaxLock.acquire()
2021-07-10 17:36:49.839 5382-5382/? D/AppsDragController: needDeferToBind : true , false
2021-07-10 17:36:49.855 5382-5382/? D/AppsDragController: needDeferToBind : true , false
2021-07-10 17:36:49.858 2208-2265/? E/nightwatch-target: lmkd signal waiters
2021-07-10 17:36:49.872 5382-5382/? D/AppsDragController: needDeferToBind : true , false
2021-07-10 17:36:49.888 3913-4364/? I/WifiHAL: Creating message to get link statistics
2021-07-10 17:36:49.890 5382-5382/? D/AppsDragController: needDeferToBind : true , false
2021-07-10 17:36:49.890 3913-4364/? D/WifiHAL: response_handler called
2021-07-10 17:36:49.891 3913-4364/? D/WifiHAL: event len = 1108
2021-07-10 17:36:49.891 3913-4364/? I/WifiHAL: In GetLinkStatsCommand::handleResponse
2021-07-10 17:36:49.891 3913-4364/? I/WifiHAL: Id = 0, subcmd = 0
2021-07-10 17:36:49.891 3913-4364/? D/wifi: onLinkStatsResults: radio_stat.on_time = 0
2021-07-10 17:36:49.891 3913-4364/? D/wifi: onLinkStatsResults: radio_stat.tx_time = 0
2021-07-10 17:36:49.891 3913-4364/? D/wifi: onLinkStatsResults: radio_stat.rx_time = 0
2021-07-10 17:36:49.891 3913-4364/? D/WifiHAL: ack_handler called
2021-07-10 17:36:49.891 3913-4997/? D/CustomFrequencyManagerService: acquireDVFSLockLocked : type : DVFS_MIN_LIMIT  frequency : 1274000  uid : 1000  pid : 3913  pkgName : com.sec.android.app.launcher@15
2021-07-10 17:36:49.891 3913-4364/? D/wifi: android_net_wifi_getLinkLayerStats: radio_stat.on_time = 0
2021-07-10 17:36:49.891 3913-4364/? D/wifi: android_net_wifi_getLinkLayerStats: radio_stat.tx_time = 0
2021-07-10 17:36:49.891 3913-4364/? D/wifi: android_net_wifi_getLinkLayerStats: radio_stat.rx_time = 0
2021-07-10 17:36:49.894 3913-4386/? D/ConnectivityService: updateCapabilities: oldCap = [ Transports: WIFI Capabilities: NOT_METERED&INTERNET&NOT_RESTRICTED&TRUSTED&NOT_VPN&VALIDATED LinkUpBandwidth>=1048576Kbps LinkDnBandwidth>=1048576Kbps SignalStrength: -73], newCap = [ Transports: WIFI Capabilities: NOT_METERED&INTERNET&NOT_RESTRICTED&TRUSTED&NOT_VPN LinkUpBandwidth>=1048576Kbps LinkDnBandwidth>=1048576Kbps SignalStrength: -75]
2021-07-10 17:36:49.894 3913-4386/? D/ConnectivityService: rematching NetworkAgentInfo [WIFI () - 519]
2021-07-10 17:36:49.894 3913-4386/? D/ConnectivityService:  network has: [ Transports: WIFI Capabilities: NOT_METERED&INTERNET&NOT_RESTRICTED&TRUSTED&NOT_VPN&VALIDATED LinkUpBandwidth>=1048576Kbps LinkDnBandwidth>=1048576Kbps SignalStrength: -75]
2021-07-10 17:36:49.894 3913-4386/? D/ConnectivityService:   checking if request is satisfied: NetworkRequest [ id=5, legacyType=-1, [ Transports: WIFI Capabilities: INTERNET&NOT_RESTRICTED&TRUSTED&NOT_VPN] ]
2021-07-10 17:36:49.894 3913-4386/? D/ConnectivityService:   checking if request is satisfied: NetworkRequest [ id=9, legacyType=-1, [ Transports: CELLULAR|WIFI Capabilities: NOT_RESTRICTED&TRUSTED&NOT_VPN] ]
2021-07-10 17:36:49.894 3913-4386/? D/ConnectivityService: Network NetworkAgentInfo [WIFI () - 519] was already satisfying request 2976. No change.
2021-07-10 17:36:49.894 3913-4386/? D/ConnectivityService:   checking if request is satisfied: NetworkRequest [ id=2893, legacyType=-1, [ Capabilities: INTERNET&NOT_RESTRICTED&TRUSTED&NOT_VPN] ]
2021-07-10 17:36:49.895 3913-4386/? D/ConnectivityService:   checking if request is satisfied: NetworkRequest [ id=3004, legacyType=-1, [ Transports: WIFI Capabilities: NOT_RESTRICTED&TRUSTED&NOT_VPN] ]
2021-07-10 17:36:49.895 3913-4386/? D/ConnectivityService:   checking if request is satisfied: NetworkRequest [ id=6, legacyType=-1, [ Transports: WIFI Capabilities: INTERNET&NOT_RESTRICTED&TRUSTED&NOT_VPN] ]
2021-07-10 17:36:49.895 3913-4386/? D/ConnectivityService:   checking if request is satisfied: NetworkRequest [ id=2852, legacyType=-1, [ Capabilities: INTERNET&NOT_RESTRICTED&TRUSTED] ]
2021-07-10 17:36:49.895 3913-4386/? D/ConnectivityService:   checking if request is satisfied: NetworkRequest [ id=2972, legacyType=-1, [ Capabilities: INTERNET&NOT_RESTRICTED&TRUSTED] ]
2021-07-10 17:36:49.895 3913-4386/? D/ConnectivityService:   checking if request is satisfied: NetworkRequest [ id=2804, legacyType=-1, [ Capabilities: NOT_RESTRICTED] ]
2021-07-10 17:36:49.895 3913-4386/? D/ConnectivityService:   checking if request is satisfied: NetworkRequest [ id=2973, legacyType=-1, [ Capabilities: INTERNET&NOT_RESTRICTED&TRUSTED] ]
2021-07-10 17:36:49.895 3913-4386/? D/ConnectivityService:   checking if request is satisfied: NetworkRequest [ id=2783, legacyType=-1, [ Capabilities: INTERNET&NOT_RESTRICTED&TRUSTED] ]
2021-07-10 17:36:49.895 3913-4386/? D/ConnectivityService:   checking if request is satisfied: NetworkRequest [ id=3003, legacyType=-1, [ Capabilities: INTERNET&NOT_RESTRICTED&TRUSTED] ]
2021-07-10 17:36:49.895 3913-4386/? D/ConnectivityService:   checking if request is satisfied: NetworkRequest [ id=8, legacyType=-1, [ Transports: WIFI Capabilities: INTERNET&NOT_RESTRICTED&TRUSTED&NOT_VPN] ]
2021-07-10 17:36:49.895 3913-4386/? D/ConnectivityService:   checking if request is satisfied: NetworkRequest [ id=2903, legacyType=-1, [ Capabilities: INTERNET&NOT_RESTRICTED&TRUSTED] ]
2021-07-10 17:36:49.895 3913-4364/? D/WifiStateMachine: Current network is: "test2" , ID is: 3
2021-07-10 17:36:49.895 3913-4386/? D/ConnectivityService: Network NetworkAgentInfo [WIFI () - 519] was already satisfying request 2963. No change.
2021-07-10 17:36:49.895 3913-4386/? D/ConnectivityService: Network NetworkAgentInfo [WIFI () - 519] was already satisfying request 1. No change.
2021-07-10 17:36:49.895 3913-4386/? D/ConnectivityService:   checking if request is satisfied: NetworkRequest [ id=2822, legacyType=-1, [ Capabilities: INTERNET&NOT_RESTRICTED&TRUSTED] ]
2021-07-10 17:36:49.895 3913-4386/? D/ConnectivityService:   checking if request is satisfied: NetworkRequest [ id=3, legacyType=-1, [] ]
2021-07-10 17:36:49.895 3913-4386/? D/ConnectivityService:   checking if request is satisfied: NetworkRequest [ id=2842, legacyType=-1, [ Capabilities: INTERNET&NOT_RESTRICTED&TRUSTED] ]
2021-07-10 17:36:49.896 3913-4386/? D/ConnectivityService:   checking if request is satisfied: NetworkRequest [ id=3001, legacyType=-1, [ Capabilities: INTERNET&NOT_RESTRICTED&TRUSTED&NOT_VPN] ]
2021-07-10 17:36:49.896 3913-4386/? D/ConnectivityService:   checking if request is satisfied: NetworkRequest [ id=2964, legacyType=-1, [ Capabilities: INTERNET&NOT_RESTRICTED&TRUSTED] ]
2021-07-10 17:36:49.896 3913-4386/? D/ConnectivityService:   checking if request is satisfied: NetworkRequest [ id=7, legacyType=-1, [ Transports: CELLULAR Capabilities: INTERNET&NOT_RESTRICTED&TRUSTED&NOT_VPN] ]
2021-07-10 17:36:49.896 3913-4386/? D/ConnectivityService:   checking if request is satisfied: NetworkRequest [ id=4, legacyType=-1, [] ]
2021-07-10 17:36:49.896 3913-4386/? D/ConnectivityService: Network NetworkAgentInfo [WIFI () - 519] was already satisfying request 2977. No change.
2021-07-10 17:36:49.896 3913-4386/? D/ConnectivityService:   checking if request is satisfied: NetworkRequest [ id=2974, legacyType=-1, [ Capabilities: INTERNET&NOT_RESTRICTED&TRUSTED] ]
2021-07-10 17:36:49.896 3913-4386/? D/ConnectivityService: notifyType CAP_CHANGED for NetworkAgentInfo [WIFI () - 519]
2021-07-10 17:36:49.896 4519-4673/? D/NetworkController: onReceive: intent=Intent { act=android.net.wifi.RSSI_CHANGED flg=0x4000010 launchParam=MultiScreenLaunchParams { mDisplayId=0 mBaseDisplayId=0 mFlags=0 } bqHint=1 (has extras) }
2021-07-10 17:36:49.896 3913-4386/? D/ConnectivityService:  sending notification for NetworkRequest [ id=1, legacyType=-1, [ Capabilities: INTERNET&NOT_RESTRICTED&TRUSTED&NOT_VPN] ]
2021-07-10 17:36:49.896 3913-4386/? D/ConnectivityService:  sending notification for NetworkRequest [ id=3, legacyType=-1, [] ]
2021-07-10 17:36:49.896 3913-4386/? D/ConnectivityService: sending notification CAP_CHANGED for NetworkRequest [ id=3, legacyType=-1, [] ]
2021-07-10 17:36:49.896 3913-4386/? D/ConnectivityService:  sending notification for NetworkRequest [ id=4, legacyType=-1, [] ]
2021-07-10 17:36:49.896 3913-4386/? D/ConnectivityService: sending notification CAP_CHANGED for NetworkRequest [ id=4, legacyType=-1, [] ]
2021-07-10 17:36:49.897 3913-4386/? D/ConnectivityService:  sending notification for NetworkRequest [ id=5, legacyType=-1, [ Transports: WIFI Capabilities: INTERNET&NOT_RESTRICTED&TRUSTED&NOT_VPN] ]
2021-07-10 17:36:49.897 3913-4386/? D/ConnectivityService: sending notification CAP_CHANGED for NetworkRequest [ id=5, legacyType=-1, [ Transports: WIFI Capabilities: INTERNET&NOT_RESTRICTED&TRUSTED&NOT_VPN] ]
2021-07-10 17:36:49.897 3913-4386/? D/ConnectivityService:  sending notification for NetworkRequest [ id=6, legacyType=-1, [ Transports: WIFI Capabilities: INTERNET&NOT_RESTRICTED&TRUSTED&NOT_VPN] ]
2021-07-10 17:36:49.897 3913-4386/? D/ConnectivityService: sending notification CAP_CHANGED for NetworkRequest [ id=6, legacyType=-1, [ Transports: WIFI Capabilities: INTERNET&NOT_RESTRICTED&TRUSTED&NOT_VPN] ]
2021-07-10 17:36:49.897 3913-4386/? D/ConnectivityService:  sending notification for NetworkRequest [ id=8, legacyType=-1, [ Transports: WIFI Capabilities: INTERNET&NOT_RESTRICTED&TRUSTED&NOT_VPN] ]
2021-07-10 17:36:49.898 3913-4386/? D/ConnectivityService: sending notification CAP_CHANGED for NetworkRequest [ id=8, legacyType=-1, [ Transports: WIFI Capabilities: INTERNET&NOT_RESTRICTED&TRUSTED&NOT_VPN] ]
2021-07-10 17:36:49.898 3913-4386/? D/ConnectivityService:  sending notification for NetworkRequest [ id=9, legacyType=-1, [ Transports: CELLULAR|WIFI Capabilities: NOT_RESTRICTED&TRUSTED&NOT_VPN] ]
2021-07-10 17:36:49.898 3913-4386/? D/ConnectivityService: sending notification CAP_CHANGED for NetworkRequest [ id=9, legacyType=-1, [ Transports: CELLULAR|WIFI Capabilities: NOT_RESTRICTED&TRUSTED&NOT_VPN] ]
2021-07-10 17:36:49.898 3913-4386/? D/ConnectivityService:  sending notification for NetworkRequest [ id=2783, legacyType=-1, [ Capabilities: INTERNET&NOT_RESTRICTED&TRUSTED] ]
2021-07-10 17:36:49.898 3913-4386/? D/ConnectivityService: sending notification CAP_CHANGED for NetworkRequest [ id=2783, legacyType=-1, [ Capabilities: INTERNET&NOT_RESTRICTED&TRUSTED] ]
2021-07-10 17:36:49.898 3913-4386/? D/ConnectivityService:  sending notification for NetworkRequest [ id=2804, legacyType=-1, [ Capabilities: NOT_RESTRICTED] ]
2021-07-10 17:36:49.899 3913-4386/? D/ConnectivityService: sending notification CAP_CHANGED for NetworkRequest [ id=2804, legacyType=-1, [ Capabilities: NOT_RESTRICTED] ]
2021-07-10 17:36:49.899 3913-4386/? D/ConnectivityService:  sending notification for NetworkRequest [ id=2822, legacyType=-1, [ Capabilities: INTERNET&NOT_RESTRICTED&TRUSTED] ]
2021-07-10 17:36:49.899 3913-4386/? D/ConnectivityService: sending notification CAP_CHANGED for NetworkRequest [ id=2822, legacyType=-1, [ Capabilities: INTERNET&NOT_RESTRICTED&TRUSTED] ]
