2021-07-10 17:37:19.639 5659-5659/? I/SKBD: ti onCharacterKey() IR : 0
2021-07-10 17:37:19.641 8329-8329/? D/ViewRootImpl@c84091[LoginActivity]: ViewPostImeInputStage processKey 0
2021-07-10 17:37:19.641 8329-8329/? D/ViewRootImpl@c84091[LoginActivity]: ViewPostImeInputStage processKey 1
2021-07-10 17:37:19.651 8329-8329/? V/InputMethodManager: Starting input: tba=android.view.inputmethod.EditorInfo@fdb6063 nm : com.loginmodule.learning ic=com.android.internal.widget.EditableInputConnection@7586460
2021-07-10 17:37:19.652 8329-8329/? I/InputMethodManager: [IMM] startInputInner - mService.startInputOrWindowGainedFocus
2021-07-10 17:37:19.653 3913-6148/? D/InputTransport: Input channel constructed: fd=467
2021-07-10 17:37:19.653 3913-6148/? D/InputTransport: Input channel destroyed: fd=467
2021-07-10 17:37:19.654 8329-8329/? D/InputTransport: Input channel constructed: fd=66
2021-07-10 17:37:19.654 8329-8329/? D/InputTransport: Input channel destroyed: fd=64
2021-07-10 17:37:19.655 5659-5659/? D/ACDownloadManager: onFinishInput() took nanoTime: 35846
2021-07-10 17:37:19.657 5659-5659/? E/KeyboardInfoUtils: getInstance start
2021-07-10 17:37:19.657 5659-5659/? E/KeyboardInfoUtils: sendSIPInformation state:6  isAbstractKeyboardView : true
2021-07-10 17:37:19.658 5659-8382/? E/KeyboardInfoUtils: sending null keyboardInfo as SIP is closed
2021-07-10 17:37:19.660 5659-5659/? I/SKBD: SamsungKeypad onFinishInputView took nanoTime: 5551923
2021-07-10 17:37:19.660 5659-5659/? I/SKBD: SamsungKeypad onFinishInput took nanoTime: 134885
2021-07-10 17:37:19.660 5659-5659/? I/SKBD: SamsungKeypad [IMI] onStartInput - caller packageName : com.loginmodule.learning
2021-07-10 17:37:19.660 5659-5659/? I/SKBD: tz PrivateImeOptionsControllerImpl getDefaultInputrange()
2021-07-10 17:37:19.660 5659-5659/? I/SKBD: SKBD_SYNC import DLM start onstart input
2021-07-10 17:37:19.661 5659-5659/? I/SKBD: SamsungKeypad onStartInput took nanoTime: 381307
2021-07-10 17:37:19.661 5659-5659/? I/SKBD: SamsungKeypad onStartInputView
2021-07-10 17:37:19.661 5659-5659/? I/SKBD: LegalAgreementActivity check legal agreement:false,false,false
2021-07-10 17:37:19.662 5659-5659/? D/SKBD: disable handwriting input icon : handwriting is not enabled or improper edit field
2021-07-10 17:37:19.662 5659-5659/? D/SKBD: getValidMMCodes nanoTime=549077
2021-07-10 17:37:19.662 5659-5659/? I/SKBD: SKBD_SYNC getIsWaitExportDLMProcess() is false
2021-07-10 17:37:19.663 5659-5659/? D/ACDownloadManager: onStartInput() took nanoTime: 25346
2021-07-10 17:37:19.663 5659-5659/? I/SKBD: tz PrivateImeOptionsControllerImpl setPrivateImeOptionsToTable(null)
2021-07-10 17:37:19.663 5659-5659/? I/SKBD: tz setPrivateImeOptionsToTable null
2021-07-10 17:37:19.666 5659-5659/? I/SKBD: Update SetupWizard State usc : 1 pss : false
2021-07-10 17:37:19.666 5659-5659/? I/SKBD: tz PrivateImeOptionsControllerImpl getDefaultInputrange()
2021-07-10 17:37:19.666 5659-5659/? I/SKBD: tz PrivateImeOptionsControllerImpl getDefaultInputrange()
2021-07-10 17:37:19.666 5659-5659/? I/SKBD: tz PrivateImeOptionsControllerImpl setPrivateImeOptionsToTable(null)
2021-07-10 17:37:19.666 5659-5659/? I/SKBD: tz setPrivateImeOptionsToTable null
2021-07-10 17:37:19.668 5659-5659/? I/SKBD: Update SetupWizard State usc : 1 pss : false
2021-07-10 17:37:19.668 8329-8329/? W/IInputConnectionWrapper: finishComposingText on inactive InputConnection
2021-07-10 17:37:19.669 5659-5659/? I/SKBD: tz PrivateImeOptionsControllerImpl getDefaultInputrange()
2021-07-10 17:37:19.669 5659-5659/? I/SKBD: tz PrivateImeOptionsControllerImpl getDefaultInputrange()
2021-07-10 17:37:19.669 5659-5659/? I/SKBD: tz [PIOCI] getSIPAnimation()
2021-07-10 17:37:19.672 5659-5659/? D/SKBD: disable handwriting input icon : handwriting is not enabled or improper edit field
2021-07-10 17:37:19.672 5659-5659/? D/SKBD: getValidMMCodes nanoTime=841038
2021-07-10 17:37:19.672 5659-5659/? D/SKBD: disable handwriting input icon : handwriting is not enabled or improper edit field
2021-07-10 17:37:19.673 5659-5659/? D/SKBD: getValidMMCodes nanoTime=424076
2021-07-10 17:37:19.673 5659-5659/? D/SKBD: disable handwriting input icon : handwriting is not enabled or improper edit field
2021-07-10 17:37:19.673 5659-5659/? D/SKBD: getValidMMCodes nanoTime=327962
2021-07-10 17:37:19.674 5659-5659/? D/SKBD: disable handwriting input icon : handwriting is not enabled or improper edit field
2021-07-10 17:37:19.674 5659-5659/? D/SKBD: getValidMMCodes nanoTime=515577
2021-07-10 17:37:19.675 5659-5659/? D/SKBD: disable handwriting input icon : handwriting is not enabled or improper edit field
2021-07-10 17:37:19.675 5659-5659/? D/SKBD: getValidMMCodes nanoTime=523462
2021-07-10 17:37:19.680 5659-5659/? I/SKBD: nw mSelectedLanguageList is empty
2021-07-10 17:37:19.680 5659-5659/? D/SKBD: initSubLinguistic called in updateEngine
2021-07-10 17:37:19.703 5659-5659/? I/SKBD: qc setDLMLoadFlag() SMT_DB_TYPE true
2021-07-10 17:37:19.703 5659-5659/? I/SKBD: qc setDLMLoadFlag() SMT_DB_TYPE false
2021-07-10 17:37:19.703 5659-5659/? I/SKBD: qc SKBDET9AWSetConstructedWords mFieldSpecificType = 0
2021-07-10 17:37:19.703 5659-5659/? I/SKBD: qc SKBDXT9 Latin language init finished
2021-07-10 17:37:19.703 5659-5659/? I/SKBD: qc setDLMLoadFlag() DLM_DB_TYPE true
2021-07-10 17:37:19.704 5659-5659/? I/SKBD: qc setDLMLoadFlag() DLM_DB_TYPE false
2021-07-10 17:37:19.707 3913-4356/? D/SecContentProvider: query(), uri = 17 selection = isSettingsChangesAllowed
2021-07-10 17:37:19.708 3913-4356/? D/SecContentProvider: called from com.sec.android.inputmethod
2021-07-10 17:37:19.709 3913-15483/? D/SecContentProvider: query(), uri = 17 selection = isSettingsChangesAllowed
2021-07-10 17:37:19.710 3913-15483/? D/SecContentProvider: called from com.sec.android.inputmethod
2021-07-10 17:37:19.710 5659-5659/? I/SKBD: na [IMI] isChangedMainValues - bRetVal : true
2021-07-10 17:37:19.711 5659-5659/? I/SKBD: tz PrivateImeOptionsControllerImpl getDefaultInputrange()
2021-07-10 17:37:19.711 5659-5659/? E/SKBD: za setCurrentInputModule mCurrentInputModule index: 19
2021-07-10 17:37:19.711 5659-5659/? D/SKBD: initSubLinguistic called in updateEngine
2021-07-10 17:37:19.732 3753-3829/? I/APM_AudioPolicyManager: stopOutput() output 21, stream 1, session 8913
2021-07-10 17:37:19.733 5659-5659/? I/SKBD: qc setDLMLoadFlag() SMT_DB_TYPE true
2021-07-10 17:37:19.733 5659-5659/? I/SKBD: qc setDLMLoadFlag() SMT_DB_TYPE false
2021-07-10 17:37:19.733 5659-5659/? I/SKBD: qc SKBDET9AWSetConstructedWords mFieldSpecificType = 0
2021-07-10 17:37:19.733 5659-5659/? I/SKBD: qc SKBDXT9 Latin language init finished
2021-07-10 17:37:19.733 5659-5659/? I/SKBD: qc setDLMLoadFlag() DLM_DB_TYPE true
2021-07-10 17:37:19.734 5659-5659/? I/SKBD: qc setDLMLoadFlag() DLM_DB_TYPE false
2021-07-10 17:37:19.737 3913-3927/? D/SecContentProvider: query(), uri = 17 selection = isSettingsChangesAllowed
2021-07-10 17:37:19.737 3913-3927/? D/SecContentProvider: called from com.sec.android.inputmethod
2021-07-10 17:37:19.739 3913-25110/? D/SecContentProvider: query(), uri = 17 selection = isSettingsChangesAllowed
2021-07-10 17:37:19.740 3913-25110/? D/SecContentProvider: called from com.sec.android.inputmethod
2021-07-10 17:37:19.741 5659-5659/? I/SKBD: KeybaordView init() : load resources
2021-07-10 17:37:19.742 5659-5659/? I/SKBD: getCurrentKeyboard
2021-07-10 17:37:19.742 5659-5659/? I/SKBD: getTextKeyboard
2021-07-10 17:37:19.744 5659-5659/? I/SKBD: CarMode is off 
2021-07-10 17:37:19.747 5659-5659/? I/SKBD: wj [Resize] mFractionBaseWidth 720 mAdditionalLeftPadding 0
2021-07-10 17:37:19.748 5659-5659/? I/SKBD: wj [Resize]Row # 0 mTotalWidth 721
2021-07-10 17:37:19.748 5659-5659/? I/SKBD: wj [Resize]Row # 1 mTotalWidth 721
2021-07-10 17:37:19.749 5659-5659/? I/SKBD: wj [Resize]Row # 2 mTotalWidth 721
2021-07-10 17:37:19.750 5659-5659/? I/SKBD: wj [Resize]Row # 3 mTotalWidth 721
2021-07-10 17:37:19.753 5659-5659/? I/SKBD: wj [Resize] Row # 4 mTotalWidth 721
2021-07-10 17:37:19.755 5659-5659/? D/SKBD: mIsUseStaticTouchRecognizedArea =  false
2021-07-10 17:37:19.759 5659-5659/? E/SKBD: za setCurrentInputModule mCurrentInputModule index: 19
2021-07-10 17:37:19.759 5659-5659/? D/SKBD: initSubLinguistic called in updateEngine
2021-07-10 17:37:19.769 5659-8384/? I/SKBD: nn [SIIC] getCursorCapsMode done, tookTime10
2021-07-10 17:37:19.779 5659-5659/? I/SKBD: qc setDLMLoadFlag() SMT_DB_TYPE true
2021-07-10 17:37:19.779 5659-5659/? I/SKBD: qc setDLMLoadFlag() SMT_DB_TYPE false
2021-07-10 17:37:19.779 5659-5659/? I/SKBD: qc SKBDET9AWSetConstructedWords mFieldSpecificType = 0
2021-07-10 17:37:19.779 5659-5659/? I/SKBD: qc SKBDXT9 Latin language init finished
2021-07-10 17:37:19.779 5659-5659/? I/SKBD: qc setDLMLoadFlag() DLM_DB_TYPE true
2021-07-10 17:37:19.780 5659-5659/? I/SKBD: qc setDLMLoadFlag() DLM_DB_TYPE false
2021-07-10 17:37:19.781 5659-5659/? E/SKBD: za setCurrentInputModule mCurrentInputModule index: 19
2021-07-10 17:37:19.781 5659-5659/? D/SKBD: initSubLinguistic called in updateEngine
2021-07-10 17:37:19.799 5659-5659/? I/SKBD: qc setDLMLoadFlag() SMT_DB_TYPE true
2021-07-10 17:37:19.800 5659-5659/? I/SKBD: qc setDLMLoadFlag() SMT_DB_TYPE false
2021-07-10 17:37:19.800 5659-5659/? I/SKBD: qc SKBDET9AWSetConstructedWords mFieldSpecificType = 0
2021-07-10 17:37:19.800 5659-5659/? I/SKBD: qc SKBDXT9 Latin language init finished
2021-07-10 17:37:19.800 5659-5659/? I/SKBD: qc setDLMLoadFlag() DLM_DB_TYPE true
2021-07-10 17:37:19.800 5659-5659/? I/SKBD: qc setDLMLoadFlag() DLM_DB_TYPE false
2021-07-10 17:37:19.801 5659-5659/? I/SKBD: getCurrentKeyboard
2021-07-10 17:37:19.801 5659-5659/? I/SKBD: getTextKeyboard
2021-07-10 17:37:19.801 5659-5659/? I/SKBD: CarMode is off 
2021-07-10 17:37:19.802 5659-5659/? E/SKBD: get previous
2021-07-10 17:37:19.802 5659-5659/? D/SKBD: mIsUseStaticTouchRecognizedArea =  false
2021-07-10 17:37:19.819 5659-5659/? I/SKBD: nn [SIIC] getCursorCapsMode done, tookTime14
2021-07-10 17:37:19.820 5659-5659/? D/SKBD: startInputViewShowTips : true true
2021-07-10 17:37:19.820 5659-5659/? D/SKBD: conditions for show dialog : true false true
2021-07-10 17:37:19.820 5659-5659/? D/SKBD: showDlgMsgBox : true true true
2021-07-10 17:37:19.820 5659-5659/? I/SKBD: tz PrivateImeOptionsControllerImpl getDefaultInputrange()
2021-07-10 17:37:19.820 5659-5659/? I/SKBD: na [IMI] startInputView - caller pid : 8329, caller uid : 10194
2021-07-10 17:37:19.820 5659-5659/? I/SKBD: na sendBroadcastSIPShown()
2021-07-10 17:37:19.822 5659-8386/? D/aac: InputMethodSubtype is found as local:en_US
2021-07-10 17:37:19.823 5659-5659/? V/InputMethodService: showSoftInput(), flags : 1
2021-07-10 17:37:19.823 5659-8386/? D/aac: InputMethodSubtype is set as local:en_US
2021-07-10 17:37:19.825 3913-15484/? D/InputMethodManagerService: shouldShowImeSwitcherLocked - checking 
2021-07-10 17:37:19.829 3913-6139/? V/WindowManager: Relayout Window{9bd9338d0 u0 InputMethod}: viewVisibility=0 req=720x692 WM.LayoutParams{(0,0)(fillxwrap) gr=#50 sim=#120 ty=2011 fl=#1800108 fmt=-2 wanim=0x7f0e000d vsysui=0x300 surfaceInsets=Rect(0, 0 - 0, 0) (manual) (!preservePreviousSurfaceInsets) needsMenuKey=2 dimDuration=150 naviIconColor=0 sfl=0x800}
2021-07-10 17:37:19.832 5659-5659/? D/ViewRootImpl@b3b2dbc[InputMethod]: Relayout returned: oldFrame=[0,588][720,1280] newFrame=[0,588][720,1280] result=0x1 surface={isValid=true -508336128} surfaceGenerationChanged=false
2021-07-10 17:37:19.864 5659-5659/? D/SKBD: disable handwriting input icon : handwriting is not enabled or improper edit field
2021-07-10 17:37:19.865 5659-5659/? D/SKBD: getValidMMCodes nanoTime=610039
2021-07-10 17:37:19.865 5659-5659/? D/SKBD: disable handwriting input icon : handwriting is not enabled or improper edit field
2021-07-10 17:37:19.865 5659-5659/? D/SKBD: getValidMMCodes nanoTime=320769
2021-07-10 17:37:19.865 5659-5659/? D/SKBD: disable handwriting input icon : handwriting is not enabled or improper edit field
2021-07-10 17:37:19.865 5659-5659/? D/SKBD: getValidMMCodes nanoTime=374961
2021-07-10 17:37:19.866 5659-5659/? D/SKBD: disable handwriting input icon : handwriting is not enabled or improper edit field
2021-07-10 17:37:19.866 5659-5659/? D/SKBD: getValidMMCodes nanoTime=442692
2021-07-10 17:37:19.867 5659-5659/? D/SKBD: disable handwriting input icon : handwriting is not enabled or improper edit field
2021-07-10 17:37:19.867 5659-5659/? D/SKBD: getValidMMCodes nanoTime=476923
2021-07-10 17:37:19.872 5659-5659/? I/SKBD: AbstractKeyboardView drawAllKey nanoTime= 36103116, isOrientationLandscape= false
2021-07-10 17:37:19.885 5659-5659/? I/SKBD: nn [SIIC] getSelectedText done, tookTime=8
2021-07-10 17:37:19.890 3913-3913/? D/WifiTrafficPoller: notifyOnDataActivity() - mBusMaxLock.acquire()
2021-07-10 17:37:19.897 2208-2265/? E/nightwatch-target: lmkd signal waiters
2021-07-10 17:37:19.902 5659-5659/? I/SKBD: nn [SIIC] getTextBeforeCursor done, tookTime=17
2021-07-10 17:37:19.919 5659-5659/? I/SKBD: nn [SIIC] getTextAfterCursor done, tookTime=17
2021-07-10 17:37:19.935 5659-5659/? I/SKBD: nn [SIIC] getSelectedText done, tookTime=15
2021-07-10 17:37:19.936 5659-5659/? I/SKBD: nn [SIIC] getTextBeforeCursor done, tookTime=1
2021-07-10 17:37:19.937 5659-5659/? I/SKBD: nn [SIIC] getTextAfterCursor done, tookTime=1
2021-07-10 17:37:19.963 3913-4364/? I/WifiHAL: Creating message to get link statistics
2021-07-10 17:37:19.966 3913-4364/? D/WifiHAL: response_handler called
2021-07-10 17:37:19.966 3913-4364/? D/WifiHAL: event len = 1108
2021-07-10 17:37:19.966 3913-4364/? I/WifiHAL: In GetLinkStatsCommand::handleResponse
2021-07-10 17:37:19.966 3913-4364/? I/WifiHAL: Id = 0, subcmd = 0
2021-07-10 17:37:19.966 3913-4364/? D/wifi: onLinkStatsResults: radio_stat.on_time = 0
2021-07-10 17:37:19.966 3913-4364/? D/wifi: onLinkStatsResults: radio_stat.tx_time = 0
2021-07-10 17:37:19.966 3913-4364/? D/wifi: onLinkStatsResults: radio_stat.rx_time = 0
2021-07-10 17:37:19.966 3913-4364/? D/WifiHAL: ack_handler called
2021-07-10 17:37:19.967 3913-4364/? D/wifi: android_net_wifi_getLinkLayerStats: radio_stat.on_time = 0
2021-07-10 17:37:19.967 3913-4364/? D/wifi: android_net_wifi_getLinkLayerStats: radio_stat.tx_time = 0
2021-07-10 17:37:19.967 3913-4364/? D/wifi: android_net_wifi_getLinkLayerStats: radio_stat.rx_time = 0
2021-07-10 17:37:19.970 3913-4364/? D/WifiStateMachine: Current network is: "test2" , ID is: 3
2021-07-10 17:37:19.989 3588-3710/? E/nightwatch-target: lmkd signal waiters
2021-07-10 17:37:20.398 2208-2265/? E/nightwatch-target: lmkd signal waiters
2021-07-10 17:37:20.478 2383-8226/? I/display: [PrimaryDisplay] [DYNAMIC_RECOMP] HWC_2_GLES by low FPS(0)
2021-07-10 17:37:20.490 3588-3710/? E/nightwatch-target: lmkd signal waiters
2021-07-10 17:37:20.670 2383-2383/? I/display: [PrimaryDisplay] [DYNAMIC_RECOMP] first frame after HWC_2_GLES
2021-07-10 17:37:20.670 2383-2383/? I/display: [PrimaryDisplay] [DYNAMIC_RECOMP] GLES_2_HWC by high FPS(5)
2021-07-10 17:37:20.740 3913-4332/? D/InputReader: Input event(3): value=1 when=198421982403000
2021-07-10 17:37:20.740 3913-4332/? I/InputReader: Touch event's action is 0x0 (deviceType=0) [pCnt=1, s=0.34315 ] when=198421982403000
2021-07-10 17:37:20.741 3913-4331/? I/InputDispatcher: Delivering touch to (4519): action: 0x4, toolType: 1
2021-07-10 17:37:20.741 3913-4331/? I/InputDispatcher: Delivering touch to (5659): action: 0x0, toolType: 1
2021-07-10 17:37:20.741 5659-5659/? D/ViewRootImpl@b3b2dbc[InputMethod]: ViewPostImeInputStage processPointer 0
2021-07-10 17:37:20.743 5659-5659/? I/SKBD: [IIManager] IIfo SI [il:0x656e5553] [p:0] [c:0] [t:0] [im:0/0/0/0/0/0] [sC:0] [aC:1] [sS:0] [aS:1] [aP:0] [pW:1] [eM:0] [uR:0] [acI:0] [iT:81] [iO:4000006] [pN:com.loginmodule.learning] [pO:null]
2021-07-10 17:37:20.743 5659-5659/? I/SKBD: [IIManager] IIfo II [ir:0] [hC:0] [hI:0] [tr:0] [tc:0] [cpl:0] [xyD:5/9] [xycD:-2/52] [kWHG:94/85/11] [tD:65] [tP:1106] [fil:true] [IC:9/84] [cB:0/0]
2021-07-10 17:37:20.743 8329-8329/? D/ViewRootImpl@c84091[LoginActivity]: ViewPostImeInputStage processKey 0
2021-07-10 17:37:20.763 3753-4403/? I/APM_AudioPolicyManager: getSituationVolume: isBTConnected:0 isHeadConnected:0
2021-07-10 17:37:20.764 3753-4404/? W/AudioPolicyIntefaceImpl: Skipped to add effects on session 8785
2021-07-10 17:37:20.765 3753-4404/? I/APM_AudioPolicyManager: startOutput() output 21, stream 1, session 8785
2021-07-10 17:37:20.789 3913-4332/? D/InputReader: Input event(3): value=0 when=198422031269000
2021-07-10 17:37:20.789 3913-4332/? I/InputReader: Touch event's action is 0x1 (deviceType=0) [pCnt=1, s=] when=198422031269000
2021-07-10 17:37:20.789 3913-4331/? I/InputDispatcher: Delivering touch to (5659): action: 0x1, toolType: 1
2021-07-10 17:37:20.790 5659-5659/? D/ViewRootImpl@b3b2dbc[InputMethod]: ViewPostImeInputStage processPointer 1
2021-07-10 17:37:20.791 8329-8329/? D/ViewRootImpl@c84091[LoginActivity]: ViewPostImeInputStage processKey 1
2021-07-10 17:37:20.796 5659-5659/? I/SKBD: AbstractKeyboardView [AKV] detectAndSendKey - mCurrentInputMethod : 0, mInputLanguage : 1701729619
2021-07-10 17:37:20.797 5659-5659/? I/SKBD: ti onCharacterKey() IR : 0
2021-07-10 17:37:20.797 5659-5659/? D/SKBD: ET9KDB_ProcessKeyBySymbol called
2021-07-10 17:37:20.797 5659-5659/? E/SKBD: ET9KDB_ProcessKeyBySymbol : 19
2021-07-10 17:37:20.891 3913-3913/? D/WifiTrafficPoller: notifyOnDataActivity() - mBusMaxLock.acquire()
2021-07-10 17:37:20.899 2208-2265/? E/nightwatch-target: lmkd signal waiters
2021-07-10 17:37:20.912 3753-3829/? I/APM_AudioPolicyManager: stopOutput() output 21, stream 1, session 8785
2021-07-10 17:37:20.982 3913-4386/? D/ConnectivityService: updateCapabilities: oldCap = [ Transports: WIFI Capabilities: NOT_METERED&INTERNET&NOT_RESTRICTED&TRUSTED&NOT_VPN&VALIDATED LinkUpBandwidth>=1048576Kbps LinkDnBandwidth>=1048576Kbps SignalStrength: -74], newCap = [ Transports: WIFI Capabilities: NOT_METERED&INTERNET&NOT_RESTRICTED&TRUSTED&NOT_VPN LinkUpBandwidth>=1048576Kbps LinkDnBandwidth>=1048576Kbps SignalStrength: -75]
2021-07-10 17:37:20.982 3913-4386/? D/ConnectivityService: rematching NetworkAgentInfo [WIFI () - 519]
2021-07-10 17:37:20.982 3913-4386/? D/ConnectivityService:  network has: [ Transports: WIFI Capabilities: NOT_METERED&INTERNET&NOT_RESTRICTED&TRUSTED&NOT_VPN&VALIDATED LinkUpBandwidth>=1048576Kbps LinkDnBandwidth>=1048576Kbps SignalStrength: -75]
2021-07-10 17:37:20.982 3913-4386/? D/ConnectivityService:   checking if request is satisfied: NetworkRequest [ id=5, legacyType=-1, [ Transports: WIFI Capabilities: INTERNET&NOT_RESTRICTED&TRUSTED&NOT_VPN] ]
2021-07-10 17:37:20.982 3913-4386/? D/ConnectivityService:   checking if request is satisfied: NetworkRequest [ id=9, legacyType=-1, [ Transports: CELLULAR|WIFI Capabilities: NOT_RESTRICTED&TRUSTED&NOT_VPN] ]
2021-07-10 17:37:20.982 3913-4386/? D/ConnectivityService: Network NetworkAgentInfo [WIFI () - 519] was already satisfying request 2976. No change.
2021-07-10 17:37:20.983 3913-4386/? D/ConnectivityService:   checking if request is satisfied: NetworkRequest [ id=2893, legacyType=-1, [ Capabilities: INTERNET&NOT_RESTRICTED&TRUSTED&NOT_VPN] ]
2021-07-10 17:37:20.983 3913-4386/? D/ConnectivityService:   checking if request is satisfied: NetworkRequest [ id=3004, legacyType=-1, [ Transports: WIFI Capabilities: NOT_RESTRICTED&TRUSTED&NOT_VPN] ]
2021-07-10 17:37:20.983 3913-4386/? D/ConnectivityService:   checking if request is satisfied: NetworkRequest [ id=6, legacyType=-1, [ Transports: WIFI Capabilities: INTERNET&NOT_RESTRICTED&TRUSTED&NOT_VPN] ]
2021-07-10 17:37:20.983 3913-4386/? D/ConnectivityService:   checking if request is satisfied: NetworkRequest [ id=2852, legacyType=-1, [ Capabilities: INTERNET&NOT_RESTRICTED&TRUSTED] ]
2021-07-10 17:37:20.983 3913-4386/? D/ConnectivityService:   checking if request is satisfied: NetworkRequest [ id=2972, legacyType=-1, [ Capabilities: INTERNET&NOT_RESTRICTED&TRUSTED] ]
2021-07-10 17:37:20.983 3913-4386/? D/ConnectivityService:   checking if request is satisfied: NetworkRequest [ id=2804, legacyType=-1, [ Capabilities: NOT_RESTRICTED] ]
2021-07-10 17:37:20.983 3913-4386/? D/ConnectivityService:   checking if request is satisfied: NetworkRequest [ id=2973, legacyType=-1, [ Capabilities: INTERNET&NOT_RESTRICTED&TRUSTED] ]
2021-07-10 17:37:20.983 4519-4673/? D/NetworkController: onReceive: intent=Intent { act=android.net.wifi.RSSI_CHANGED flg=0x4000010 launchParam=MultiScreenLaunchParams { mDisplayId=0 mBaseDisplayId=0 mFlags=0 } bqHint=1 (has extras) }
2021-07-10 17:37:20.984 3913-4386/? D/ConnectivityService:   checking if request is satisfied: NetworkRequest [ id=2783, legacyType=-1, [ Capabilities: INTERNET&NOT_RESTRICTED&TRUSTED] ]
2021-07-10 17:37:20.984 3913-4386/? D/ConnectivityService:   checking if request is satisfied: NetworkRequest [ id=3003, legacyType=-1, [ Capabilities: INTERNET&NOT_RESTRICTED&TRUSTED] ]
2021-07-10 17:37:20.984 3913-4386/? D/ConnectivityService:   checking if request is satisfied: NetworkRequest [ id=8, legacyType=-1, [ Transports: WIFI Capabilities: INTERNET&NOT_RESTRICTED&TRUSTED&NOT_VPN] ]
2021-07-10 17:37:20.984 3913-4386/? D/ConnectivityService:   checking if request is satisfied: NetworkRequest [ id=2903, legacyType=-1, [ Capabilities: INTERNET&NOT_RESTRICTED&TRUSTED] ]
2021-07-10 17:37:20.984 3913-4386/? D/ConnectivityService: Network NetworkAgentInfo [WIFI () - 519] was already satisfying request 2963. No change.
2021-07-10 17:37:20.984 3913-4386/? D/ConnectivityService: Network NetworkAgentInfo [WIFI () - 519] was already satisfying request 1. No change.
2021-07-10 17:37:20.984 3913-4386/? D/ConnectivityService:   checking if request is satisfied: NetworkRequest [ id=2822, legacyType=-1, [ Capabilities: INTERNET&NOT_RESTRICTED&TRUSTED] ]
2021-07-10 17:37:20.984 3913-4386/? D/ConnectivityService:   checking if request is satisfied: NetworkRequest [ id=3, legacyType=-1, [] ]
2021-07-10 17:37:20.984 3913-4386/? D/ConnectivityService:   checking if request is satisfied: NetworkRequest [ id=2842, legacyType=-1, [ Capabilities: INTERNET&NOT_RESTRICTED&TRUSTED] ]
2021-07-10 17:37:20.985 3913-4386/? D/ConnectivityService:   checking if request is satisfied: NetworkRequest [ id=3001, legacyType=-1, [ Capabilities: INTERNET&NOT_RESTRICTED&TRUSTED&NOT_VPN] ]
2021-07-10 17:37:20.985 3913-4386/? D/ConnectivityService:   checking if request is satisfied: NetworkRequest [ id=2964, legacyType=-1, [ Capabilities: INTERNET&NOT_RESTRICTED&TRUSTED] ]
2021-07-10 17:37:20.985 3913-4386/? D/ConnectivityService:   checking if request is satisfied: NetworkRequest [ id=7, legacyType=-1, [ Transports: CELLULAR Capabilities: INTERNET&NOT_RESTRICTED&TRUSTED&NOT_VPN] ]
2021-07-10 17:37:20.985 3913-4386/? D/ConnectivityService:   checking if request is satisfied: NetworkRequest [ id=4, legacyType=-1, [] ]
2021-07-10 17:37:20.985 3913-4386/? D/ConnectivityService: Network NetworkAgentInfo [WIFI () - 519] was already satisfying request 2977. No change.
2021-07-10 17:37:20.985 3913-4386/? D/ConnectivityService:   checking if request is satisfied: NetworkRequest [ id=2974, legacyType=-1, [ Capabilities: INTERNET&NOT_RESTRICTED&TRUSTED] ]
2021-07-10 17:37:20.985 3913-4386/? D/ConnectivityService: notifyType CAP_CHANGED for NetworkAgentInfo [WIFI () - 519]
2021-07-10 17:37:20.985 3913-4386/? D/ConnectivityService:  sending notification for NetworkRequest [ id=1, legacyType=-1, [ Capabilities: INTERNET&NOT_RESTRICTED&TRUSTED&NOT_VPN] ]
2021-07-10 17:37:20.985 3913-4386/? D/ConnectivityService:  sending notification for NetworkRequest [ id=3, legacyType=-1, [] ]
2021-07-10 17:37:20.986 3913-4386/? D/ConnectivityService: sending notification CAP_CHANGED for NetworkRequest [ id=3, legacyType=-1, [] ]
2021-07-10 17:37:20.986 3913-4386/? D/ConnectivityService:  sending notification for NetworkRequest [ id=4, legacyType=-1, [] ]
2021-07-10 17:37:20.986 4519-4519/? E/SignalClusterView: setSlotFocusVisible : subId 1
2021-07-10 17:37:20.986 3913-4386/? D/ConnectivityService: sending notification CAP_CHANGED for NetworkRequest [ id=4, legacyType=-1, [] ]
2021-07-10 17:37:20.986 4519-4519/? E/SignalClusterView: setSlotFocusVisible : subId 1
2021-07-10 17:37:20.986 3913-4386/? D/ConnectivityService:  sending notification for NetworkRequest [ id=5, legacyType=-1, [ Transports: WIFI Capabilities: INTERNET&NOT_RESTRICTED&TRUSTED&NOT_VPN] ]
2021-07-10 17:37:20.986 3913-4386/? D/ConnectivityService: sending notification CAP_CHANGED for NetworkRequest [ id=5, legacyType=-1, [ Transports: WIFI Capabilities: INTERNET&NOT_RESTRICTED&TRUSTED&NOT_VPN] ]
2021-07-10 17:37:20.987 3913-4386/? D/ConnectivityService:  sending notification for NetworkRequest [ id=6, legacyType=-1, [ Transports: WIFI Capabilities: INTERNET&NOT_RESTRICTED&TRUSTED&NOT_VPN] ]
2021-07-10 17:37:20.987 3913-4386/? D/ConnectivityService: sending notification CAP_CHANGED for NetworkRequest [ id=6, legacyType=-1, [ Transports: WIFI Capabilities: INTERNET&NOT_RESTRICTED&TRUSTED&NOT_VPN] ]
2021-07-10 17:37:20.987 3913-4386/? D/ConnectivityService:  sending notification for NetworkRequest [ id=8, legacyType=-1, [ Transports: WIFI Capabilities: INTERNET&NOT_RESTRICTED&TRUSTED&NOT_VPN] ]
2021-07-10 17:37:20.988 3913-4386/? D/ConnectivityService: sending notification CAP_CHANGED for NetworkRequest [ id=8, legacyType=-1, [ Transports: WIFI Capabilities: INTERNET&NOT_RESTRICTED&TRUSTED&NOT_VPN] ]
2021-07-10 17:37:20.988 3913-4386/? D/ConnectivityService:  sending notification for NetworkRequest [ id=9, legacyType=-1, [ Transports: CELLULAR|WIFI Capabilities: NOT_RESTRICTED&TRUSTED&NOT_VPN] ]
2021-07-10 17:37:20.988 3913-4386/? D/ConnectivityService: sending notification CAP_CHANGED for NetworkRequest [ id=9, legacyType=-1, [ Transports: CELLULAR|WIFI Capabilities: NOT_RESTRICTED&TRUSTED&NOT_VPN] ]
2021-07-10 17:37:20.988 3913-4386/? D/ConnectivityService:  sending notification for NetworkRequest [ id=2783, legacyType=-1, [ Capabilities: INTERNET&NOT_RESTRICTED&TRUSTED] ]
2021-07-10 17:37:20.989 3913-4386/? D/ConnectivityService: sending notification CAP_CHANGED for NetworkRequest [ id=2783, legacyType=-1, [ Capabilities: INTERNET&NOT_RESTRICTED&TRUSTED] ]
2021-07-10 17:37:20.989 3913-4386/? D/ConnectivityService:  sending notification for NetworkRequest [ id=2804, legacyType=-1, [ Capabilities: NOT_RESTRICTED] ]
2021-07-10 17:37:20.989 3913-4386/? D/ConnectivityService: sending notification CAP_CHANGED for NetworkRequest [ id=2804, legacyType=-1, [ Capabilities: NOT_RESTRICTED] ]
2021-07-10 17:37:20.990 3913-4386/? D/ConnectivityService:  sending notification for NetworkRequest [ id=2822, legacyType=-1, [ Capabilities: INTERNET&NOT_RESTRICTED&TRUSTED] ]
2021-07-10 17:37:20.990 3913-4386/? D/ConnectivityService: sending notification CAP_CHANGED for NetworkRequest [ id=2822, legacyType=-1, [ Capabilities: INTERNET&NOT_RESTRICTED&TRUSTED] ]
2021-07-10 17:37:20.991 3913-4386/? D/ConnectivityService:  sending notification for NetworkRequest [ id=2842, legacyType=-1, [ Capabilities: INTERNET&NOT_RESTRICTED&TRUSTED] ]
2021-07-10 17:37:20.991 3913-4386/? D/ConnectivityService: sending notification CAP_CHANGED for NetworkRequest [ id=2842, legacyType=-1, [ Capabilities: INTERNET&NOT_RESTRICTED&TRUSTED] ]
2021-07-10 17:37:20.992 3913-4386/? D/ConnectivityService:  sending notification for NetworkRequest [ id=2852, legacyType=-1, [ Capabilities: INTERNET&NOT_RESTRICTED&TRUSTED] ]
2021-07-10 17:37:20.992 3588-3710/? E/nightwatch-target: lmkd signal waiters
2021-07-10 17:37:20.992 3913-4386/? D/ConnectivityService: sending notification CAP_CHANGED for NetworkRequest [ id=2852, legacyType=-1, [ Capabilities: INTERNET&NOT_RESTRICTED&TRUSTED] ]
2021-07-10 17:37:20.992 3913-4386/? D/ConnectivityService:  sending notification for NetworkRequest [ id=2893, legacyType=-1, [ Capabilities: INTERNET&NOT_RESTRICTED&TRUSTED&NOT_VPN] ]
2021-07-10 17:37:20.993 3913-4386/? D/ConnectivityService: sending notification CAP_CHANGED for NetworkRequest [ id=2893, legacyType=-1, [ Capabilities: INTERNET&NOT_RESTRICTED&TRUSTED&NOT_VPN] ]
2021-07-10 17:37:20.993 3913-4386/? D/ConnectivityService:  sending notification for NetworkRequest [ id=2903, legacyType=-1, [ Capabilities: INTERNET&NOT_RESTRICTED&TRUSTED] ]
2021-07-10 17:37:20.993 3913-4386/? D/ConnectivityService: sending notification CAP_CHANGED for NetworkRequest [ id=2903, legacyType=-1, [ Capabilities: INTERNET&NOT_RESTRICTED&TRUSTED] ]
2021-07-10 17:37:20.994 3913-4386/? D/ConnectivityService:  sending notification for NetworkRequest [ id=2963, legacyType=-1, [ Capabilities: INTERNET&NOT_RESTRICTED&TRUSTED&NOT_VPN] ]
2021-07-10 17:37:20.994 3913-4386/? D/ConnectivityService: sending notification CAP_CHANGED for NetworkRequest [ id=2963, legacyType=-1, [ Capabilities: INTERNET&NOT_RESTRICTED&TRUSTED&NOT_VPN] ]
2021-07-10 17:37:20.994 3913-4386/? D/ConnectivityService:  sending notification for NetworkRequest [ id=2964, legacyType=-1, [ Capabilities: INTERNET&NOT_RESTRICTED&TRUSTED] ]
2021-07-10 17:37:20.995 3913-4386/? D/ConnectivityService: sending notification CAP_CHANGED for NetworkRequest [ id=2964, legacyType=-1, [ Capabilities: INTERNET&NOT_RESTRICTED&TRUSTED] ]
2021-07-10 17:37:20.995 3913-4386/? D/ConnectivityService:  sending notification for NetworkRequest [ id=2972, legacyType=-1, [ Capabilities: INTERNET&NOT_RESTRICTED&TRUSTED] ]
2021-07-10 17:37:20.995 3913-4386/? D/ConnectivityService: sending notification CAP_CHANGED for NetworkRequest [ id=2972, legacyType=-1, [ Capabilities: INTERNET&NOT_RESTRICTED&TRUSTED] ]
2021-07-10 17:37:20.996 3913-4386/? D/ConnectivityService:  sending notification for NetworkRequest [ id=2973, legacyType=-1, [ Capabilities: INTERNET&NOT_RESTRICTED&TRUSTED] ]
2021-07-10 17:37:20.996 3913-4386/? D/ConnectivityService: sending notification CAP_CHANGED for NetworkRequest [ id=2973, legacyType=-1, [ Capabilities: INTERNET&NOT_RESTRICTED&TRUSTED] ]
2021-07-10 17:37:20.996 3913-4386/? D/ConnectivityService:  sending notification for NetworkRequest [ id=2974, legacyType=-1, [ Capabilities: INTERNET&NOT_RESTRICTED&TRUSTED] ]
2021-07-10 17:37:20.997 3913-4386/? D/ConnectivityService: sending notification CAP_CHANGED for NetworkRequest [ id=2974, legacyType=-1, [ Capabilities: INTERNET&NOT_RESTRICTED&TRUSTED] ]
2021-07-10 17:37:20.998 3913-4386/? D/ConnectivityService:  sending notification for NetworkRequest [ id=2976, legacyType=-1, [ Capabilities: INTERNET&NOT_RESTRICTED&TRUSTED&NOT_VPN] ]
2021-07-10 17:37:20.999 3913-4386/? D/ConnectivityService: sending notification CAP_CHANGED for NetworkRequest [ id=2976, legacyType=-1, [ Capabilities: INTERNET&NOT_RESTRICTED&TRUSTED&NOT_VPN] ]
2021-07-10 17:37:20.999 3913-4386/? D/ConnectivityService:  sending notification for NetworkRequest [ id=2977, legacyType=-1, [ Capabilities: INTERNET&NOT_RESTRICTED&TRUSTED&NOT_VPN] ]
2021-07-10 17:37:20.999 3913-4386/? D/ConnectivityService: sending notification CAP_CHANGED for NetworkRequest [ id=2977, legacyType=-1, [ Capabilities: INTERNET&NOT_RESTRICTED&TRUSTED&NOT_VPN] ]
2021-07-10 17:37:21.000 3913-4386/? D/ConnectivityService:  sending notification for NetworkRequest [ id=3001, legacyType=-1, [ Capabilities: INTERNET&NOT_RESTRICTED&TRUSTED&NOT_VPN] ]
2021-07-10 17:37:21.001 3913-4386/? D/ConnectivityService: sending notification CAP_CHANGED for NetworkRequest [ id=3001, legacyType=-1, [ Capabilities: INTERNET&NOT_RESTRICTED&TRUSTED&NOT_VPN] ]
2021-07-10 17:37:21.001 3913-4386/? D/ConnectivityService:  sending notification for NetworkRequest [ id=3003, legacyType=-1, [ Capabilities: INTERNET&NOT_RESTRICTED&TRUSTED] ]
2021-07-10 17:37:21.002 3913-4386/? D/ConnectivityService: sending notification CAP_CHANGED for NetworkRequest [ id=3003, legacyType=-1, [ Capabilities: INTERNET&NOT_RESTRICTED&TRUSTED] ]
2021-07-10 17:37:21.002 3913-4386/? D/ConnectivityService:  sending notification for NetworkRequest [ id=3004, legacyType=-1, [ Transports: WIFI Capabilities: NOT_RESTRICTED&TRUSTED&NOT_VPN] ]
2021-07-10 17:37:21.002 3913-4386/? D/ConnectivityService: sending notification CAP_CHANGED for NetworkRequest [ id=3004, legacyType=-1, [ Transports: WIFI Capabilities: NOT_RESTRICTED&TRUSTED&NOT_VPN] ]
2021-07-10 17:37:21.358 3913-4332/? D/InputReader: Input event(3): value=1 when=198422600104000
2021-07-10 17:37:21.358 3913-4332/? I/InputReader: Touch event's action is 0x0 (deviceType=0) [pCnt=1, s=0.34316 ] when=198422600104000
2021-07-10 17:37:21.358 3913-4331/? I/InputDispatcher: Delivering touch to (4519): action: 0x4, toolType: 1
2021-07-10 17:37:21.358 3913-4331/? I/InputDispatcher: Delivering touch to (5659): action: 0x0, toolType: 1
2021-07-10 17:37:21.359 5659-5659/? D/ViewRootImpl@b3b2dbc[InputMethod]: ViewPostImeInputStage processPointer 0
2021-07-10 17:37:21.361 3753-21359/? I/APM_AudioPolicyManager: getSituationVolume: isBTConnected:0 isHeadConnected:0
2021-07-10 17:37:21.362 3753-4295/? W/AudioPolicyIntefaceImpl: Skipped to add effects on session 8785
2021-07-10 17:37:21.362 3753-4295/? I/APM_AudioPolicyManager: startOutput() output 21, stream 1, session 8785
2021-07-10 17:37:21.399 2208-2265/? E/nightwatch-target: lmkd signal waiters
2021-07-10 17:37:21.441 3913-4332/? D/InputReader: Input event(3): value=0 when=198422682804000
2021-07-10 17:37:21.441 3913-4332/? I/InputReader: Touch event's action is 0x1 (deviceType=0) [pCnt=1, s=] when=198422682804000
2021-07-10 17:37:21.441 3913-4331/? I/InputDispatcher: Delivering touch to (5659): action: 0x1, toolType: 1
2021-07-10 17:37:21.441 5659-5659/? D/ViewRootImpl@b3b2dbc[InputMethod]: ViewPostImeInputStage processPointer 1
2021-07-10 17:37:21.443 5659-5659/? I/SKBD: AbstractKeyboardView [AKV] detectAndSendKey - mCurrentInputMethod : 0, mInputLanguage : 1701729619
2021-07-10 17:37:21.444 5659-5659/? I/SKBD: ti onCharacterKey() IR : 0
2021-07-10 17:37:21.444 5659-5659/? I/SKBD: [IIManager] IIfo SI [il:0x656e5553] [p:0] [c:0] [t:0] [im:0/0/0/0/0/0] [sC:0] [aC:1] [sS:1] [aS:1] [aP:0] [pW:1] [eM:0] [uR:0] [acI:0] [iT:81] [iO:4000006] [pN:com.loginmodule.learning] [pO:null]
2021-07-10 17:37:21.444 5659-5659/? I/SKBD: [IIManager] IIfo II [ir:0] [hC:0] [hI:0] [tr:0] [tc:0] [cpl:1] [xyD:0/0] [xycD:-9/13] [kWHG:59/85/11] [tD:82] [tP:2] [fil:true] [IC:0/0] [cB:0/0]
2021-07-10 17:37:21.470 5659-5659/? I/SKBD: nn [SIIC] getCursorCapsMode done, tookTime1
2021-07-10 17:37:21.493 3588-3710/? E/nightwatch-target: lmkd signal waiters
2021-07-10 17:37:21.512 3753-3829/? I/APM_AudioPolicyManager: stopOutput() output 21, stream 1, session 8785
2021-07-10 17:37:21.720 5106-5106/? D/io_stats: !@ 179,0 r 18611747 396115377 w 3048602 51145592 d 458624 20258260 f 698472 698168 iot 11639170 11172634 th 51200 0 0 pt 0 inp 0 0 198422.960
2021-07-10 17:37:21.779 2383-8226/? I/display: [PrimaryDisplay] [DYNAMIC_RECOMP] HWC_2_GLES by low FPS(3)
2021-07-10 17:37:21.893 3913-3913/? D/WifiTrafficPoller: notifyOnDataActivity() - mBusMaxLock.acquire()
2021-07-10 17:37:21.900 2208-2265/? E/nightwatch-target: lmkd signal waiters
2021-07-10 17:37:21.923 2383-2383/? I/display: [PrimaryDisplay] [DYNAMIC_RECOMP] first frame after HWC_2_GLES
2021-07-10 17:37:21.923 2383-2383/? I/display: [PrimaryDisplay] [DYNAMIC_RECOMP] GLES_2_HWC by high FPS(5)
2021-07-10 17:37:21.993 3588-3710/? E/nightwatch-target: lmkd signal waiters
2021-07-10 17:37:22.060 3913-4332/? D/InputReader: Input event(3): value=1 when=198423301905000
2021-07-10 17:37:22.060 3913-4332/? I/InputReader: Touch event's action is 0x0 (deviceType=0) [pCnt=1, s=0.34317 ] when=198423301905000
2021-07-10 17:37:22.060 3913-4331/? I/InputDispatcher: Delivering touch to (4519): action: 0x4, toolType: 1
2021-07-10 17:37:22.060 3913-4331/? I/InputDispatcher: Delivering touch to (5659): action: 0x0, toolType: 1
2021-07-10 17:37:22.061 5659-5659/? D/ViewRootImpl@b3b2dbc[InputMethod]: ViewPostImeInputStage processPointer 0
2021-07-10 17:37:22.062 3753-4404/? I/APM_AudioPolicyManager: getSituationVolume: isBTConnected:0 isHeadConnected:0
2021-07-10 17:37:22.063 3753-4403/? W/AudioPolicyIntefaceImpl: Skipped to add effects on session 8785
2021-07-10 17:37:22.063 3753-4403/? I/APM_AudioPolicyManager: startOutput() output 21, stream 1, session 8785
2021-07-10 17:37:22.125 3913-4332/? D/InputReader: Input event(3): value=0 when=198423367450000
2021-07-10 17:37:22.125 3913-4332/? I/InputReader: Touch event's action is 0x1 (deviceType=0) [pCnt=1, s=] when=198423367450000
2021-07-10 17:37:22.125 3913-4331/? I/InputDispatcher: Delivering touch to (5659): action: 0x1, toolType: 1
2021-07-10 17:37:22.126 5659-5659/? D/ViewRootImpl@b3b2dbc[InputMethod]: ViewPostImeInputStage processPointer 1
2021-07-10 17:37:22.127 5659-5659/? I/SKBD: AbstractKeyboardView [AKV] detectAndSendKey - mCurrentInputMethod : 0, mInputLanguage : 1701729619
2021-07-10 17:37:22.128 5659-5659/? I/SKBD: ti onCharacterKey() IR : 0
2021-07-10 17:37:22.128 5659-5659/? I/SKBD: [IIManager] IIfo SI [il:0x656e5553] [p:0] [c:0] [t:0] [im:0/0/0/0/0/0] [sC:0] [aC:1] [sS:0] [aS:1] [aP:0] [pW:1] [eM:0] [uR:0] [acI:0] [iT:81] [iO:4000006] [pN:com.loginmodule.learning] [pO:null]
2021-07-10 17:37:22.128 5659-5659/? I/SKBD: [IIManager] IIfo II [ir:0] [hC:0] [hI:0] [tr:0] [tc:0] [cpl:1] [xyD:2/0] [xycD:-14/34] [kWHG:59/85/11] [tD:66] [tP:2] [fil:true] [IC:1/1] [cB:0/0]
2021-07-10 17:37:22.144 5659-5659/? I/SKBD: nn [SIIC] getCursorCapsMode done, tookTime1
2021-07-10 17:37:22.212 3753-3829/? I/APM_AudioPolicyManager: stopOutput() output 21, stream 1, session 8785
2021-07-10 17:37:22.401 2208-2265/? E/nightwatch-target: lmkd signal waiters
2021-07-10 17:37:22.480 2383-8226/? I/display: [PrimaryDisplay] [DYNAMIC_RECOMP] HWC_2_GLES by low FPS(0)
2021-07-10 17:37:22.495 3588-3710/? E/nightwatch-target: lmkd signal waiters
2021-07-10 17:37:22.657 2383-2383/? I/display: [PrimaryDisplay] [DYNAMIC_RECOMP] first frame after HWC_2_GLES
2021-07-10 17:37:22.658 2383-2383/? I/display: [PrimaryDisplay] [DYNAMIC_RECOMP] GLES_2_HWC by high FPS(5)
2021-07-10 17:37:22.677 3913-4332/? D/InputReader: Input event(3): value=1 when=198423919431000
2021-07-10 17:37:22.677 3913-4332/? I/InputReader: Touch event's action is 0x0 (deviceType=0) [pCnt=1, s=0.34318 ] when=198423919431000
2021-07-10 17:37:22.678 3913-4331/? I/InputDispatcher: Delivering touch to (4519): action: 0x4, toolType: 1
2021-07-10 17:37:22.678 3913-4331/? I/InputDispatcher: Delivering touch to (5659): action: 0x0, toolType: 1
2021-07-10 17:37:22.678 5659-5659/? D/ViewRootImpl@b3b2dbc[InputMethod]: ViewPostImeInputStage processPointer 0
2021-07-10 17:37:22.678 3913-4331/? D/PowerManagerService: [api] userActivityFromNative : 40 (event: 2 flags: 0) eventTime = 198423919
2021-07-10 17:37:22.680 3753-31568/? I/APM_AudioPolicyManager: getSituationVolume: isBTConnected:0 isHeadConnected:0
2021-07-10 17:37:22.681 3753-3753/? W/AudioPolicyIntefaceImpl: Skipped to add effects on session 8785
2021-07-10 17:37:22.681 3753-3753/? I/APM_AudioPolicyManager: startOutput() output 21, stream 1, session 8785
2021-07-10 17:37:22.776 3913-4332/? D/InputReader: Input event(3): value=0 when=198424018710000
2021-07-10 17:37:22.777 3913-4332/? I/InputReader: Touch event's action is 0x1 (deviceType=0) [pCnt=1, s=] when=198424018710000
2021-07-10 17:37:22.777 3913-4331/? I/InputDispatcher: Delivering touch to (5659): action: 0x1, toolType: 1
2021-07-10 17:37:22.777 5659-5659/? D/ViewRootImpl@b3b2dbc[InputMethod]: ViewPostImeInputStage processPointer 1
2021-07-10 17:37:22.779 5659-5659/? I/SKBD: AbstractKeyboardView [AKV] detectAndSendKey - mCurrentInputMethod : 0, mInputLanguage : 1701729619
2021-07-10 17:37:22.779 5659-5659/? I/SKBD: ti onCharacterKey() IR : 0
2021-07-10 17:37:22.780 5659-5659/? I/SKBD: [IIManager] IIfo SI [il:0x656e5553] [p:0] [c:0] [t:0] [im:0/0/0/0/0/0] [sC:0] [aC:1] [sS:0] [aS:1] [aP:0] [pW:1] [eM:0] [uR:0] [acI:0] [iT:81] [iO:4000006] [pN:com.loginmodule.learning] [pO:null]
2021-07-10 17:37:22.780 5659-5659/? I/SKBD: [IIManager] IIfo II [ir:0] [hC:0] [hI:0] [tr:0] [tc:0] [cpl:1] [xyD:-5/0] [xycD:6/19] [kWHG:59/85/11] [tD:99] [tP:3] [fil:true] [IC:1/1] [cB:0/0]
2021-07-10 17:37:22.795 5659-5659/? I/SKBD: nn [SIIC] getCursorCapsMode done, tookTime1
2021-07-10 17:37:22.832 3753-3829/? I/APM_AudioPolicyManager: stopOutput() output 21, stream 1, session 8785
2021-07-10 17:37:22.878 3913-4332/? D/InputReader: Input event(3): value=1 when=198424119745000
2021-07-10 17:37:22.878 3913-4332/? I/InputReader: Touch event's action is 0x0 (deviceType=0) [pCnt=1, s=0.34319 ] when=198424119745000
2021-07-10 17:37:22.878 3913-4331/? I/InputDispatcher: Delivering touch to (4519): action: 0x4, toolType: 1
2021-07-10 17:37:22.878 3913-4331/? I/InputDispatcher: Delivering touch to (5659): action: 0x0, toolType: 1
2021-07-10 17:37:22.878 5659-5659/? D/ViewRootImpl@b3b2dbc[InputMethod]: ViewPostImeInputStage processPointer 0
2021-07-10 17:37:22.880 3753-4403/? I/APM_AudioPolicyManager: getSituationVolume: isBTConnected:0 isHeadConnected:0
2021-07-10 17:37:22.881 3753-4404/? W/AudioPolicyIntefaceImpl: Skipped to add effects on session 8785
2021-07-10 17:37:22.881 3753-4404/? I/APM_AudioPolicyManager: startOutput() output 21, stream 1, session 8785
2021-07-10 17:37:22.894 3913-3913/? D/WifiTrafficPoller: notifyOnDataActivity() - mBusMaxLock.acquire()
2021-07-10 17:37:22.901 2208-2265/? E/nightwatch-target: lmkd signal waiters
2021-07-10 17:37:22.944 3913-4332/? D/InputReader: Input event(3): value=0 when=198424186004000
2021-07-10 17:37:22.944 3913-4332/? I/InputReader: Touch event's action is 0x1 (deviceType=0) [pCnt=1, s=] when=198424186004000
2021-07-10 17:37:22.944 3913-4331/? I/InputDispatcher: Delivering touch to (5659): action: 0x1, toolType: 1
2021-07-10 17:37:22.944 5659-5659/? D/ViewRootImpl@b3b2dbc[InputMethod]: ViewPostImeInputStage processPointer 1
2021-07-10 17:37:22.946 5659-5659/? I/SKBD: AbstractKeyboardView [AKV] detectAndSendKey - mCurrentInputMethod : 0, mInputLanguage : 1701729619
2021-07-10 17:37:22.946 5659-5659/? I/SKBD: ti onCharacterKey() IR : 0
2021-07-10 17:37:22.947 5659-5659/? I/SKBD: [IIManager] IIfo SI [il:0x656e5553] [p:0] [c:0] [t:0] [im:0/0/0/0/0/0] [sC:0] [aC:1] [sS:0] [aS:1] [aP:0] [pW:1] [eM:0] [uR:0] [acI:0] [iT:81] [iO:4000006] [pN:com.loginmodule.learning] [pO:null]
2021-07-10 17:37:22.947 5659-5659/? I/SKBD: [IIManager] IIfo II [ir:0] [hC:0] [hI:0] [tr:0] [tc:0] [cpl:1] [xyD:0/0] [xycD:4/25] [kWHG:59/85/11] [tD:67] [tP:2] [fil:true] [IC:1/1] [cB:0/0]
2021-07-10 17:37:22.962 5659-5659/? I/SKBD: nn [SIIC] getCursorCapsMode done, tookTime1
2021-07-10 17:37:22.971 3913-4364/? I/WifiHAL: Creating message to get link statistics
2021-07-10 17:37:22.973 3913-4364/? D/WifiHAL: response_handler called
2021-07-10 17:37:22.973 3913-4364/? D/WifiHAL: event len = 1108
2021-07-10 17:37:22.973 3913-4364/? I/WifiHAL: In GetLinkStatsCommand::handleResponse
2021-07-10 17:37:22.973 3913-4364/? I/WifiHAL: Id = 0, subcmd = 0
2021-07-10 17:37:22.973 3913-4364/? D/wifi: onLinkStatsResults: radio_stat.on_time = 0
2021-07-10 17:37:22.973 3913-4364/? D/wifi: onLinkStatsResults: radio_stat.tx_time = 0
2021-07-10 17:37:22.973 3913-4364/? D/wifi: onLinkStatsResults: radio_stat.rx_time = 0
2021-07-10 17:37:22.973 3913-4364/? D/WifiHAL: ack_handler called
2021-07-10 17:37:22.973 3913-4364/? D/wifi: android_net_wifi_getLinkLayerStats: radio_stat.on_time = 0
2021-07-10 17:37:22.973 3913-4364/? D/wifi: android_net_wifi_getLinkLayerStats: radio_stat.tx_time = 0
2021-07-10 17:37:22.973 3913-4364/? D/wifi: android_net_wifi_getLinkLayerStats: radio_stat.rx_time = 0
2021-07-10 17:37:22.976 3913-4364/? D/WifiStateMachine: Current network is: "test2" , ID is: 3
2021-07-10 17:37:22.976 3913-4364/? D/WifiStateMachine: Current network is still qualified due to heavy traffic, txSuccessRate=0.5 rxSuccessRate=0.0
2021-07-10 17:37:22.995 3588-3710/? E/nightwatch-target: lmkd signal waiters
2021-07-10 17:37:23.032 3753-3829/? I/APM_AudioPolicyManager: stopOutput() output 21, stream 1, session 8785
2021-07-10 17:37:23.281 2383-8226/? I/display: [PrimaryDisplay] [DYNAMIC_RECOMP] HWC_2_GLES by low FPS(0)
2021-07-10 17:37:23.396 3913-4332/? D/InputReader: Input event(3): value=1 when=198424638026000
2021-07-10 17:37:23.396 3913-4332/? I/InputReader: Touch event's action is 0x0 (deviceType=0) [pCnt=1, s=0.34320 ] when=198424638026000
2021-07-10 17:37:23.396 3913-4331/? I/InputDispatcher: Delivering touch to (4519): action: 0x4, toolType: 1
2021-07-10 17:37:23.396 3913-4331/? I/InputDispatcher: Delivering touch to (5659): action: 0x0, toolType: 1
2021-07-10 17:37:23.397 5659-5659/? D/ViewRootImpl@b3b2dbc[InputMethod]: ViewPostImeInputStage processPointer 0
2021-07-10 17:37:23.399 3753-3753/? I/APM_AudioPolicyManager: getSituationVolume: isBTConnected:0 isHeadConnected:0
2021-07-10 17:37:23.400 3753-4295/? W/AudioPolicyIntefaceImpl: Skipped to add effects on session 8785
2021-07-10 17:37:23.400 3753-4295/? I/APM_AudioPolicyManager: startOutput() output 21, stream 1, session 8785
2021-07-10 17:37:23.402 2208-2265/? E/nightwatch-target: lmkd signal waiters
2021-07-10 17:37:23.425 2383-2383/? I/display: [PrimaryDisplay] [DYNAMIC_RECOMP] first frame after HWC_2_GLES
2021-07-10 17:37:23.425 2383-2383/? I/display: [PrimaryDisplay] [DYNAMIC_RECOMP] GLES_2_HWC by high FPS(5)
2021-07-10 17:37:23.462 3913-4332/? D/InputReader: Input event(3): value=0 when=198424703743000
2021-07-10 17:37:23.462 3913-4332/? I/InputReader: Touch event's action is 0x1 (deviceType=0) [pCnt=1, s=] when=198424703743000
2021-07-10 17:37:23.462 3913-4331/? I/InputDispatcher: Delivering touch to (5659): action: 0x1, toolType: 1
2021-07-10 17:37:23.462 5659-5659/? D/ViewRootImpl@b3b2dbc[InputMethod]: ViewPostImeInputStage processPointer 1
2021-07-10 17:37:23.464 5659-5659/? I/SKBD: AbstractKeyboardView [AKV] detectAndSendKey - mCurrentInputMethod : 0, mInputLanguage : 1701729619
2021-07-10 17:37:23.464 5659-5659/? I/SKBD: ti onCharacterKey() IR : 0
2021-07-10 17:37:23.465 5659-5659/? I/SKBD: [IIManager] IIfo SI [il:0x656e5553] [p:0] [c:0] [t:0] [im:0/0/0/0/0/0] [sC:0] [aC:1] [sS:0] [aS:1] [aP:0] [pW:1] [eM:0] [uR:0] [acI:0] [iT:81] [iO:4000006] [pN:com.loginmodule.learning] [pO:null]
2021-07-10 17:37:23.465 5659-5659/? I/SKBD: [IIManager] IIfo II [ir:0] [hC:0] [hI:0] [tr:0] [tc:0] [cpl:1] [xyD:0/0] [xycD:-4/20] [kWHG:59/85/11] [tD:65] [tP:1] [fil:true] [IC:1/1] [cB:0/0]
2021-07-10 17:37:23.480 5659-5659/? I/SKBD: nn [SIIC] getCursorCapsMode done, tookTime1
2021-07-10 17:37:23.496 3588-3710/? E/nightwatch-target: lmkd signal waiters
2021-07-10 17:37:23.552 3753-3829/? I/APM_AudioPolicyManager: stopOutput() output 21, stream 1, session 8785
2021-07-10 17:37:23.882 2383-8226/? I/display: [PrimaryDisplay] [DYNAMIC_RECOMP] HWC_2_GLES by low FPS(0)
2021-07-10 17:37:23.897 3913-3913/? D/WifiTrafficPoller: notifyOnDataActivity() - mBusMaxLock.acquire()
2021-07-10 17:37:23.902 2208-2265/? E/nightwatch-target: lmkd signal waiters
2021-07-10 17:37:23.994 2383-238