           HWC | e8304aa0 | 0000 | 0020 | 00 | 0100 | RGBA_8888   |    0.0,    0.0,  720.0, 1280.0 |    0,    0,  720, 1280 | com.loginmodule.learning/com.loginmodule.learning.activities.LoginActivity
           HWC | e8304f00 | 0000 | 0020 | 00 | 0105 | RGBA_8888   |    0.0,    0.0,  720.0, 1280.0 |    0,    0,  720, 1280 | Starting com.loginmodule.learning
           HWC | e848cc80 | 0000 | 0000 | 00 | 0105 | RGBA_8888   |    0.0,    0.0,  720.0,   48.0 |    0,    0,  720,   48 | StatusBar
     FB TARGET | e8304500 | 0000 | 0000 | 00 | 0105 | RGBA_8888   |    0.0,    0.0,  720.0, 1280.0 |    0,    0,  720, 1280 | HWC_FRAMEBUFFER_T
2021-07-10 17:36:53.647 2383-2383/? D/SurfaceFlinger: ARGET
2021-07-10 17:36:53.652 3913-4372/? I/WindowManager_SurfaceController: Destroying surface Surface(name=com.sec.android.app.launcher/com.sec.android.app.launcher.activities.LauncherActivity) called by com.android.server.wm.WindowStateAnimator.destroySurface:3074 com.android.server.wm.WindowStateAnimator.destroySurfaceLocked:1138 com.android.server.wm.WindowState.destroyOrSaveSurface:2844 com.android.server.wm.AppWindowToken.destroySurfaces:429 com.android.server.wm.AppWindowToken.destroySurfaces:393 com.android.server.wm.AppWindowToken.notifyAppStopped:473 com.android.server.wm.WindowManagerService.notifyAppStopped:5602 com.android.server.am.ActivityStack.activityStoppedLocked:1612 
2021-07-10 17:36:53.652 2383-2389/? I/SurfaceFlinger: id=6257 Removed com.sec.android.app.launcher/com.sec.android.app.launcher.activities.LauncherActivity (1/6)
2021-07-10 17:36:53.652 2383-2550/? I/SurfaceFlinger: id=6257 Removed com.sec.android.app.launcher/com.sec.android.app.launcher.activities.LauncherActivity (-2/6)
2021-07-10 17:36:53.786 3913-4415/? D/MdnieScenarioControlService:  packageName : com.loginmodule.learning    className : com.loginmodule.learning.activities.LoginActivity
2021-07-10 17:36:53.787 3913-4415/? V/MdnieScenarioControlService: setUIMode from UI function(3)
2021-07-10 17:36:53.799 3913-3995/? I/WindowManager_SurfaceController: Destroying surface Surface(name=Starting com.loginmodule.learning) called by com.android.server.wm.WindowStateAnimator.destroySurface:3074 com.android.server.wm.WindowStateAnimator.destroySurfaceLocked:1138 com.android.server.wm.WindowState.destroyOrSaveSurface:2844 com.android.server.wm.AppWindowToken.destroySurfaces:429 com.android.server.wm.AppWindowToken.destroySurfaces:393 com.android.server.wm.WindowStateAnimator.finishExit:699 com.android.server.wm.WindowStateAnimator.stepAnimationLocked:583 com.android.server.wm.WindowAnimator.updateWindowsLocked:444 
2021-07-10 17:36:53.800 2383-3724/? I/SurfaceFlinger: id=6258 Removed Starting com.loginmodule.learning (2/5)
2021-07-10 17:36:53.804 2383-3724/? I/SurfaceFlinger: id=6258 Removed Starting com.loginmodule.learning (-2/5)
2021-07-10 17:36:53.845 3913-3913/? D/WifiTrafficPoller: notifyOnDataActivity() - mBusMaxLock.acquire()
2021-07-10 17:36:53.863 2208-2265/? E/nightwatch-target: lmkd signal waiters
2021-07-10 17:36:53.956 3588-3710/? E/nightwatch-target: lmkd signal waiters
2021-07-10 17:36:54.364 2208-2265/? E/nightwatch-target: lmkd signal waiters
2021-07-10 17:36:54.440 2383-8226/? I/display: [PrimaryDisplay] [DYNAMIC_RECOMP] HWC_2_GLES by low FPS(0)
2021-07-10 17:36:54.457 3588-3710/? E/nightwatch-target: lmkd signal waiters
2021-07-10 17:36:54.560 3913-4315/? D/BatteryService: !@BatteryListener : batteryPropertiesChanged!
2021-07-10 17:36:54.561 3913-4315/? D/BatteryService: level:90, scale:100, status:2, health:2, present:true, voltage: 4120, temperature: 342, technology: Li-ion, AC powered:false, USB powered:true, POGO powered:false, Wireless powered:false, icon:17303723, invalid charger:0, maxChargingCurrent:0, maxChargingVoltage:0, chargeCounter:0
2021-07-10 17:36:54.561 3913-4315/? D/BatteryService: online:4, current avg:0, charge type:1, power sharing:false, high voltage charger:false, capacity:280000, batterySWSelfDischarging:false, misc_event:0, current_event:0, current_now:346
2021-07-10 17:36:54.561 3913-3913/? D/BatteryService: Sending ACTION_BATTERY_CHANGED.
2021-07-10 17:36:54.562 3913-3913/? D/SamsungPhoneWindowManager: ACTION_BATTERY_CHANGED - Level :: 90, battStatus :: 2
2021-07-10 17:36:54.563 4519-4519/? D/KeyguardUpdateMonitor: received broadcast android.intent.action.BATTERY_CHANGED
2021-07-10 17:36:54.563 4519-4519/? D/KeyguardUpdateMonitor: handleBatteryUpdate
2021-07-10 17:36:54.565 4519-4519/? D/PowerUI: showing power sharing dialogfalse
2021-07-10 17:36:54.565 4519-4519/? D/PowerUI: priorPlugType = 2 mPlugType =  2
2021-07-10 17:36:54.565 4519-4519/? D/PowerUI.Notification: Charging estimate time is not supported and connected cable is not a fast/slow charger, so return!
2021-07-10 17:36:54.566 4519-4519/? D/BatteryMeterDrawable: isSomethingChanged - false
2021-07-10 17:36:54.567 4519-4519/? D/BatteryMeterDrawable: isSomethingChanged - false
2021-07-10 17:36:54.567 6400-6400/? D/PowerPlanningReceiver: onReceive : android.intent.action.BATTERY_CHANGED
2021-07-10 17:36:54.567 6400-6400/? D/PowerPlanningReceiver: ACTION_BAT_MAN_BATTERY_CHANGED = com.samsung.android.app.powerplanning.service.PowerPlanningService@32ef8d3
2021-07-10 17:36:54.567 4519-4519/? D/BatteryController: onReceive - ACTION_BATTERY_CHANGED : mLevel = 90
2021-07-10 17:36:54.569 6400-6400/? D/com.samsung.android.app.powerplanning.utils.BatteryUtils: getUpsTime Actual Battery values are used 4206
2021-07-10 17:36:54.569 6400-6400/? D/PowerPlanningReceiver: Battery update received, Percentage: 90, UPS hours: 4206
2021-07-10 17:36:54.598 2383-2383/? I/display: [PrimaryDisplay] [DYNAMIC_RECOMP] first frame after HWC_2_GLES
2021-07-10 17:36:54.598 2383-2383/? I/display: [PrimaryDisplay] [DYNAMIC_RECOMP] GLES_2_HWC by high FPS(5)
2021-07-10 17:36:54.608 3913-3913/? D/CustomFrequencyManagerService: FrequencyrequestList.getNextCStateDisableRequest, index: 0
2021-07-10 17:36:54.608 3913-3913/? D/CustomFrequencyManagerService: releaseDVFSLockLocked : Getting Lock type frm List : DVFS_MIN_LIMIT  frequency : 1144000  uid : 1000  pid : 3913  tag : AMS_RESUME_TAIL@CPU_MIN@15
2021-07-10 17:36:54.846 3913-3913/? D/WifiTrafficPoller: notifyOnDataActivity() - mBusMaxLock.acquire()
2021-07-10 17:36:54.864 2208-2265/? E/nightwatch-target: lmkd signal waiters
2021-07-10 17:36:54.925 3913-4996/? D/CustomFrequencyManagerService: releaseDVFSLockLocked : Getting Lock type frm List : DVFS_MIN_LIMIT  frequency : 1430000  uid : 1000  pid : 3913  tag : APP_LAUNCH@CPU_MIN@14
2021-07-10 17:36:54.957 3588-3710/? E/nightwatch-target: lmkd signal waiters
2021-07-10 17:36:55.133 2383-2383/? I/display: [PrimaryDisplay] [DYNAMIC_RECOMP] HWC_2_GLES by low FPS(4)
2021-07-10 17:36:55.354 3913-4332/? D/InputReader: Input event(3): value=1 when=198396595657000
2021-07-10 17:36:55.354 3913-4332/? I/InputReader: Touch event's action is 0x0 (deviceType=0) [pCnt=1, s=0.34275 ] when=198396595657000
2021-07-10 17:36:55.354 3913-4331/? I/InputDispatcher: Delivering touch to (4519): action: 0x4, toolType: 1
2021-07-10 17:36:55.354 3913-4331/? I/InputDispatcher: Delivering touch to (8329): action: 0x0, toolType: 1
2021-07-10 17:36:55.355 8329-8329/? D/ViewRootImpl@c84091[LoginActivity]: ViewPostImeInputStage processPointer 0
2021-07-10 17:36:55.358 8329-8329/? E/BoostFramework: BoostFramework() : Exception_1 = java.lang.ClassNotFoundException: Didn't find class "com.qualcomm.qti.Performance" on path: DexPathList[[],nativeLibraryDirectories=[/system/lib, /vendor/lib]]
2021-07-10 17:36:55.358 8329-8329/? V/BoostFramework: BoostFramework() : mPerf = null
2021-07-10 17:36:55.365 2208-2265/? E/nightwatch-target: lmkd signal waiters
2021-07-10 17:36:55.452 3913-4332/? D/InputReader: Input event(3): value=0 when=198396694379000
2021-07-10 17:36:55.452 3913-4332/? I/InputReader: Touch event's action is 0x1 (deviceType=0) [pCnt=1, s=] when=198396694379000
2021-07-10 17:36:55.453 3913-4331/? I/InputDispatcher: Delivering touch to (8329): action: 0x1, toolType: 1
2021-07-10 17:36:55.453 8329-8329/? D/ViewRootImpl@c84091[LoginActivity]: ViewPostImeInputStage processPointer 1
2021-07-10 17:36:55.458 3588-3710/? E/nightwatch-target: lmkd signal waiters
2021-07-10 17:36:55.467 8329-8329/? W/TextView: TextView does not support text selection. Selection cancelled.
2021-07-10 17:36:55.467 8329-8329/? D/InputMethodManager: ISS - flag : 0Pid : 8329 view : com.loginmodule.learning
2021-07-10 17:36:55.468 5659-5659/? I/SKBD: SamsungKeypad onViewClicked
2021-07-10 17:36:55.468 3913-15484/? V/InputMethodManagerService: Client requesting input be shown, flags : 0
2021-07-10 17:36:55.472 5659-5659/? V/InputMethodService: showSoftInput(), flags : 1
2021-07-10 17:36:55.475 5659-5659/? I/SKBD: SamsungKeypad onStartInputView
2021-07-10 17:36:55.476 5659-5659/? I/SKBD: LegalAgreementActivity check legal agreement:false,false,false
2021-07-10 17:36:55.480 3913-5323/? D/CustomFrequencyManagerService: acquireDVFSLockLocked : type : DVFS_MIN_LIMIT  frequency : 1274000  uid : 1000  pid : 3913  pkgName : com.sec.android.inputmethod@1
2021-07-10 17:36:55.483 2383-2383/? I/display: [PrimaryDisplay] [DYNAMIC_RECOMP] first frame after HWC_2_GLES
2021-07-10 17:36:55.483 2383-2383/? I/display: [PrimaryDisplay] [DYNAMIC_RECOMP] GLES_2_HWC by high FPS(5)
2021-07-10 17:36:55.486 5659-5659/? D/SKBD: disable handwriting input icon : handwriting is not enabled or improper edit field
2021-07-10 17:36:55.487 5659-5659/? D/SKBD: getValidMMCodes nanoTime=4737808
2021-07-10 17:36:55.489 5659-5659/? I/SKBD: SKBD_SYNC getIsWaitExportDLMProcess() is false
2021-07-10 17:36:55.494 5659-5659/? D/ACDownloadManager: onStartInput() took nanoTime: 728000
2021-07-10 17:36:55.495 5659-5659/? I/SKBD: tz PrivateImeOptionsControllerImpl setPrivateImeOptionsToTable(null)
2021-07-10 17:36:55.495 5659-5659/? I/SKBD: tz setPrivateImeOptionsToTable null
2021-07-10 17:36:55.499 5659-5659/? I/SKBD: Update SetupWizard State usc : 1 pss : false
2021-07-10 17:36:55.501 5659-5659/? I/SKBD: tz PrivateImeOptionsControllerImpl getDefaultInputrange()
2021-07-10 17:36:55.501 5659-5659/? I/SKBD: tz PrivateImeOptionsControllerImpl getDefaultInputrange()
2021-07-10 17:36:55.503 5659-5659/? I/SKBD: tz PrivateImeOptionsControllerImpl setPrivateImeOptionsToTable(null)
2021-07-10 17:36:55.503 5659-5659/? I/SKBD: tz setPrivateImeOptionsToTable null
2021-07-10 17:36:55.505 5659-5659/? I/SKBD: Update SetupWizard State usc : 1 pss : false
2021-07-10 17:36:55.505 5659-5659/? I/SKBD: tz PrivateImeOptionsControllerImpl getDefaultInputrange()
2021-07-10 17:36:55.505 5659-5659/? I/SKBD: tz PrivateImeOptionsControllerImpl getDefaultInputrange()
2021-07-10 17:36:55.506 5659-5659/? I/SKBD: tz [PIOCI] getSIPAnimation()
2021-07-10 17:36:55.519 5659-5659/? I/SKBD: nw mSelectedLanguageList is empty
2021-07-10 17:36:55.521 5659-5659/? D/SKBD: initSubLinguistic called in updateEngine
2021-07-10 17:36:55.557 3913-4329/? I/TLC_TIMA_PKM_measure_kernel: TIMA: response_id = 3
2021-07-10 17:36:55.557 3913-4329/? I/TLC_TIMA_PKM_measure_kernel: TIMA: response ret = 0, result_ondemand = MSG=Kernel Verification Success;
2021-07-10 17:36:55.590 5659-5659/? I/SKBD: qc setDLMLoadFlag() SMT_DB_TYPE true
2021-07-10 17:36:55.594 5659-5659/? I/SKBD: qc setDLMLoadFlag() SMT_DB_TYPE false
2021-07-10 17:36:55.595 5659-5659/? I/SKBD: qc SKBDET9AWSetConstructedWords mFieldSpecificType = 0
2021-07-10 17:36:55.595 5659-5659/? I/SKBD: qc SKBDXT9 Latin language init finished
2021-07-10 17:36:55.597 5659-5659/? I/SKBD: qc setDLMLoadFlag() DLM_DB_TYPE true
2021-07-10 17:36:55.598 5659-5659/? I/SKBD: qc setDLMLoadFlag() DLM_DB_TYPE false
2021-07-10 17:36:55.608 3913-4360/? D/SecContentProvider: query(), uri = 17 selection = isSettingsChangesAllowed
2021-07-10 17:36:55.608 3913-4360/? D/SecContentProvider: called from com.sec.android.inputmethod
2021-07-10 17:36:55.610 3913-5363/? D/SecContentProvider: query(), uri = 17 selection = isSettingsChangesAllowed
2021-07-10 17:36:55.610 3913-5363/? D/SecContentProvider: called from com.sec.android.inputmethod
2021-07-10 17:36:55.612 5659-5659/? I/SKBD: na [IMI] isChangedMainValues - bRetVal : true
2021-07-10 17:36:55.615 5659-5659/? I/SKBD: tz PrivateImeOptionsControllerImpl getDefaultInputrange()
2021-07-10 17:36:55.624 5659-5659/? E/SKBD: za setCurrentInputModule mCurrentInputModule index: 19
2021-07-10 17:36:55.625 5659-5659/? D/SKBD: initSubLinguistic called in updateEngine
2021-07-10 17:36:55.645 5659-5659/? I/SKBD: qc setDLMLoadFlag() SMT_DB_TYPE true
2021-07-10 17:36:55.646 5659-5659/? I/SKBD: qc setDLMLoadFlag() SMT_DB_TYPE false
2021-07-10 17:36:55.646 5659-5659/? I/SKBD: qc SKBDET9AWSetConstructedWords mFieldSpecificType = 0
2021-07-10 17:36:55.646 5659-5659/? I/SKBD: qc SKBDXT9 Latin language init finished
2021-07-10 17:36:55.646 5659-5659/? I/SKBD: qc setDLMLoadFlag() DLM_DB_TYPE true
2021-07-10 17:36:55.646 5659-5659/? I/SKBD: qc setDLMLoadFlag() DLM_DB_TYPE false
2021-07-10 17:36:55.660 4498-4549/? I/cr_BindingManager: Release moderate connections: 1
2021-07-10 17:36:55.667 5659-5659/? I/SKBD: tz PrivateImeOptionsControllerImpl getDefaultInputrange()
2021-07-10 17:36:55.667 5659-5659/? I/SKBD: tz PrivateImeOptionsControllerImpl getDefaultInputrange()
2021-07-10 17:36:55.680 5659-5659/? E/SKBD: za setCurrentInputModule mCurrentInputModule index: 19
2021-07-10 17:36:55.680 5659-5659/? D/SKBD: initSubLinguistic called in updateEngine
2021-07-10 17:36:55.684 5659-8360/? I/SKBD: nn [SIIC] getCursorCapsMode done, tookTime1
2021-07-10 17:36:55.701 5659-5659/? I/SKBD: qc setDLMLoadFlag() SMT_DB_TYPE true
2021-07-10 17:36:55.701 5659-5659/? I/SKBD: qc setDLMLoadFlag() SMT_DB_TYPE false
2021-07-10 17:36:55.702 5659-5659/? I/SKBD: qc SKBDET9AWSetConstructedWords mFieldSpecificType = 0
2021-07-10 17:36:55.702 5659-5659/? I/SKBD: qc SKBDXT9 Latin language init finished
2021-07-10 17:36:55.702 5659-5659/? I/SKBD: qc setDLMLoadFlag() DLM_DB_TYPE true
2021-07-10 17:36:55.702 5659-5659/? I/SKBD: qc setDLMLoadFlag() DLM_DB_TYPE false
2021-07-10 17:36:55.708 5659-5659/? E/SKBD: za setCurrentInputModule mCurrentInputModule index: 19
2021-07-10 17:36:55.708 5659-5659/? D/SKBD: initSubLinguistic called in updateEngine
2021-07-10 17:36:55.728 5659-5659/? I/SKBD: qc setDLMLoadFlag() SMT_DB_TYPE true
2021-07-10 17:36:55.728 5659-5659/? I/SKBD: qc setDLMLoadFlag() SMT_DB_TYPE false
2021-07-10 17:36:55.728 5659-5659/? I/SKBD: qc SKBDET9AWSetConstructedWords mFieldSpecificType = 0
2021-07-10 17:36:55.728 5659-5659/? I/SKBD: qc SKBDXT9 Latin language init finished
2021-07-10 17:36:55.728 5659-5659/? I/SKBD: qc setDLMLoadFlag() DLM_DB_TYPE true
2021-07-10 17:36:55.729 5659-5659/? I/SKBD: qc setDLMLoadFlag() DLM_DB_TYPE false
2021-07-10 17:36:55.730 5659-5659/? I/SKBD: getCurrentKeyboard
2021-07-10 17:36:55.731 5659-5659/? I/SKBD: getTextKeyboard
2021-07-10 17:36:55.748 5659-5659/? I/SKBD: CarMode is off 
2021-07-10 17:36:55.810 5659-5659/? I/SKBD: wj [Resize] mFractionBaseWidth 720 mAdditionalLeftPadding 0
2021-07-10 17:36:55.820 5659-5659/? I/SKBD: wj [Resize]Row # 0 mTotalWidth 721
2021-07-10 17:36:55.823 5659-5659/? I/SKBD: wj [Resize]Row # 1 mTotalWidth 721
2021-07-10 17:36:55.824 5659-5659/? I/SKBD: wj [Resize]Row # 2 mTotalWidth 721
2021-07-10 17:36:55.825 5659-5659/? I/SKBD: wj [Resize]Row # 3 mTotalWidth 721
2021-07-10 17:36:55.828 5659-5659/? I/SKBD: wj [Resize] Row # 4 mTotalWidth 721
2021-07-10 17:36:55.830 5659-5659/? D/SKBD: mIsUseStaticTouchRecognizedArea =  false
2021-07-10 17:36:55.845 5659-5659/? I/SKBD: nn [SIIC] getCursorCapsMode done, tookTime0
2021-07-10 17:36:55.846 5659-5659/? D/SKBD: startInputViewShowTips : true true
2021-07-10 17:36:55.846 5659-5659/? D/SKBD: conditions for show dialog : true true true
2021-07-10 17:36:55.847 5659-5659/? D/SKBD: showDlgMsgBox : true true true
2021-07-10 17:36:55.847 5659-5659/? I/SKBD: tz PrivateImeOptionsControllerImpl getDefaultInputrange()
2021-07-10 17:36:55.847 5659-5659/? I/SKBD: na [IMI] startInputView - caller pid : 8329, caller uid : 10194
2021-07-10 17:36:55.847 5659-5659/? I/SKBD: na sendBroadcastSIPShown()
2021-07-10 17:36:55.850 5659-8362/? D/aac: InputMethodSubtype is found as local:en_US
2021-07-10 17:36:55.851 5659-8362/? D/aac: InputMethodSubtype is set as local:en_US
2021-07-10 17:36:55.854 3913-6151/? D/InputMethodManagerService: shouldShowImeSwitcherLocked - checking 
2021-07-10 17:36:55.854 3913-3913/? D/WifiTrafficPoller: notifyOnDataActivity() - mBusMaxLock.acquire()
2021-07-10 17:36:55.856 5659-5659/? V/InputMethodService: showWindow: showing!
2021-07-10 17:36:55.857 5659-5659/? I/SKBD: SamsungKeypad onWindowShown
2021-07-10 17:36:55.858 3913-3927/? D/InputMethodManagerService: shouldShowImeSwitcherLocked - checking 
2021-07-10 17:36:55.863 3913-6148/? V/WindowManager: Relayout Window{9bd9338d0 u0 InputMethod}: viewVisibility=0 req=720x692 WM.LayoutParams{(0,0)(fillxwrap) gr=#50 sim=#120 ty=2011 fl=#1800108 fmt=-2 wanim=0x7f0e000d vsysui=0x300 surfaceInsets=Rect(0, 0 - 0, 0) (manual) (!preservePreviousSurfaceInsets) needsMenuKey=2 dimDuration=150 naviIconColor=0 sfl=0x800}
2021-07-10 17:36:55.863 2383-2383/? I/SurfaceFlinger: id=6260 createSurf (720x692),1 flag=4, InputMethod
2021-07-10 17:36:55.865 2208-2265/? E/nightwatch-target: lmkd signal waiters
2021-07-10 17:36:55.868 5659-5659/? D/ViewRootImpl@b3b2dbc[InputMethod]: Relayout returned: oldFrame=[0,588][720,1280] newFrame=[0,588][720,1280] result=0x7 surface={isValid=true -508336128} surfaceGenerationChanged=true
2021-07-10 17:36:55.869 5659-5659/? D/ViewRootImpl@b3b2dbc[InputMethod]: mHardwareRenderer.initialize() mSurface={isValid=true -508336128} hwInitialized=true
2021-07-10 17:36:55.872 5659-16297/? D/mali_winsys: EGLint new_window_surface(egl_winsys_display*, void*, EGLSurface, EGLConfig, egl_winsys_surface**, egl_color_buffer_format*, EGLBoolean) returns 0x3000,  [720x692]-format:1
2021-07-10 17:36:55.903 3913-4364/? I/WifiHAL: Creating message to get link statistics
2021-07-10 17:36:55.904 3913-4364/? D/WifiHAL: response_handler called
2021-07-10 17:36:55.904 3913-4364/? D/WifiHAL: event len = 1108
2021-07-10 17:36:55.904 3913-4364/? I/WifiHAL: In GetLinkStatsCommand::handleResponse
2021-07-10 17:36:55.904 3913-4364/? I/WifiHAL: Id = 0, subcmd = 0
2021-07-10 17:36:55.904 3913-4364/? D/wifi: onLinkStatsResults: radio_stat.on_time = 0
2021-07-10 17:36:55.904 3913-4364/? D/wifi: onLinkStatsResults: radio_stat.tx_time = 0
2021-07-10 17:36:55.905 3913-4364/? D/wifi: onLinkStatsResults: radio_stat.rx_time = 0
2021-07-10 17:36:55.905 3913-4364/? D/WifiHAL: ack_handler called
2021-07-10 17:36:55.905 3913-4364/? D/wifi: android_net_wifi_getLinkLayerStats: radio_stat.on_time = 0
2021-07-10 17:36:55.905 3913-4364/? D/wifi: android_net_wifi_getLinkLayerStats: radio_stat.tx_time = 0
2021-07-10 17:36:55.905 3913-4364/? D/wifi: android_net_wifi_getLinkLayerStats: radio_stat.rx_time = 0
2021-07-10 17:36:55.907 3913-4364/? D/WifiStateMachine: Current network is: "test2" , ID is: 3
2021-07-10 17:36:55.908 3913-4364/? D/WifiStateMachine: Current network is still qualified due to heavy traffic, txSuccessRate=7.5 rxSuccessRate=7.5
2021-07-10 17:36:55.930 5659-5659/? D/SKBD: disable handwriting input icon : handwriting is not enabled or improper edit field
2021-07-10 17:36:55.930 5659-5659/? D/SKBD: getValidMMCodes nanoTime=674077
2021-07-10 17:36:55.931 5659-5659/? D/SKBD: disable handwriting input icon : handwriting is not enabled or improper edit field
2021-07-10 17:36:55.931 5659-5659/? D/SKBD: getValidMMCodes nanoTime=435346
2021-07-10 17:36:55.932 5659-5659/? D/SKBD: disable handwriting input icon : handwriting is not enabled or improper edit field
2021-07-10 17:36:55.932 5659-5659/? D/SKBD: getValidMMCodes nanoTime=479577
2021-07-10 17:36:55.933 5659-5659/? D/SKBD: disable handwriting input icon : handwriting is not enabled or improper edit field
2021-07-10 17:36:55.933 5659-5659/? D/SKBD: getValidMMCodes nanoTime=528423
2021-07-10 17:36:55.934 5659-5659/? D/SKBD: disable handwriting input icon : handwriting is not enabled or improper edit field
2021-07-10 17:36:55.934 5659-5659/? D/SKBD: getValidMMCodes nanoTime=562077
2021-07-10 17:36:55.940 5659-5659/? I/SKBD: AbstractKeyboardView drawAllKey nanoTime= 50982346, isOrientationLandscape= false
2021-07-10 17:36:55.956 3913-4997/? D/WindowManager: finishDrawingWindow: Window{9bd9338d0 u0 InputMethod} mDrawState=DRAW_PENDING
2021-07-10 17:36:55.957 3913-5361/? D/CustomFrequencyManagerService: releaseDVFSLockLocked : Getting Lock type frm List : DVFS_MIN_LIMIT  frequency : 1274000  uid : 1000  pid : 3913  tag : com.sec.android.inputmethod@1
2021-07-10 17:36:55.958 3588-3710/? E/nightwatch-target: lmkd signal waiters
2021-07-10 17:36:55.962 5659-5659/? I/SKBD: nn [SIIC] getSelectedText done, tookTime=1
2021-07-10 17:36:55.963 5659-5659/? I/SKBD: nn [SIIC] getTextBeforeCursor done, tookTime=1
2021-07-10 17:36:55.963 5659-5659/? I/SKBD: nn [SIIC] getTextAfterCursor done, tookTime=0
2021-07-10 17:36:55.969 8329-8329/? D/ViewRootImpl@c84091[LoginActivity]: MSG_RESIZED: frame=Rect(0, 0 - 720, 1280) ci=Rect(0, 48 - 0, 0) vi=Rect(0, 48 - 0, 500) or=1
2021-07-10 17:36:56.002 2383-2383/? D/SurfaceFlinger:   Display[0] configurations (* current):
        * 0: 720x1280, xdpi=294.967010, ydpi=306.716003, refresh=16666666
      numHwLayers=4, flags=00000000
        type   |  handle  | hint | flag | tr | blnd |   format    |     source crop (l,t,r,b)      |          frame         | name 
    -----------+----------+------+------+----+------+-------------+--------------------------------+------------------------+------
           HWC | e8304aa0 | 0000 | 0020 | 00 | 0100 | RGBA_8888   |    0.0,    0.0,  720.0, 1280.0 |    0,    0,  720, 1280 | com.loginmodule.learning/com.loginmodule.learning.activities.LoginActivity
           HWC | e83050e0 | 0000 | 0000 | 00 | 0105 | RGBA_8888   |    0.0,    0.0,  720.0,  592.0 |    0,  688,  720, 1280 | InputMethod
           HWC | e848c640 | 0000 | 0000 | 00 | 0105 | RGBA_8888   |    0.0,    0.0,  720.0,   48.0 |    0,    0,  720,   48 | StatusBar
     FB TARGET | e8304280 | 0000 | 0000 | 00 | 0105 | RGBA_8888   |    0.0,    0.0,  720.0, 1280.0 |    0,    0,  720, 1280 | HWC_FRAMEBUFFER_TARGET
2021-07-10 17:36:56.366 2208-2265/? E/nightwatch-target: lmkd signal waiters
2021-07-10 17:36:56.459 3588-3710/? E/nightwatch-target: lmkd signal waiters
2021-07-10 17:36:56.543 2383-8226/? I/display: [PrimaryDisplay] [DYNAMIC_RECOMP] HWC_2_GLES by low FPS(0)
2021-07-10 17:36:56.636 2383-2383/? I/display: [PrimaryDisplay] [DYNAMIC_RECOMP] first frame after HWC_2_GLES
2021-07-10 17:36:56.636 2383-2383/? I/display: [PrimaryDisplay] [DYNAMIC_RECOMP] GLES_2_HWC by high FPS(5)
2021-07-10 17:36:56.685 5106-5106/? D/io_stats: !@ 179,0 r 18610554 396097893 w 3048423 51143172 d 458589 20257804 f 698442 698138 iot 11638710 11172172 th 51200 0 0 pt 0 inp 0 0 198397.925
2021-07-10 17:36:56.856 3913-3913/? D/WifiTrafficPoller: notifyOnDataActivity() - mBusMaxLock.acquire()
2021-07-10 17:36:56.867 2208-2265/? E/nightwatch-target: lmkd signal waiters
2021-07-10 17:36:56.944 2383-8226/? I/display: [PrimaryDisplay] [DYNAMIC_RECOMP] HWC_2_GLES by low FPS(0)
2021-07-10 17:36:56.945 3913-7145/? D/TelephonyManager: getAllCellInfo : Caller (PID / UID / TID): 3913 / 1000 / 7145
2021-07-10 17:36:56.959 3588-3710/? E/nightwatch-target: lmkd signal waiters
2021-07-10 17:36:57.091 3913-4332/? D/InputReader: Input event(3): value=1 when=198398332629000
2021-07-10 17:36:57.091 3913-4332/? I/InputReader: Touch event's action is 0x0 (deviceType=0) [pCnt=1, s=0.34276 ] when=198398332629000
2021-07-10 17:36:57.091 3913-4331/? I/InputDispatcher: Delivering touch to (4519): action: 0x4, toolType: 1
2021-07-10 17:36:57.091 3913-4331/? I/InputDispatcher: Delivering touch to (5659): action: 0x0, toolType: 1
2021-07-10 17:36:57.091 5659-5659/? D/ViewRootImpl@b3b2dbc[InputMethod]: ViewPostImeInputStage processPointer 0
2021-07-10 17:36:57.099 3753-4403/? I/APM_AudioPolicyManager: getSituationVolume: isBTConnected:0 isHeadConnected:0
2021-07-10 17:36:57.102 3753-4295/? W/AudioPolicyIntefaceImpl: Skipped to add effects on session 8785
2021-07-10 17:36:57.102 3753-4295/? I/APM_AudioPolicyManager: startOutput() output 21, stream 1, session 8785
2021-07-10 17:36:57.104 3753-4291/? V/audio_hw_primary: start_output_stream+, out->device : 00000002 , out->type = 1
2021-07-10 17:36:57.104 3753-4291/? D/audio_hw_primary: start_output_stream jack_skip_check false
2021-07-10 17:36:57.120 2383-2383/? I/display: [PrimaryDisplay] [DYNAMIC_RECOMP] first frame after HWC_2_GLES
2021-07-10 17:36:57.120 2383-2383/? I/display: [PrimaryDisplay] [DYNAMIC_RECOMP] GLES_2_HWC by high FPS(5)
2021-07-10 17:36:57.154 3753-4291/? D/audio_hw_primary: start_output_stream (0xed6b4380) out->pcm_device:7 out->config.rate:48000 out->config.format:0 out->period_size:240
2021-07-10 17:36:57.154 3753-4291/? D/audio_hw_primary: start_output_stream (0xed6b4380) out->config.rate:48000 out->config.format:0 out->period_size:240
2021-07-10 17:36:57.154 3753-4291/? V/audio_hw_primary: select_devices output_scenario:0 input_scenario:-1 out_snd_device 0x2 in_snd_device:0x0
2021-07-10 17:36:57.154 3753-4291/? I/audio_route: > audio_route_reset :
2021-07-10 17:36:57.154 3753-4291/? I/audio_route: > audio_route_apply_path : "media-speaker"
2021-07-10 17:36:57.173 3913-4332/? D/InputReader: Input event(3): value=0 when=198398414846000
2021-07-10 17:36:57.173 3913-4332/? I/InputReader: Touch event's action is 0x1 (deviceType=0) [pCnt=1, s=] when=198398414846000
2021-07-10 17:36:57.173 3913-4331/? I/InputDispatcher: Delivering touch to (5659): action: 0x1, toolType: 1
2021-07-10 17:36:57.173 5659-5659/? D/ViewRootImpl@b3b2dbc[InputMethod]: ViewPostImeInputStage processPointer 1
2021-07-10 17:36:57.177 5659-5659/? I/SKBD: AbstractKeyboardView [AKV] detectAndSendKey - mCurrentInputMethod : 0, mInputLanguage : 1701729619
2021-07-10 17:36:57.179 5659-5659/? I/SKBD: ti onCharacterKey() IR : 0
2021-07-10 17:36:57.182 5659-5659/? I/SKBD: [IIManager] IIfo SI [il:0x656e5553] [p:0] [c:0] [t:0] [im:0/0/0/0/0/0] [sC:0] [aC:1] [sS:0] [aS:1] [aP:0] [pW:0] [eM:0] [uR:0] [acI:0] [iT:1] [iO:8000005] [pN:com.loginmodule.learning] [pO:null]
2021-07-10 17:36:57.182 5659-5659/? I/SKBD: [IIManager] IIfo II [ir:0] [hC:0] [hI:0] [tr:0] [tc:0] [cpl:1] [xyD:2/-7] [xycD:-25/26] [kWHG:59/85/11] [tD:82] [tP:8] [fil:true] [IC:16/568] [cB:0/0]
2021-07-10 17:36:57.222 5659-5659/? I/SKBD: nn [SIIC] getCursorCapsMode done, tookTime13
2021-07-10 17:36:57.298 3753-4291/? V/audio_hw_primary: select_devices() output_route "media-speaker" 
2021-07-10 17:36:57.298 3753-4291/? I/audio_route: > audio_route_apply_path : "gain-media-speaker"
2021-07-10 17:36:57.298 3753-4291/? V/audio_hw_primary: select_devices() output_gain "gain-media-speaker" 
2021-07-10 17:36:57.299 3753-4291/? I/audio_route: > audio_route_update_mixer : +
2021-07-10 17:36:57.299 3753-4291/? I/audio_route: > audio_route_update_mixer : changed(0) -
2021-07-10 17:36:57.299 3753-4291/? I/audio_hw_primary: select_devices - 
2021-07-10 17:36:57.299 3753-4291/? V/audio_hw_primary: start_output_stream-
2021-07-10 17:36:57.323 3753-4291/? D/AudioFlinger: mixer(0xecb03040) Spend too much time to write: delta 219(effect 0, stage 0)
2021-07-10 17:36:57.368 2208-2265/? E/nightwatch-target: lmkd signal waiters
2021-07-10 17:36:57.424 3913-4332/? D/InputReader: Input event(3): value=1 when=198398666559000
2021-07-10 17:36:57.425 3913-4332/? I/InputReader: Touch event's action is 0x0 (deviceType=0) [pCnt=1, s=0.34277 ] when=198398666559000
2021-07-10 17:36:57.425 3913-4331/? I/InputDispatcher: Delivering touch to (4519): action: 0x4, toolType: 1
2021-07-10 17:36:57.425 3913-4331/? I/InputDispatcher: Delivering touch to (5659): action: 0x0, toolType: 1
2021-07-10 17:36:57.425 5659-5659/? D/ViewRootImpl@b3b2dbc[InputMethod]: ViewPostImeInputStage processPointer 0
2021-07-10 17:36:57.427 3753-31568/? I/APM_AudioPolicyManager: getSituationVolume: isBTConnected:0 isHeadConnected:0
2021-07-10 17:36:57.461 3588-3710/? E/nightwatch-target: lmkd signal waiters
2021-07-10 17:36:57.507 3913-4332/? D/InputReader: Input event(3): value=0 when=198398748866000
2021-07-10 17:36:57.507 3913-4332/? I/InputReader: Touch event's action is 0x1 (deviceType=0) [pCnt=1, s=] when=198398748866000
2021-07-10 17:36:57.507 3913-4331/? I/InputDispatcher: Delivering touch to (5659): action: 0x1, toolType: 1
2021-07-10 17:36:57.507 5659-5659/? D/ViewRootImpl@b3b2dbc[InputMethod]: ViewPostImeInputStage processPointer 1
2021-07-10 17:36:57.509 5659-5659/? I/SKBD: AbstractKeyboardView [AKV] detectAndSendKey - mCurrentInputMethod : 0, mInputLanguage : 1701729619
2021-07-10 17:36:57.509 5659-5659/? I/SKBD: ti onCharacterKey() IR : 0
2021-07-10 17:36:57.510 5659-5659/? I/SKBD: [IIManager] IIfo SI [il:0x656e5553] [p:0] [c:0] [t:0] [im:0/0/0/0/0/0] [sC:0] [aC:1] [sS:0] [aS:1] [aP:0] [pW:0] [eM:0] [uR:0] [acI:0] [iT:1] [iO:8000005] [pN:com.loginmodule.learning] [pO:null]
2021-07-10 17:36:57.510 5659-5659/? I/SKBD: [IIManager] IIfo II [ir:0] [hC:0] [hI:0] [tr:0] [tc:0] [cpl:1] [xyD:4/1] [xycD:-2/-1] [kWHG:59/85/11] [tD:82] [tP:2] [fil:true] [IC:1/13] [cB:0/0]
2021-07-10 17:36:57.525 5659-5659/? I/SKBD: nn [SIIC] getCursorCapsMode done, tookTime1
2021-07-10 17:36:57.526 3753-3829/? I/APM_AudioPolicyManager: stopOutput() output 21, stream 1, session 8785
2021-07-10 17:36:57.675 3913-4332/? D/InputReader: Input event(3): value=1 when=198398916981000
2021-07-10 17:36:57.675 3913-4332/? I/InputReader: Touch event's action is 0x0 (deviceType=0) [pCnt=1, s=0.34278 ] when=198398916981000
2021-07-10 17:36:57.675 3913-4331/? I/InputDispatcher: Delivering touch to (4519): action: 0x4, toolType: 1
2021-07-10 17:36:57.675 3913-4331/? I/InputDispatcher: Delivering touch to (5659): action: 0x0, toolType: 1
2021-07-10 17:36:57.676 5659-5659/? D/ViewRootImpl@b3b2dbc[InputMethod]: ViewPostImeInputStage processPointer 0
2021-07-10 17:36:57.676 3913-7145/? D/GameManagerService: identifyGamePackage. com.loginmodule.learning
2021-07-10 17:36:57.676 3913-7145/? D/GamePkgDataHelper: getGamePkgData(). com.loginmodule.learning
2021-07-10 17:36:57.678 3753-4295/? I/APM_AudioPolicyManager: getSituationVolume: isBTConnected:0 isHeadConnected:0
2021-07-10 17:36:57.679 3753-21672/? W/AudioPolicyIntefaceImpl: Skipped to add effects on session 8785
2021-07-10 17:36:57.679 3753-21672/? I/APM_AudioPolicyManager: startOutput() output 21, stream 1, session 8785
2021-07-10 17:36:57.724 3913-4332/? D/InputReader: Input event(3): value=0 when=198398966057000
2021-07-10 17:36:57.724 3913-4332/? I/InputReader: Touch event's action is 0x1 (deviceType=0) [pCnt=1, s=] when=198398966057000
2021-07-10 17:36:57.724 3913-4331/? I/InputDispatcher: Delivering touch to (5659): action: 0x1, toolType: 1
2021-07-10 17:36:57.725 5659-5659/? D/ViewRootImpl@b3b2dbc[InputMethod]: ViewPostImeInputStage processPointer 1
2021-07-10 17:36:57.726 5659-5659/? I/SKBD: AbstractKeyboardView [AKV] detectAndSendKey - mCurrentInputMethod : 0, mInputLanguage : 1701729619
2021-07-10 17:36:57.726 5659-5659/? I/SKBD: ti onCharacterKey() IR : 0
2021-07-10 17:36:57.727 5659-5659/? I/SKBD: [IIManager] IIfo SI [il:0x656e5553] [p:0] [c:0] [t:0] [im:0/0/0/0/0/0] [sC:0] [aC:1] [sS:0] [aS:1] [aP:0] [pW:0] [eM:0] [uR:0] [acI:0] [iT:1] [iO:8000005] [pN:com.loginmodule.learning] [pO:null]
2021-07-10 17:36:57.727 5659-5659/? I/SKBD: [IIManager] IIfo II [ir:0] [hC:0] [hI:0] [tr:0] [tc:0] [cpl:1] [xyD:0/0] [xycD:-11/20] [kWHG:59/85/11] [tD:50] [tP:2] [fil:true] [IC:1/1] [cB:0/0]
2021-07-10 17:36:57.731 3913-7145/? D/SSRM:v: SIOP:: AP = 390, PST = 373 (W:24), BAT = 342, CHG = 0
2021-07-10 17:36:57.743 5659-5659/? I/SKBD: nn [SIIC] getCursorCapsMode done, tookTime1
2021-07-10 17:36:57.839 3753-3829/? I/APM_AudioPolicyManager: stopOutput() output 21, stream 1, session 8785
2021-07-10 17:36:57.857 3913-3913/? D/WifiTrafficPoller: notifyOnDataActivity() - mBusMaxLock.acquire()
2021-07-10 17:36:57.868 2208-2265/? E/nightwatch-target: lmkd signal waiters
2021-07-10 17:36:57.961 3588-3710/? E/nightwatch-target: lmkd signal waiters
2021-07-10 17:36:58.146 2383-8226/? I/display: [PrimaryDisplay] [DYNAMIC_RECOMP] HWC_2_GLES by low FPS(3)
2021-07-10 17:36:58.256 2383-2383/? I/display: [PrimaryDisplay] [DYNAMIC_RECOMP] first frame after HWC_2_GLES
2021-07-10 17:36:58.256 2383-2383/? I/display: [PrimaryDisplay] [DYNAMIC_RECOMP] GLES_2_HWC by high FPS(5)
2021-07-10 17:36:58.276 3913-4332/? D/InputReader: Input event(3): value=1 when=198399517830000
2021-07-10 17:36:58.276 3913-4332/? I/InputReader: Touch event's action is 0x0 (deviceType=0) [pCnt=1, s=0.34279 ] when=198399517830000
2021-07-10 17:36:58.276 3913-4331/? I/InputDispatcher: Delivering touch to (4519): action: 0x4, toolType: 1
2021-07-10 17:36:58.276 3913-4331/? I/InputDispatcher: Delivering touch to (5659): action: 0x0, toolType: 1
2021-07-10 17:36:58.277 3913-4331/? D/PowerManagerService: [api] userActivityFromNative : 10 (event: 2 flags: 0) eventTime = 198399517
2021-07-10 17:36:58.277 5659-5659/? D/ViewRootImpl@b3b2dbc[InputMethod]: ViewPostImeInputStage processPointer 0
2021-07-10 17:36:58.280 3753-4404/? I/APM_AudioPolicyManager: getSituationVolume: isBTConnected:0 isHeadConnected:0
2021-07-10 17:36:58.281 3753-21359/? W/AudioPolicyIntefaceImpl: Skipped to add effects on session 8785
2021-07-10 17:36:58.281 3753-21359/? I/APM_AudioPolicyManager: startOutput() output 21, stream 1, session 8785
2021-07-10 17:36:58.358 3913-4332/? D/InputReader: Input event(3): value=0 when=198399600497000
2021-07-10 17:36:58.358 3913-4332/? I/InputReader: Touch event's action is 0x1 (deviceType=0) [pCnt=1, s=] when=198399600497000
2021-07-10 17:36:58.359 3913-4331/? I/InputDispatcher: Delivering touch to (5659): action: 0x1, toolType: 1
2021-07-10 17:36:58.359 5659-5659/? D/ViewRootImpl@b3b2dbc[InputMethod]: ViewPostImeInputStage processPointer 1
2021-07-10 17:36:58.361 5659-5659/? I/SKBD: AbstractKeyboardView [AKV] detectAndSendKey - mCurrentInputMethod : 0, mInputLanguage : 1701729619
2021-07-10 17:36:58.361 5659-5659/? I/SKBD: ti onCharacterKey() IR : 0
2021-07-10 17:36:58.362 5659-5659/? I/SKBD: [IIManager] IIfo SI [il:0x656e5553] [p:0] [c:0] [t:0] [im:0/0/0/0/0/0] [sC:0] [aC:1] [sS:0] [aS:1] [aP:0] [pW:0] [eM:0] [uR:0] [acI:0] [iT:1] [iO:8000005] [pN:com.loginmodule.learning] [pO:null]
2021-07-10 17:36:58.362 5659-5659/? I/SKBD: [IIManager] IIfo II [ir:0] [hC:0] [hI:0] [tr:0] [tc:0] [cpl:1] [xyD:3/0] [xycD:-7/4] [kWHG:59/85/11] [tD:83] [tP:2] [fil:true] [IC:1/1] [cB:0/0]
2021-07-10 17:36:58.369 2208-2265/? E/nightwatch-target: lmkd signal waiters
2021-07-10 17:36:58.378 5659-5659/? I/SKBD: nn [SIIC] getCursorCapsMode done, tookTime0
2021-07-10 17:36:58.433 3753-3829/? I/APM_AudioPolicyManager: stopOutput() output 21, stream 1, session 8785
2021-07-10 17:36:58.462 3588-3710/? E/nightwatch-target: lmkd signal waiters
2021-07-10 17:36:58.747 2383-8226/? I/display: [PrimaryDisplay] [DYNAMIC_RECOMP] HWC_2_GLES by low FPS(0)
2021-07-10 17:36:58.859 3913-3913/? D/WifiTrafficPoller: notifyOnDataActivity() - mBusMaxLock.acquire()
2021-07-10 17:36:58.870 2208-2265/? E/nightwatch-target: lmkd signal waiters
2021-07-10 17:36:58.891 2383-2383/? I/display: [PrimaryDisplay] [DYNAMIC_RECOMP] first frame after HWC_2_GLES
2021-07-10 17:36:58.891 2383-2383/? I/display: [PrimaryDisplay] [DYNAMIC_RECOMP] GLES_2_HWC by high FPS(5)
2021-07-10 17:36:58.908 3913-4364/? I/WifiHAL: Creating message to get link statistics
2021-07-10 17:36:58.911 3913-4364/? D/WifiHAL: response_handler called
2021-07-10 17:36:58.911 3913-4364/? D/WifiHAL: event len = 1108
2021-07-10 17:36:58.911 3913-4364/? I/WifiHAL: In GetLinkStatsCommand::handleResponse
2021-07-10 17:36:58.911 3913-4364/? I/WifiHAL: Id = 0, subcmd = 0
2021-07-10 17:36:58.911 3913-4364/? D/wifi: onLinkStatsResults: radio_stat.on_time = 0
2021-07-10 17:36:58.911 3913-4364/? D/wifi: onLinkStatsResults: radio_stat.tx_time = 0
2021-07-10 17:36:58.911 3913-4364/? D/wifi: onLinkStatsResults: radio_stat.rx_time = 0
2021-07-10 17:36:58.911 3913-4364/? D/WifiHAL: ack_handler called
2021-07-10 17:36:58.911 3913-4364/? D/wifi: android_net_wifi_getLinkLayerStats: radio_stat.on_time = 0
2021-07-10 17:36:58.911 3913-4364/? D/wifi: android_net_wifi_getLinkLayerStats: radio_stat.tx_time = 0
2021-07-10 17:36:58.912 3913-4364/? D/wifi: android_net_wifi_getLinkLayerStats: radio_stat.rx_time = 0
2021-07-10 17:36:58.915 3913-4386/? D/ConnectivityService: updateCapabilities: oldCap = [ Transports: WIFI Capabilities: NOT_METERED&INTERNET&NOT_RESTRICTED&TRUSTED&NOT_VPN&VALIDATED LinkUpBandwidth>=1048576Kbps LinkDnBandwidth>=1048576Kbps SignalStrength: -73], newCap = [ Transports: WIFI Capabilities: NOT_METERED&INTERNET&NOT_RESTRICTED&TRUSTED&NOT_VPN LinkUpBandwidth>=1048576Kbps LinkDnBandwidth>=1048576Kbps SignalStrength: -75]
2021-07-10 17:36:58.915 3913-4386/? D/ConnectivityService: rematching NetworkAgentInfo [WIFI () - 519]
2021-07-10 17:36:58.916 3913-4386/? D/ConnectivityService:  network has: [ Transports: WIFI Capabilities: NOT_METERED&INTERNET&NOT_RESTRICTED&TRUSTED&NOT_VPN&VALIDATED LinkUpBandwidth>=1048576Kbps LinkDnBandwidth>=1048576Kbps SignalStrength: -75]
2021-07-10 17:36:58.916 3913-4386/? D/ConnectivityService:   checking if request is satisfied: NetworkRequest [ id=5, legacyType=-1, [ Transports: WIFI Capabilities: INTERNET&NOT_RESTRICTED&TRUSTED&NOT_VPN] ]
2021-07-10 17:36:58.916 3913-4364/? D/WifiStateMachine: Current network is: "test2" , ID is: 3
2021-07-10 17:36:58.916 3913-4386/? D/ConnectivityService:   checking if request is satisfied: NetworkRequest [ id=9, legacyType=-1, [ Transports: CELLULAR|WIFI Capabilities: NOT_RESTRICTED&TRUSTED&NOT_VPN] ]
2021-07-10 17:36:58.917 3913-4386/? D/ConnectivityService: Network NetworkAgentInfo [WIFI () - 519] was already satisfying request 2976. No change.
2021-07-10 17:36:58.917 3913-4386/? D/ConnectivityService:   checking if request is satisfied: NetworkRequest [ id=2893, legacyType=-1, [ Capabilities: INTERNET&NOT_RESTRICTED&TRUSTED&NOT_VPN] ]
2021-07-10 17:36:58.917 3913-4386/? D/ConnectivityService:   checking if request is satisfied: NetworkRequest [ id=3004, legacyType=-1, [ Transports: WIFI Capabilities: NOT_RESTRICTED&TRUSTED&NOT_VPN] ]
2021-07-10 17:36:58.917 3913-4386/? D/ConnectivityService:   checking if request is satisfied: NetworkRequest [ id=6, legacyType=-1, [ Transports: WIFI Capabilities: INTERNET&NOT_RESTRICTED&TRUSTED&NOT_VPN] ]
2021-07-10 17:36:58.917 3913-4386/? D/ConnectivityService:   checking if request is satisfied: NetworkRequest [ id=2852, legacyType=-1, [ Capabilities: INTERNET&NOT_RESTRICTED&TRUSTED] ]
2021-07-10 17:36:58.917 3913-4386/? D/ConnectivityService:   checking if request is satisfied: NetworkRequest [ id=2972, legacyType=-1, [ Capabilities: INTERNET&NOT_RESTRICTED&TRUSTED] ]
2021-07-10 17:36:58.917 3913-4386/? D/ConnectivityService:   checking if request is satisfied: NetworkRequest [ id=2804, legacyType=-1, [ Capabilities: NOT_RESTRICTED] ]
2021-07-10 17:36:58.917 3913-4386/? D/ConnectivityService:   checking if request is satisfied: NetworkRequest [ id=2973, legacyType=-1, [ Capabilities: INTERNET&NOT_RESTRICTED&TRUSTED] ]
2021-07-10 17:36:58.918 3913-4386/? D/ConnectivityService:   checking if request is satisfied: NetworkRequest [ id=2783, legacyType=-1, [ Capabilities: INTERNET&NOT_RESTRICTED&TRUSTED] ]
2021-07-10 17:36:58.918 3913-4386/? D/ConnectivityService:   checking if request is satisfied: NetworkRequest [ id=3003, legacyType=-1, [ Capabilities: INTERNET&NOT_RESTRICTED&TRUSTED] ]
2021-07-10 17:36:58.918 4519-4673/? D/NetworkController: onReceive: intent=Intent { act=android.net.wifi.RSSI_CHANGED flg=0x4000010 launchParam=MultiScreenLaunchParams { mDisplayId=0 mBaseDisplayId=0 mFlags=0 } bqHint=1 (has extras) }
2021-07-10 17:36:58.918 3913-4386/? D/ConnectivityService:   checking if request is satisfied: NetworkRequest [ id=8, legacyType=-1, [ Transports: WIFI Capabilities: INTERNET&NOT_RESTRICTED&TRUSTED&NOT_VPN] ]
2021-07-10 17:36:58.918 3913-4386/? D/ConnectivityService:   checking if request is satisfied: NetworkRequest [ id=2903, legacyType=-1, [ Capabilities: INTERNET&NOT_RESTRICTED&TRUSTED] ]
2021-07-10 17:36:58.918 3913-4386/? D/ConnectivityService: Network NetworkAgentInfo [WIFI () - 519] was already satisfying request 2963. No change.
2021-07-10 17:36:58.918 3913-4386/? D/ConnectivityService: Network NetworkAgentInfo [WIFI () - 519] was already satisfying request 1. No change.
2021-07-10 17:36:58.918 3913-4386/? D/ConnectivityService:   checking if request is satisfied: NetworkRequest [ id=2822, legacyType=-1, [ Capabilities: INTERNET&NOT_RESTRICTED&TRUSTED] ]
2021-07-10 17:36:58.918 3913-4386/? D/ConnectivityService:   checking if request is satisfied: NetworkRequest [ id=3, legacyType=-1, [] ]
2021-07-10 17:36:58.919 3913-4386/? D/ConnectivityService:   checking if request is satisfied: NetworkRequest [ id=2842, legacyType=-1, [ Capabilities: INTERNET&NOT_RESTRICTED&TRUSTED] ]
2021-07-10 17:36:58.919 3913-4386/? D/ConnectivityService:   checking if request is satisfied: NetworkRequest [ id=3001, legacyType=-1, [ Capabilities: INTERNET&NOT_RESTRICTED&TRUSTED&NOT_VPN] ]
2021-07-10 17:36:58.919 3913-4386/? D/ConnectivityService:   checking if request is satisfied: NetworkRequest [ id=2964, legacyType=-1, [ Capabilities: INTERNET&NOT_RESTRICTED&TRUSTED] ]
2021-07-10 17:36:58.919 3913-4386/? D/ConnectivityService:   checking if request is satisfied: NetworkRequest [ id=7, legacyType=-1, [ Transports: CELLULAR Capabilities: INTERNET&NOT_RESTRICTED&TRUSTED&NOT_VPN] ]
2021-07-10 17:36:58.919 3913-4386/? D/ConnectivityService:   checking if request is satisfied: NetworkRequest [ id=4, legacyType=-1, [] ]
2021-07-10 17:36:58.919 3913-4386/? D/ConnectivityService: Network NetworkAgentInfo [WIFI () - 519] was already satisfying request 2977. No change.
2021-07-10 17:36:58.919 3913-4386/? D/ConnectivityService:   checking if request is satisfied: NetworkRequest [ id=2974, legacyType=-1, [ Capabilities: INTERNET&NOT_RESTRICTED&TRUSTED] ]
2021-07-10 17:36:58.919 3913-4386/? D/ConnectivityService: notifyType CAP_CHANGED for NetworkAgentInfo [WIFI () - 519]
2021-07-10 17:36:58.920 3913-4386/? D/ConnectivityService:  sending notification for NetworkRequest [ id=1, legacyType=-1, [ Capabilities: INTERNET&NOT_RESTRICTED&TRUSTED&NOT_VPN] ]
2021-07-10 17:36:58.920 3913-4386/? D/ConnectivityService:  sending notification for NetworkRequest [ id=3, legacyType=-1, [] ]
2021-07-10 17:36:58.920 3913-4386/? D/ConnectivityService: sending notification CAP_CHANGED for NetworkRequest [ id=3, legacyType=-1, [] ]
2021-07-10 17:36:58.920 3913-4386/? D/ConnectivityService:  sending notification for NetworkRequest [ id=4, legacyType=-1, [] ]
2021-07-10 17:36:58.920 3913-4386/? D/ConnectivityService: sending notification CAP_CHANGED for NetworkRequest [ id=4, legacyType=-1, [] ]
2021-07-10 17:36:58.921 4519-4519/? E/SignalClusterView: setSlotFocusVisible : subId 1
2021-07-10 17:36:58.921 3913-4386/? D/ConnectivityService:  sending notification for NetworkRequest [ id=5, legacyType=-1, [ Transports: WIFI Capabilities: INTERNET&NOT_RESTRICTED&TRUSTED&NOT_VPN] ]
2021-07-10 17:36:58.921 4519-4519/? E/SignalClusterView: setSlotFocusVisible : subId 1
2021-07-10 17:36:58.921 3913-4386/? D/ConnectivityService: sending notification CAP_CHANGED for NetworkRequest [ id=5, legacyType=-1, [ Transports: WIFI Capabilities: INTERNET&NOT_RESTRICTED&TRUSTED&NOT_VPN] ]
2021-07-10 17:36:58.922 3913-4386/? D/ConnectivityService:  sending notification for NetworkRequest [ id=6, legacyType=-1, [ Transports: WIFI Capabilities: INTERNET&NOT_RESTRICTED&TRUSTED&NOT_VPN] ]
2021-07-10 17:36:58.922 3913-4386/? D/ConnectivityService: sending notification CAP_CHANGED for NetworkRequest [ id=6, legacyType=-1, [ Transports: WIFI Capabilities: INTERNET&NOT_RESTRICTED&TRUSTED&NOT_VPN] ]
2021-07-10 17:36:58.922 3913-4386/? D/ConnectivityService:  sending notification for NetworkRequest [ id=8, legacyType=-1, [ Transports: WIFI Capabilities: INTERNET&NOT_RESTRICTED&TRUSTED&NOT_VPN] ]
2021-07-10 17:36:58.923 3913-4386/? D/ConnectivityService: sending notification CAP_CHANGED for NetworkRequest [ id=8, legacyType=-1, [ Transports: WIFI Capabilities: INTERNET&NOT_RESTRICTED&TRUSTED&NOT_VPN] ]
2021-07-10 17:36:58.923 3913-4386/? D/ConnectivityService:  sending notification for NetworkRequest [ id=9, legacyType=-1, [ Transports: CELLULAR|WIFI Capabilities: NOT_RESTRICTED&TRUSTED&NOT_VPN] ]
2021-07-10 17:36:58.923 3913-4386/? D/ConnectivityService: sending notification CAP_CHANGED for NetworkRequest [ id=9, legacyType=-1, [ Transports: CELLULAR|WIFI Capabilities: NOT_RESTRICTED&TRUSTED&NOT_VPN] ]
2021-07-10 17:36:58.923 3913-4386/? D/ConnectivityService:  sending notification for NetworkRequest [ id=2783, legacyType=-1, [ Capabilities: INTERNET&NOT_RESTRICTED&TRUSTED] ]
2021-07-10 17:36:58.924 3913-4386/? D/ConnectivityService: sending notification CAP_CHANGED for NetworkRequest [ id=2783, legacyType=-1, [ Capabilities: INTERNET&NOT_RESTRICTED&TRUSTED] ]
2021-07-10 17:36:58.924 3913-4386/? D/ConnectivityService:  sending notification for NetworkRequest [ id=2804, legacyType=-1, [ Capabilities: NOT_RESTRICTED] ]
2021-07-10 17:36:58.924 3913-4386/? D/ConnectivityService: sending notification CAP_CHANGED for NetworkRequest [ id=2804, legacyType=-1, [ Capabilities: NOT_RESTRICTED] ]
2021-07-10 17:36:58.925 3913-4386/? D/ConnectivityService:  sending notification for NetworkRequest [ id=2822, legacyType=-1, [ Capabilities: INTERNET&NOT_RESTRICTED&TRUSTED] ]
2021-07-10 17:36:58.925 3913-4386/? D/ConnectivityService: sending notification CAP_CHANGED for NetworkRequest [ id=2822, legacyType=-1, [ Capabilities: INTERNET&NOT_RESTRICTED&TRUSTED] ]
2021-07-10 17:36:58.925 3913-4386/? D/ConnectivityService:  sending notification for NetworkRequest [ id=2842, legacyType=-1, [ Capabilities: INTERNET&NOT_RESTRICTED&TRUSTED] ]
2021-07-10 17:36:58.925 3913-4386/? D/ConnectivityService: sending notification CAP_CHANGED for NetworkRequest [ id=2842, legacyType=-1, [ Capabilities: INTERNET&NOT_RESTRICTED&TRUSTED] ]
2021-07-10 17:36:58.926 3913-4386/? D/ConnectivityService:  sending notification for NetworkRequest [ id=2852, legacyType=-1, [ Capabilities: INTERNET&NOT_RESTRICTED&TRUSTED] ]
2021-07-10 17:36:58.926 3913-4386/? D/ConnectivityService: sending notification CAP_CHANGED for NetworkRequest [ id=2852, legacyType=-1, [ Capabilities: INTERNET&NOT_RESTRICTED&TRUSTED] ]
2021-07-10 17:36:58.927 3913-4386/? D/ConnectivityService:  sending notification for NetworkRequest [ id=2893, legacyType=-1, [ Capabilities: INTERNET&NOT_RESTRICTED&TRUSTED&NOT_VPN] ]
2021-07-10 17:36:58.928 3913-4386/? D/ConnectivityService: sending notification CAP_CHANGED for NetworkRequest [ id=2893, legacyType=-1, [ Capabilities: INTERNET&NOT_RESTRICTED&TRUSTED&NOT_VPN] ]
2021-07-10 17:36:58.928 3913-4386/? D/ConnectivityService:  sending notification for NetworkRequest [ id=2903, legacyType=-1, [ Capabilities: INTERNET&NOT_RESTRICTED&TRUSTED] ]
2021-07-10 17:36:58.928 3913-4386/? D/ConnectivityService: sending notification CAP_CHANGED for NetworkRequest [ id=2903, legacyType=-1, [ Capabilities: INTERNET&NOT_RESTRICTED&TRUSTED] ]
2021-07-10 17:36:58.929 3913-4386/? D/ConnectivityService:  sending notification for NetworkRequest [ id=2963, legacyType=-1, [ Capabilities: INTERNET&NOT_RESTRICTED&TRUSTED&NOT_VPN] ]
2021-07-10 17:36:58.929 3913-4386/? D/ConnectivityService: sending notification CAP_CHANGED for NetworkRequest [ id=2963, legacyType=-1, [ Capabilities: INTERNET&NOT_RESTRICTED&TRUSTED&NOT_VPN] ]
2021-07-10 17:36:58.930 3913-4386/? D/ConnectivityService:  sending notification for NetworkRequest [ id=2964, legacyType=-1, [ Capabilities: INTERNET&NOT_RESTRICTED&TRUSTED] ]
2021-07-10 17:36:58.930 3913-4386/? D/ConnectivityService: sending notification CAP_CHANGED for NetworkRequest [ id=2964, legacyType=-1, [ Capabilities: INTERNET&NOT_RESTRICTED&TRUSTED] ]
2021-07-10 17:36:58.930 3913-4386/? D/ConnectivityService:  sending notification for NetworkRequest [ id=2972, legacyType=-1, [ Capabilities: INTERNET&NOT_RESTRICTED&TRUSTED] ]
2021-07-10 17:36:58.931 3913-4386/? D/ConnectivityService: sending notification CAP_CHANGED for NetworkRequest [ id=2972, legacyType=-1, [ Capabilities: INTERNET&NOT_RESTRICTED&TRUSTED] ]
2021-07-10 17:36:58.932 3913-4386/? D/ConnectivityService:  sending notification for NetworkRequest [ id=2973, legacyType=-1, [ Capabilities: INTERNET&NOT_RESTRICTED&TRUSTED] ]
2021-07-10 17:36:58.932 3913-4386/? D/ConnectivityService: sending notification CAP_CHANGED for NetworkRequest [ id=2973, legacyType=-1, [ Capabilities: INTERNET&NOT_RESTRICTED&TRUSTED] ]
2021-07-10 17:36:58.932 3913-4386/? D/ConnectivityService:  sending notification for NetworkRequest [ id=2974, legacyType=-1, [ Capabilities: INTERNET&NOT_RESTRICTED&TRUSTED] ]
2021-07-10 17:36:58.933 3913-4386/? D/ConnectivityService: sending notification CAP_CHANGED for NetworkRequest [ id=2974, legacyType=-1, [ Capabilities: INTERNET&NOT_RESTRICTED&TRUSTED] ]
2021-07-10 17:36:58.933 3913-4386/? D/ConnectivityService:  sending notification for NetworkRequest [ id=2976, legacyType=-1, [ Capabilities: INTERNET&NOT_RESTRICTED&TRUSTED&NOT_VPN] ]
2021-07-10 17:36:58.933 3913-4386/? D/ConnectivityService: sending notification CAP_CHANGED for NetworkRequest [ id=2976, legacyType=-1, [ Capabilities: INTERNET&NOT_RESTRICTED&TRUSTED&NOT_VPN] ]
2021-07-10 17:36:58.934 3913-4386/? D/ConnectivityService:  sending notification for NetworkRequest [ id=2977, legacyType=-1, [ Capabilities: INTERNET&NOT_RESTRICTED&TRUSTED&NOT_VPN] ]
2021-07-10 17:36:58.934 3913-4386/? D/ConnectivityService: sending notification CAP_CHANGED for NetworkRequest [ id=2977, legacyType=-1, [ Capabilities: INTERNET&NOT_RESTRICTED&TRUSTED&NOT_VPN] ]
