-10 17:51:49.339 5659-5659/? I/SKBD: tz PrivateImeOptionsControllerImpl setPrivateImeOptionsToTable(null)
2021-07-10 17:51:49.339 5659-5659/? I/SKBD: tz setPrivateImeOptionsToTable null
2021-07-10 17:51:49.341 8329-8329/? W/IInputConnectionWrapper: finishComposingText on inactive InputConnection
2021-07-10 17:51:49.342 5659-5659/? I/SKBD: Update SetupWizard State usc : 1 pss : false
2021-07-10 17:51:49.342 5659-5659/? I/SKBD: tz PrivateImeOptionsControllerImpl getDefaultInputrange()
2021-07-10 17:51:49.342 5659-5659/? I/SKBD: tz PrivateImeOptionsControllerImpl getDefaultInputrange()
2021-07-10 17:51:49.342 5659-5659/? I/SKBD: tz [PIOCI] getSIPAnimation()
2021-07-10 17:51:49.345 5659-5659/? D/SKBD: disable handwriting input icon : handwriting is not enabled or improper edit field
2021-07-10 17:51:49.345 5659-5659/? D/SKBD: getValidMMCodes nanoTime=600731
2021-07-10 17:51:49.345 5659-5659/? D/SKBD: disable handwriting input icon : handwriting is not enabled or improper edit field
2021-07-10 17:51:49.346 5659-5659/? D/SKBD: getValidMMCodes nanoTime=405770
2021-07-10 17:51:49.346 5659-5659/? D/SKBD: disable handwriting input icon : handwriting is not enabled or improper edit field
2021-07-10 17:51:49.346 5659-5659/? D/SKBD: getValidMMCodes nanoTime=380769
2021-07-10 17:51:49.347 5659-5659/? D/SKBD: disable handwriting input icon : handwriting is not enabled or improper edit field
2021-07-10 17:51:49.347 5659-5659/? D/SKBD: getValidMMCodes nanoTime=533154
2021-07-10 17:51:49.349 5659-5659/? D/SKBD: disable handwriting input icon : handwriting is not enabled or improper edit field
2021-07-10 17:51:49.349 5659-5659/? D/SKBD: getValidMMCodes nanoTime=584116
2021-07-10 17:51:49.353 5659-5659/? I/SKBD: nw mSelectedLanguageList is empty
2021-07-10 17:51:49.353 5659-5659/? D/SKBD: initSubLinguistic called in updateEngine
2021-07-10 17:51:49.374 5659-5659/? I/SKBD: qc setDLMLoadFlag() SMT_DB_TYPE true
2021-07-10 17:51:49.375 5659-5659/? I/SKBD: qc setDLMLoadFlag() SMT_DB_TYPE false
2021-07-10 17:51:49.375 5659-5659/? I/SKBD: qc SKBDET9AWSetConstructedWords mFieldSpecificType = 0
2021-07-10 17:51:49.375 5659-5659/? I/SKBD: qc SKBDXT9 Latin language init finished
2021-07-10 17:51:49.375 5659-5659/? I/SKBD: qc setDLMLoadFlag() DLM_DB_TYPE true
2021-07-10 17:51:49.375 5659-5659/? I/SKBD: qc setDLMLoadFlag() DLM_DB_TYPE false
2021-07-10 17:51:49.379 3913-4997/? D/SecContentProvider: query(), uri = 17 selection = isSettingsChangesAllowed
2021-07-10 17:51:49.380 3913-4997/? D/SecContentProvider: called from com.sec.android.inputmethod
2021-07-10 17:51:49.383 3913-6146/? D/SecContentProvider: query(), uri = 17 selection = isSettingsChangesAllowed
2021-07-10 17:51:49.384 3913-6146/? D/SecContentProvider: called from com.sec.android.inputmethod
2021-07-10 17:51:49.384 5659-5659/? I/SKBD: na [IMI] isChangedMainValues - bRetVal : true
2021-07-10 17:51:49.384 5659-5659/? I/SKBD: tz PrivateImeOptionsControllerImpl getDefaultInputrange()
2021-07-10 17:51:49.385 5659-5659/? E/SKBD: za setCurrentInputModule mCurrentInputModule index: 19
2021-07-10 17:51:49.385 5659-5659/? D/SKBD: initSubLinguistic called in updateEngine
2021-07-10 17:51:49.396 3753-3829/? I/APM_AudioPolicyManager: stopOutput() output 21, stream 1, session 8937
2021-07-10 17:51:49.405 5659-5659/? I/SKBD: qc setDLMLoadFlag() SMT_DB_TYPE true
2021-07-10 17:51:49.405 5659-5659/? I/SKBD: qc setDLMLoadFlag() SMT_DB_TYPE false
2021-07-10 17:51:49.406 5659-5659/? I/SKBD: qc SKBDET9AWSetConstructedWords mFieldSpecificType = 0
2021-07-10 17:51:49.406 5659-5659/? I/SKBD: qc SKBDXT9 Latin language init finished
2021-07-10 17:51:49.406 5659-5659/? I/SKBD: qc setDLMLoadFlag() DLM_DB_TYPE true
2021-07-10 17:51:49.406 5659-5659/? I/SKBD: qc setDLMLoadFlag() DLM_DB_TYPE false
2021-07-10 17:51:49.410 3913-5358/? D/SecContentProvider: query(), uri = 17 selection = isSettingsChangesAllowed
2021-07-10 17:51:49.411 3913-5358/? D/SecContentProvider: called from com.sec.android.inputmethod
2021-07-10 17:51:49.413 3913-5323/? D/SecContentProvider: query(), uri = 17 selection = isSettingsChangesAllowed
2021-07-10 17:51:49.413 3913-5323/? D/SecContentProvider: called from com.sec.android.inputmethod
2021-07-10 17:51:49.413 5659-5659/? I/SKBD: KeybaordView init() : load resources
2021-07-10 17:51:49.415 5659-5659/? I/SKBD: getCurrentKeyboard
2021-07-10 17:51:49.415 5659-5659/? I/SKBD: getTextKeyboard
2021-07-10 17:51:49.417 5659-5659/? I/SKBD: CarMode is off 
2021-07-10 17:51:49.419 5659-5659/? I/SKBD: wj [Resize] mFractionBaseWidth 720 mAdditionalLeftPadding 0
2021-07-10 17:51:49.421 5659-5659/? I/SKBD: wj [Resize]Row # 0 mTotalWidth 721
2021-07-10 17:51:49.422 5659-5659/? I/SKBD: wj [Resize]Row # 1 mTotalWidth 721
2021-07-10 17:51:49.422 5659-5659/? I/SKBD: wj [Resize]Row # 2 mTotalWidth 721
2021-07-10 17:51:49.423 5659-5659/? I/SKBD: wj [Resize]Row # 3 mTotalWidth 721
2021-07-10 17:51:49.425 5659-5659/? I/SKBD: wj [Resize] Row # 4 mTotalWidth 721
2021-07-10 17:51:49.426 5659-5659/? D/SKBD: mIsUseStaticTouchRecognizedArea =  false
2021-07-10 17:51:49.432 5659-5659/? E/SKBD: za setCurrentInputModule mCurrentInputModule index: 19
2021-07-10 17:51:49.432 5659-5659/? D/SKBD: initSubLinguistic called in updateEngine
2021-07-10 17:51:49.442 5659-9325/? I/SKBD: nn [SIIC] getCursorCapsMode done, tookTime10
2021-07-10 17:51:49.449 3913-3913/? D/WifiTrafficPoller: notifyOnDataActivity() - mBusMaxLock.acquire()
2021-07-10 17:51:49.452 5659-5659/? I/SKBD: qc setDLMLoadFlag() SMT_DB_TYPE true
2021-07-10 17:51:49.452 5659-5659/? I/SKBD: qc setDLMLoadFlag() SMT_DB_TYPE false
2021-07-10 17:51:49.453 5659-5659/? I/SKBD: qc SKBDET9AWSetConstructedWords mFieldSpecificType = 0
2021-07-10 17:51:49.453 5659-5659/? I/SKBD: qc SKBDXT9 Latin language init finished
2021-07-10 17:51:49.453 5659-5659/? I/SKBD: qc setDLMLoadFlag() DLM_DB_TYPE true
2021-07-10 17:51:49.453 5659-5659/? I/SKBD: qc setDLMLoadFlag() DLM_DB_TYPE false
2021-07-10 17:51:49.454 5659-5659/? E/SKBD: za setCurrentInputModule mCurrentInputModule index: 19
2021-07-10 17:51:49.454 5659-5659/? D/SKBD: initSubLinguistic called in updateEngine
2021-07-10 17:51:49.473 5659-5659/? I/SKBD: qc setDLMLoadFlag() SMT_DB_TYPE true
2021-07-10 17:51:49.474 5659-5659/? I/SKBD: qc setDLMLoadFlag() SMT_DB_TYPE false
2021-07-10 17:51:49.474 5659-5659/? I/SKBD: qc SKBDET9AWSetConstructedWords mFieldSpecificType = 0
2021-07-10 17:51:49.474 5659-5659/? I/SKBD: qc SKBDXT9 Latin language init finished
2021-07-10 17:51:49.474 5659-5659/? I/SKBD: qc setDLMLoadFlag() DLM_DB_TYPE true
2021-07-10 17:51:49.474 5659-5659/? I/SKBD: qc setDLMLoadFlag() DLM_DB_TYPE false
2021-07-10 17:51:49.475 5659-5659/? I/SKBD: getCurrentKeyboard
2021-07-10 17:51:49.475 5659-5659/? I/SKBD: getTextKeyboard
2021-07-10 17:51:49.476 5659-5659/? I/SKBD: CarMode is off 
2021-07-10 17:51:49.476 5659-5659/? E/SKBD: get previous
2021-07-10 17:51:49.476 5659-5659/? D/SKBD: mIsUseStaticTouchRecognizedArea =  false
2021-07-10 17:51:49.492 5659-5659/? I/SKBD: nn [SIIC] getCursorCapsMode done, tookTime12
2021-07-10 17:51:49.493 5659-5659/? D/SKBD: startInputViewShowTips : true true
2021-07-10 17:51:49.493 5659-5659/? D/SKBD: conditions for show dialog : true false true
2021-07-10 17:51:49.493 5659-5659/? D/SKBD: showDlgMsgBox : true true true
2021-07-10 17:51:49.493 5659-5659/? I/SKBD: tz PrivateImeOptionsControllerImpl getDefaultInputrange()
2021-07-10 17:51:49.493 5659-5659/? I/SKBD: na [IMI] startInputView - caller pid : 8329, caller uid : 10194
2021-07-10 17:51:49.493 5659-5659/? I/SKBD: na sendBroadcastSIPShown()
2021-07-10 17:51:49.495 5659-9327/? D/aac: InputMethodSubtype is found as local:en_US
2021-07-10 17:51:49.495 5659-5659/? V/InputMethodService: showSoftInput(), flags : 1
2021-07-10 17:51:49.496 5659-9327/? D/aac: InputMethodSubtype is set as local:en_US
2021-07-10 17:51:49.498 3913-6147/? D/InputMethodManagerService: shouldShowImeSwitcherLocked - checking 
2021-07-10 17:51:49.501 3913-6152/? V/WindowManager: Relayout Window{9bd9338d0 u0 InputMethod}: viewVisibility=0 req=720x692 WM.LayoutParams{(0,0)(fillxwrap) gr=#50 sim=#120 ty=2011 fl=#1800108 fmt=-2 wanim=0x7f0e000d vsysui=0x300 surfaceInsets=Rect(0, 0 - 0, 0) (manual) (!preservePreviousSurfaceInsets) needsMenuKey=2 dimDuration=150 naviIconColor=0 sfl=0x800}
2021-07-10 17:51:49.505 5659-5659/? D/ViewRootImpl@b3b2dbc[InputMethod]: Relayout returned: oldFrame=[0,588][720,1280] newFrame=[0,588][720,1280] result=0x1 surface={isValid=true -946202624} surfaceGenerationChanged=false
2021-07-10 17:51:49.531 5659-5659/? D/SKBD: disable handwriting input icon : handwriting is not enabled or improper edit field
2021-07-10 17:51:49.531 5659-5659/? D/SKBD: getValidMMCodes nanoTime=646769
2021-07-10 17:51:49.532 5659-5659/? D/SKBD: disable handwriting input icon : handwriting is not enabled or improper edit field
2021-07-10 17:51:49.532 5659-5659/? D/SKBD: getValidMMCodes nanoTime=382692
2021-07-10 17:51:49.532 5659-5659/? D/SKBD: disable handwriting input icon : handwriting is not enabled or improper edit field
2021-07-10 17:51:49.532 5659-5659/? D/SKBD: getValidMMCodes nanoTime=424693
2021-07-10 17:51:49.533 5659-5659/? D/SKBD: disable handwriting input icon : handwriting is not enabled or improper edit field
2021-07-10 17:51:49.533 5659-5659/? D/SKBD: getValidMMCodes nanoTime=534385
2021-07-10 17:51:49.534 5659-5659/? D/SKBD: disable handwriting input icon : handwriting is not enabled or improper edit field
2021-07-10 17:51:49.535 5659-5659/? D/SKBD: getValidMMCodes nanoTime=546615
2021-07-10 17:51:49.537 5659-5659/? I/SKBD: AbstractKeyboardView drawAllKey nanoTime= 28541270, isOrientationLandscape= false
2021-07-10 17:51:49.544 5659-5659/? I/SKBD: nn [SIIC] getSelectedText done, tookTime=2
2021-07-10 17:51:49.558 5659-5659/? I/SKBD: nn [SIIC] getTextBeforeCursor done, tookTime=14
2021-07-10 17:51:49.576 5659-5659/? I/SKBD: nn [SIIC] getTextAfterCursor done, tookTime=18
2021-07-10 17:51:49.609 5659-5659/? I/SKBD: nn [SIIC] getSelectedText done, tookTime=16
2021-07-10 17:51:49.609 5659-5659/? I/SKBD: nn [SIIC] getTextBeforeCursor done, tookTime=0
2021-07-10 17:51:49.610 5659-5659/? I/SKBD: nn [SIIC] getTextAfterCursor done, tookTime=1
2021-07-10 17:51:49.764 2208-2265/? E/nightwatch-target: lmkd signal waiters
2021-07-10 17:51:49.815 3588-3710/? E/nightwatch-target: lmkd signal waiters
2021-07-10 17:51:50.139 2383-9225/? I/display: [PrimaryDisplay] [DYNAMIC_RECOMP] HWC_2_GLES by low FPS(0)
2021-07-10 17:51:50.265 2208-2265/? E/nightwatch-target: lmkd signal waiters
2021-07-10 17:51:50.315 3588-3710/? E/nightwatch-target: lmkd signal waiters
2021-07-10 17:51:50.343 2383-2383/? I/display: [PrimaryDisplay] [DYNAMIC_RECOMP] first frame after HWC_2_GLES
2021-07-10 17:51:50.343 2383-2383/? I/display: [PrimaryDisplay] [DYNAMIC_RECOMP] GLES_2_HWC by high FPS(5)
2021-07-10 17:51:50.451 3913-3913/? D/WifiTrafficPoller: notifyOnDataActivity() - mBusMaxLock.acquire()
2021-07-10 17:51:50.639 2383-9225/? I/display: [PrimaryDisplay] [DYNAMIC_RECOMP] HWC_2_GLES by low FPS(0)
2021-07-10 17:51:50.766 2208-2265/? E/nightwatch-target: lmkd signal waiters
2021-07-10 17:51:50.816 3588-3710/? E/nightwatch-target: lmkd signal waiters
2021-07-10 17:51:50.844 2383-2383/? I/display: [PrimaryDisplay] [DYNAMIC_RECOMP] first frame after HWC_2_GLES
2021-07-10 17:51:50.844 2383-2383/? I/display: [PrimaryDisplay] [DYNAMIC_RECOMP] GLES_2_HWC by high FPS(5)
2021-07-10 17:51:50.881 3913-4332/? D/InputReader: Input event(3): value=1 when=199292123486000
2021-07-10 17:51:50.881 3913-4332/? I/InputReader: Touch event's action is 0x0 (deviceType=0) [pCnt=1, s=0.34459 ] when=199292123486000
2021-07-10 17:51:50.882 3913-4331/? I/InputDispatcher: Delivering touch to (4519): action: 0x4, toolType: 1
2021-07-10 17:51:50.882 3913-4331/? I/InputDispatcher: Delivering touch to (5659): action: 0x0, toolType: 1
2021-07-10 17:51:50.882 5659-5659/? D/ViewRootImpl@b3b2dbc[InputMethod]: ViewPostImeInputStage processPointer 0
2021-07-10 17:51:50.884 3753-21672/? I/APM_AudioPolicyManager: getSituationVolume: isBTConnected:0 isHeadConnected:0
2021-07-10 17:51:50.885 3753-31568/? W/AudioPolicyIntefaceImpl: Skipped to add effects on session 8785
2021-07-10 17:51:50.885 3753-31568/? I/APM_AudioPolicyManager: startOutput() output 21, stream 1, session 8785
2021-07-10 17:51:50.947 3913-4332/? D/InputReader: Input event(3): value=0 when=199292188769000
2021-07-10 17:51:50.947 3913-4332/? I/InputReader: Touch event's action is 0x1 (deviceType=0) [pCnt=1, s=] when=199292188769000
2021-07-10 17:51:50.947 3913-4331/? I/InputDispatcher: Delivering touch to (5659): action: 0x1, toolType: 1
2021-07-10 17:51:50.947 5659-5659/? D/ViewRootImpl@b3b2dbc[InputMethod]: ViewPostImeInputStage processPointer 1
2021-07-10 17:51:50.949 5659-5659/? I/SKBD: AbstractKeyboardView [AKV] detectAndSendKey - mCurrentInputMethod : 0, mInputLanguage : 1701729619
2021-07-10 17:51:50.949 5659-5659/? I/SKBD: ti onCharacterKey() IR : 0
2021-07-10 17:51:50.950 5659-5659/? I/SKBD: [IIManager] IIfo SI [il:0x656e5553] [p:0] [c:0] [t:0] [im:0/0/0/0/0/0] [sC:0] [aC:1] [sS:0] [aS:1] [aP:0] [pW:1] [eM:0] [uR:0] [acI:0] [iT:81] [iO:4000006] [pN:com.loginmodule.learning] [pO:null]
2021-07-10 17:51:50.950 5659-5659/? I/SKBD: [IIManager] IIfo II [ir:0] [hC:0] [hI:0] [tr:0] [tc:0] [cpl:1] [xyD:2/2] [xycD:11/1] [kWHG:59/67/11] [tD:65] [tP:2] [fil:true] [IC:9/74] [cB:0/0]
2021-07-10 17:51:50.965 5659-5659/? I/SKBD: nn [SIIC] getCursorCapsMode done, tookTime1
2021-07-10 17:51:51.035 3753-3829/? I/APM_AudioPolicyManager: stopOutput() output 21, stream 1, session 8785
2021-07-10 17:51:51.266 2208-2265/? E/nightwatch-target: lmkd signal waiters
2021-07-10 17:51:51.282 3913-4332/? D/InputReader: Input event(3): value=1 when=199292524315000
2021-07-10 17:51:51.282 3913-4332/? I/InputReader: Touch event's action is 0x0 (deviceType=0) [pCnt=1, s=0.34460 ] when=199292524315000
2021-07-10 17:51:51.283 3913-4331/? I/InputDispatcher: Delivering touch to (4519): action: 0x4, toolType: 1
2021-07-10 17:51:51.283 3913-4331/? I/InputDispatcher: Delivering touch to (5659): action: 0x0, toolType: 1
2021-07-10 17:51:51.283 5659-5659/? D/ViewRootImpl@b3b2dbc[InputMethod]: ViewPostImeInputStage processPointer 0
2021-07-10 17:51:51.285 3753-4404/? I/APM_AudioPolicyManager: getSituationVolume: isBTConnected:0 isHeadConnected:0
2021-07-10 17:51:51.285 3753-3753/? W/AudioPolicyIntefaceImpl: Skipped to add effects on session 8785
2021-07-10 17:51:51.285 3753-3753/? I/APM_AudioPolicyManager: startOutput() output 21, stream 1, session 8785
2021-07-10 17:51:51.311 2383-2383/? I/display: [PrimaryDisplay] [DYNAMIC_RECOMP] HWC_2_GLES by low FPS(4)
2021-07-10 17:51:51.317 3588-3710/? E/nightwatch-target: lmkd signal waiters
2021-07-10 17:51:51.381 3913-4332/? D/InputReader: Input event(3): value=0 when=199292623211000
2021-07-10 17:51:51.381 3913-4332/? I/InputReader: Touch event's action is 0x1 (deviceType=0) [pCnt=1, s=] when=199292623211000
2021-07-10 17:51:51.381 3913-4331/? I/InputDispatcher: Delivering touch to (5659): action: 0x1, toolType: 1
2021-07-10 17:51:51.382 5659-5659/? D/ViewRootImpl@b3b2dbc[InputMethod]: ViewPostImeInputStage processPointer 1
2021-07-10 17:51:51.384 5659-5659/? I/SKBD: AbstractKeyboardView [AKV] detectAndSendKey - mCurrentInputMethod : 0, mInputLanguage : 1701729619
2021-07-10 17:51:51.384 5659-5659/? I/SKBD: ti onCharacterKey() IR : 0
2021-07-10 17:51:51.384 5659-5659/? I/SKBD: [IIManager] IIfo SI [il:0x656e5553] [p:0] [c:0] [t:0] [im:0/0/0/0/0/0] [sC:0] [aC:1] [sS:0] [aS:1] [aP:0] [pW:1] [eM:0] [uR:0] [acI:0] [iT:81] [iO:4000006] [pN:com.loginmodule.learning] [pO:null]
2021-07-10 17:51:51.384 5659-5659/? I/SKBD: [IIManager] IIfo II [ir:0] [hC:0] [hI:0] [tr:0] [tc:0] [cpl:1] [xyD:-13/0] [xycD:6/-8] [kWHG:59/67/11] [tD:99] [tP:2] [fil:true] [IC:1/1] [cB:0/0]
2021-07-10 17:51:51.399 5659-5659/? I/SKBD: nn [SIIC] getCursorCapsMode done, tookTime0
2021-07-10 17:51:51.412 2383-2383/? I/display: [PrimaryDisplay] [DYNAMIC_RECOMP] first frame after HWC_2_GLES
2021-07-10 17:51:51.412 2383-2383/? I/display: [PrimaryDisplay] [DYNAMIC_RECOMP] GLES_2_HWC by high FPS(5)
2021-07-10 17:51:51.435 3753-3829/? I/APM_AudioPolicyManager: stopOutput() output 21, stream 1, session 8785
2021-07-10 17:51:51.453 3913-3913/? D/WifiTrafficPoller: notifyOnDataActivity() - mBusMaxLock.acquire()
2021-07-10 17:51:51.487 3913-4364/? I/WifiHAL: Creating message to get link statistics
2021-07-10 17:51:51.488 3913-4364/? D/WifiHAL: response_handler called
2021-07-10 17:51:51.488 3913-4364/? D/WifiHAL: event len = 1108
2021-07-10 17:51:51.488 3913-4364/? I/WifiHAL: In GetLinkStatsCommand::handleResponse
2021-07-10 17:51:51.488 3913-4364/? I/WifiHAL: Id = 0, subcmd = 0
2021-07-10 17:51:51.488 3913-4364/? D/wifi: onLinkStatsResults: radio_stat.on_time = 0
2021-07-10 17:51:51.489 3913-4364/? D/wifi: onLinkStatsResults: radio_stat.tx_time = 0
2021-07-10 17:51:51.489 3913-4364/? D/wifi: onLinkStatsResults: radio_stat.rx_time = 0
2021-07-10 17:51:51.489 3913-4364/? D/WifiHAL: ack_handler called
2021-07-10 17:51:51.489 3913-4364/? D/wifi: android_net_wifi_getLinkLayerStats: radio_stat.on_time = 0
2021-07-10 17:51:51.489 3913-4364/? D/wifi: android_net_wifi_getLinkLayerStats: radio_stat.tx_time = 0
2021-07-10 17:51:51.489 3913-4364/? D/wifi: android_net_wifi_getLinkLayerStats: radio_stat.rx_time = 0
2021-07-10 17:51:51.494 3913-4364/? D/WifiStateMachine: Current network is: "test2" , ID is: 3
2021-07-10 17:51:51.741 2383-9225/? I/display: [PrimaryDisplay] [DYNAMIC_RECOMP] HWC_2_GLES by low FPS(3)
2021-07-10 17:51:51.768 2208-2265/? E/nightwatch-target: lmkd signal waiters
2021-07-10 17:51:51.817 3588-3710/? E/nightwatch-target: lmkd signal waiters
2021-07-10 17:51:51.913 2383-2383/? I/display: [PrimaryDisplay] [DYNAMIC_RECOMP] first frame after HWC_2_GLES
2021-07-10 17:51:51.913 2383-2383/? I/display: [PrimaryDisplay] [DYNAMIC_RECOMP] GLES_2_HWC by high FPS(5)
2021-07-10 17:51:51.950 3913-4332/? D/InputReader: Input event(3): value=1 when=199293192325000
2021-07-10 17:51:51.950 3913-4332/? I/InputReader: Touch event's action is 0x0 (deviceType=0) [pCnt=1, s=0.34461 ] when=199293192325000
2021-07-10 17:51:51.951 3913-4331/? I/InputDispatcher: Delivering touch to (4519): action: 0x4, toolType: 1
2021-07-10 17:51:51.951 3913-4331/? I/InputDispatcher: Delivering touch to (5659): action: 0x0, toolType: 1
2021-07-10 17:51:51.951 5659-5659/? D/ViewRootImpl@b3b2dbc[InputMethod]: ViewPostImeInputStage processPointer 0
2021-07-10 17:51:51.953 3753-31568/? I/APM_AudioPolicyManager: getSituationVolume: isBTConnected:0 isHeadConnected:0
2021-07-10 17:51:51.954 3753-4295/? W/AudioPolicyIntefaceImpl: Skipped to add effects on session 8785
2021-07-10 17:51:51.954 3753-4295/? I/APM_AudioPolicyManager: startOutput() output 21, stream 1, session 8785
2021-07-10 17:51:52.049 3913-4332/? D/InputReader: Input event(3): value=0 when=199293291429000
2021-07-10 17:51:52.049 3913-4332/? I/InputReader: Touch event's action is 0x1 (deviceType=0) [pCnt=1, s=] when=199293291429000
2021-07-10 17:51:52.049 3913-4331/? I/InputDispatcher: Delivering touch to (5659): action: 0x1, toolType: 1
2021-07-10 17:51:52.050 5659-5659/? D/ViewRootImpl@b3b2dbc[InputMethod]: ViewPostImeInputStage processPointer 1
2021-07-10 17:51:52.052 5659-5659/? I/SKBD: AbstractKeyboardView [AKV] detectAndSendKey - mCurrentInputMethod : 0, mInputLanguage : 1701729619
2021-07-10 17:51:52.052 5659-5659/? I/SKBD: ti onCharacterKey() IR : 0
2021-07-10 17:51:52.052 5659-5659/? I/SKBD: [IIManager] IIfo SI [il:0x656e5553] [p:0] [c:0] [t:0] [im:0/0/0/0/0/0] [sC:0] [aC:1] [sS:0] [aS:1] [aP:0] [pW:1] [eM:0] [uR:0] [acI:0] [iT:81] [iO:4000006] [pN:com.loginmodule.learning] [pO:null]
2021-07-10 17:51:52.052 5659-5659/? I/SKBD: [IIManager] IIfo II [ir:0] [hC:0] [hI:0] [tr:0] [tc:0] [cpl:1] [xyD:-1/0] [xycD:3/6] [kWHG:59/67/11] [tD:99] [tP:2] [fil:true] [IC:1/0] [cB:0/0]
2021-07-10 17:51:52.068 5659-5659/? I/SKBD: nn [SIIC] getCursorCapsMode done, tookTime0
2021-07-10 17:51:52.116 3753-3829/? I/APM_AudioPolicyManager: stopOutput() output 21, stream 1, session 8785
2021-07-10 17:51:52.268 2208-2265/? E/nightwatch-target: lmkd signal waiters
2021-07-10 17:51:52.318 3588-3710/? E/nightwatch-target: lmkd signal waiters
2021-07-10 17:51:52.435 3913-4332/? D/InputReader: Input event(3): value=1 when=199293676648000
2021-07-10 17:51:52.435 3913-4332/? I/InputReader: Touch event's action is 0x0 (deviceType=0) [pCnt=1, s=0.34462 ] when=199293676648000
2021-07-10 17:51:52.435 3913-4331/? I/InputDispatcher: Delivering touch to (4519): action: 0x4, toolType: 1
2021-07-10 17:51:52.435 3913-4331/? I/InputDispatcher: Delivering touch to (5659): action: 0x0, toolType: 1
2021-07-10 17:51:52.435 5659-5659/? D/ViewRootImpl@b3b2dbc[InputMethod]: ViewPostImeInputStage processPointer 0
2021-07-10 17:51:52.437 3753-3753/? I/APM_AudioPolicyManager: getSituationVolume: isBTConnected:0 isHeadConnected:0
2021-07-10 17:51:52.438 3753-21359/? W/AudioPolicyIntefaceImpl: Skipped to add effects on session 8785
2021-07-10 17:51:52.438 3753-21359/? I/APM_AudioPolicyManager: startOutput() output 21, stream 1, session 8785
2021-07-10 17:51:52.442 2383-9225/? I/display: [PrimaryDisplay] [DYNAMIC_RECOMP] HWC_2_GLES by low FPS(0)
2021-07-10 17:51:52.454 3913-3913/? D/WifiTrafficPoller: notifyOnDataActivity() - mBusMaxLock.acquire()
2021-07-10 17:51:52.464 2383-2383/? I/display: [PrimaryDisplay] [DYNAMIC_RECOMP] first frame after HWC_2_GLES
2021-07-10 17:51:52.464 2383-2383/? I/display: [PrimaryDisplay] [DYNAMIC_RECOMP] GLES_2_HWC by high FPS(5)
2021-07-10 17:51:52.470 3913-7145/? D/SSRM:v: SIOP:: AP = 390, PST = 382 (W:30), BAT = 348, CHG = 0
2021-07-10 17:51:52.517 3913-4332/? D/InputReader: Input event(3): value=0 when=199293758741000
2021-07-10 17:51:52.517 3913-4332/? I/InputReader: Touch event's action is 0x1 (deviceType=0) [pCnt=1, s=] when=199293758741000
2021-07-10 17:51:52.517 3913-4331/? I/InputDispatcher: Delivering touch to (5659): action: 0x1, toolType: 1
2021-07-10 17:51:52.517 5659-5659/? D/ViewRootImpl@b3b2dbc[InputMethod]: ViewPostImeInputStage processPointer 1
2021-07-10 17:51:52.519 5659-5659/? I/SKBD: AbstractKeyboardView [AKV] detectAndSendKey - mCurrentInputMethod : 0, mInputLanguage : 1701729619
2021-07-10 17:51:52.519 5659-5659/? I/SKBD: ti onCharacterKey() IR : 0
2021-07-10 17:51:52.520 5659-5659/? I/SKBD: [IIManager] IIfo SI [il:0x656e5553] [p:0] [c:0] [t:0] [im:0/0/0/0/0/0] [sC:0] [aC:1] [sS:0] [aS:1] [aP:0] [pW:1] [eM:0] [uR:0] [acI:0] [iT:81] [iO:4000006] [pN:com.loginmodule.learning] [pO:null]
2021-07-10 17:51:52.520 5659-5659/? I/SKBD: [IIManager] IIfo II [ir:0] [hC:0] [hI:0] [tr:0] [tc:0] [cpl:1] [xyD:0/-2] [xycD:3/32] [kWHG:59/67/11] [tD:82] [tP:2] [fil:true] [IC:1/0] [cB:0/0]
2021-07-10 17:51:52.536 5659-5659/? I/SKBD: nn [SIIC] getCursorCapsMode done, tookTime1
2021-07-10 17:51:52.596 3753-3829/? I/APM_AudioPolicyManager: stopOutput() output 21, stream 1, session 8785
2021-07-10 17:51:52.769 2208-2265/? E/nightwatch-target: lmkd signal waiters
2021-07-10 17:51:52.819 3588-3710/? E/nightwatch-target: lmkd signal waiters
2021-07-10 17:51:52.909 5106-5106/? D/io_stats: !@ 179,0 r 18629017 396463557 w 3053521 51217528 d 459412 20283760 f 699449 699145 iot 11649580 11182880 th 51200 0 0 pt 0 inp 0 0 199294.148
2021-07-10 17:51:52.943 2383-9225/? I/display: [PrimaryDisplay] [DYNAMIC_RECOMP] HWC_2_GLES by low FPS(0)
2021-07-10 17:51:52.952 3913-4332/? D/InputReader: Input event(3): value=1 when=199294194369000
2021-07-10 17:51:52.952 3913-4332/? I/InputReader: Touch event's action is 0x0 (deviceType=0) [pCnt=1, s=0.34463 ] when=199294194369000
2021-07-10 17:51:52.953 3913-4331/? I/InputDispatcher: Delivering touch to (4519): action: 0x4, toolType: 1
2021-07-10 17:51:52.953 3913-4331/? I/InputDispatcher: Delivering touch to (5659): action: 0x0, toolType: 1
2021-07-10 17:51:52.953 5659-5659/? D/ViewRootImpl@b3b2dbc[InputMethod]: ViewPostImeInputStage processPointer 0
2021-07-10 17:51:52.955 3753-4295/? I/APM_AudioPolicyManager: getSituationVolume: isBTConnected:0 isHeadConnected:0
2021-07-10 17:51:52.956 3753-4403/? W/AudioPolicyIntefaceImpl: Skipped to add effects on session 8785
2021-07-10 17:51:52.956 3753-4403/? I/APM_AudioPolicyManager: startOutput() output 21, stream 1, session 8785
2021-07-10 17:51:52.982 2383-2383/? I/display: [PrimaryDisplay] [DYNAMIC_RECOMP] first frame after HWC_2_GLES
2021-07-10 17:51:52.982 2383-2383/? I/display: [PrimaryDisplay] [DYNAMIC_RECOMP] GLES_2_HWC by high FPS(5)
2021-07-10 17:51:53.051 3913-4332/? D/InputReader: Input event(3): value=0 when=199294293201000
2021-07-10 17:51:53.051 3913-4332/? I/InputReader: Touch event's action is 0x1 (deviceType=0) [pCnt=1, s=] when=199294293201000
2021-07-10 17:51:53.051 3913-4331/? I/InputDispatcher: Delivering touch to (5659): action: 0x1, toolType: 1
2021-07-10 17:51:53.051 5659-5659/? D/ViewRootImpl@b3b2dbc[InputMethod]: ViewPostImeInputStage processPointer 1
2021-07-10 17:51:53.053 5659-5659/? I/SKBD: AbstractKeyboardView [AKV] detectAndSendKey - mCurrentInputMethod : 0, mInputLanguage : 1701729619
2021-07-10 17:51:53.054 5659-5659/? I/SKBD: ti onCharacterKey() IR : 0
2021-07-10 17:51:53.054 5659-5659/? I/SKBD: [IIManager] IIfo SI [il:0x656e5553] [p:0] [c:0] [t:0] [im:0/0/0/0/0/0] [sC:0] [aC:1] [sS:0] [aS:1] [aP:0] [pW:1] [eM:0] [uR:0] [acI:0] [iT:81] [iO:4000006] [pN:com.loginmodule.learning] [pO:null]
2021-07-10 17:51:53.054 5659-5659/? I/SKBD: [IIManager] IIfo II [ir:0] [hC:0] [hI:0] [tr:0] [tc:0] [cpl:1] [xyD:3/-4] [xycD:32/23] [kWHG:59/67/11] [tD:99] [tP:2] [fil:true] [IC:1/1] [cB:0/0]
2021-07-10 17:51:53.069 5659-5659/? I/SKBD: nn [SIIC] getCursorCapsMode done, tookTime0
2021-07-10 17:51:53.112 3753-3829/? I/APM_AudioPolicyManager: stopOutput() output 21, stream 1, session 8785
2021-07-10 17:51:53.269 2208-2265/? E/nightwatch-target: lmkd signal waiters
2021-07-10 17:51:53.319 3588-3710/? E/nightwatch-target: lmkd signal waiters
2021-07-10 17:51:53.444 2383-9225/? I/display: [PrimaryDisplay] [DYNAMIC_RECOMP] HWC_2_GLES by low FPS(0)
2021-07-10 17:51:53.455 3913-3913/? D/WifiTrafficPoller: notifyOnDataActivity() - mBusMaxLock.acquire()
2021-07-10 17:51:53.583 2383-2383/? I/display: [PrimaryDisplay] [DYNAMIC_RECOMP] first frame after HWC_2_GLES
2021-07-10 17:51:53.583 2383-2383/? I/display: [PrimaryDisplay] [DYNAMIC_RECOMP] GLES_2_HWC by high FPS(5)
2021-07-10 17:51:53.687 3913-4332/? D/InputReader: Input event(3): value=1 when=199294929134000
2021-07-10 17:51:53.687 3913-4332/? I/InputReader: Touch event's action is 0x0 (deviceType=0) [pCnt=1, s=0.34464 ] when=199294929134000
2021-07-10 17:51:53.687 3913-4331/? I/InputDispatcher: Delivering touch to (4519): action: 0x4, toolType: 1
2021-07-10 17:51:53.687 3913-4331/? I/InputDispatcher: Delivering touch to (5659): action: 0x0, toolType: 1
2021-07-10 17:51:53.688 5659-5659/? D/ViewRootImpl@b3b2dbc[InputMethod]: ViewPostImeInputStage processPointer 0
2021-07-10 17:51:53.689 3753-21359/? I/APM_AudioPolicyManager: getSituationVolume: isBTConnected:0 isHeadConnected:0
2021-07-10 17:51:53.690 3753-21672/? W/AudioPolicyIntefaceImpl: Skipped to add effects on session 8785
2021-07-10 17:51:53.690 3753-21672/? I/APM_AudioPolicyManager: startOutput() output 21, stream 1, session 8785
2021-07-10 17:51:53.769 3913-4332/? D/InputReader: Input event(3): value=0 when=199295011574000
2021-07-10 17:51:53.769 3913-4332/? I/InputReader: Touch event's action is 0x1 (deviceType=0) [pCnt=1, s=] when=199295011574000
2021-07-10 17:51:53.770 3913-4331/? I/InputDispatcher: Delivering touch to (5659): action: 0x1, toolType: 1
2021-07-10 17:51:53.770 5659-5659/? D/ViewRootImpl@b3b2dbc[InputMethod]: ViewPostImeInputStage processPointer 1
2021-07-10 17:51:53.771 2208-2265/? E/nightwatch-target: lmkd signal waiters
2021-07-10 17:51:53.772 5659-5659/? I/SKBD: AbstractKeyboardView [AKV] detectAndSendKey - mCurrentInputMethod : 0, mInputLanguage : 1701729619
2021-07-10 17:51:53.772 5659-5659/? I/SKBD: ti onCharacterKey() IR : 0
2021-07-10 17:51:53.772 5659-5659/? I/SKBD: [IIManager] IIfo SI [il:0x656e5553] [p:0] [c:0] [t:0] [im:0/0/0/0/0/0] [sC:0] [aC:1] [sS:0] [aS:1] [aP:0] [pW:1] [eM:0] [uR:0] [acI:0] [iT:81] [iO:4000006] [pN:com.loginmodule.learning] [pO:null]
2021-07-10 17:51:53.772 5659-5659/? I/SKBD: [IIManager] IIfo II [ir:0] [hC:0] [hI:0] [tr:0] [tc:0] [cpl:1] [xyD:-2/0] [xycD:-5/7] [kWHG:59/67/11] [tD:82] [tP:2] [fil:true] [IC:1/0] [cB:0/0]
2021-07-10 17:51:53.788 5659-5659/? I/SKBD: nn [SIIC] getCursorCapsMode done, tookTime1
2021-07-10 17:51:53.821 3588-3710/? E/nightwatch-target: lmkd signal waiters
2021-07-10 17:51:53.856 3753-3829/? I/APM_AudioPolicyManager: stopOutput() output 21, stream 1, session 8785
2021-07-10 17:51:54.145 2383-9225/? I/display: [PrimaryDisplay] [DYNAMIC_RECOMP] HWC_2_GLES by low FPS(0)
2021-07-10 17:51:54.271 2208-2265/? E/nightwatch-target: lmkd signal waiters
2021-07-10 17:51:54.302 2383-2383/? I/display: [PrimaryDisplay] [DYNAMIC_RECOMP] first frame after HWC_2_GLES
2021-07-10 17:51:54.302 2383-2383/? I/display: [PrimaryDisplay] [DYNAMIC_RECOMP] GLES_2_HWC by high FPS(5)
2021-07-10 17:51:54.321 3588-3710/? E/nightwatch-target: lmkd signal waiters
2021-07-10 17:51:54.456 3913-3913/? D/WifiTrafficPoller: notifyOnDataActivity() - mBusMaxLock.acquire()
2021-07-10 17:51:54.494 3913-4364/? I/WifiHAL: Creating message to get link statistics
2021-07-10 17:51:54.495 3913-4364/? D/WifiHAL: response_handler called
2021-07-10 17:51:54.495 3913-4364/? D/WifiHAL: event len = 1108
2021-07-10 17:51:54.495 3913-4364/? I/WifiHAL: In GetLinkStatsCommand::handleResponse
2021-07-10 17:51:54.495 3913-4364/? I/WifiHAL: Id = 0, subcmd = 0
2021-07-10 17:51:54.495 3913-4364/? D/wifi: onLinkStatsResults: radio_stat.on_time = 0
2021-07-10 17:51:54.495 3913-4364/? D/wifi: onLinkStatsResults: radio_stat.tx_time = 0
2021-07-10 17:51:54.495 3913-4364/? D/wifi: onLinkStatsResults: radio_stat.rx_time = 0
2021-07-10 17:51:54.495 3913-4364/? D/WifiHAL: ack_handler called
2021-07-10 17:51:54.496 3913-4364/? D/wifi: android_net_wifi_getLinkLayerStats: radio_stat.on_time = 0
2021-07-10 17:51:54.496 3913-4364/? D/wifi: android_net_wifi_getLinkLayerStats: radio_stat.tx_time = 0
2021-07-10 17:51:54.496 3913-4364/? D/wifi: android_net_wifi_getLinkLayerStats: radio_stat.rx_time = 0
2021-07-10 17:51:54.499 3913-4364/? D/WifiStateMachine: Current network is: "test2" , ID is: 3
2021-07-10 17:51:54.538 3913-4332/? D/InputReader: Input event(3): value=1 when=199295780446000
2021-07-10 17:51:54.538 3913-4332/? I/InputReader: Touch event's action is 0x0 (deviceType=0) [pCnt=1, s=0.34465 ] when=199295780446000
2021-07-10 17:51:54.539 3913-4331/? I/InputDispatcher: Delivering touch to (4519): action: 0x4, toolType: 1
2021-07-10 17:51:54.539 3913-4331/? I/InputDispatcher: Delivering touch to (5659): action: 0x0, toolType: 1
2021-07-10 17:51:54.539 5659-5659/? D/ViewRootImpl@b3b2dbc[InputMethod]: ViewPostImeInputStage processPointer 0
2021-07-10 17:51:54.541 3753-4403/? I/APM_AudioPolicyManager: getSituationVolume: isBTConnected:0 isHeadConnected:0
2021-07-10 17:51:54.542 3753-4404/? W/AudioPolicyIntefaceImpl: Skipped to add effects on session 8937
2021-07-10 17:51:54.542 3753-4404/? I/APM_AudioPolicyManager: startOutput() output 21, stream 1, session 8937
2021-07-10 17:51:54.568 2383-2383/? I/display: [PrimaryDisplay] [DYNAMIC_RECOMP] HWC_2_GLES by low FPS(4)
2021-07-10 17:51:54.604 3913-4332/? D/InputReader: Input event(3): value=0 when=199295846456000
2021-07-10 17:51:54.604 3913-4332/? I/InputReader: Touch event's action is 0x1 (deviceType=0) [pCnt=1, s=] when=199295846456000
2021-07-10 17:51:54.605 3913-4331/? I/InputDispatcher: Delivering touch to (5659): action: 0x1, toolType: 1
2021-07-10 17:51:54.605 5659-5659/? D/ViewRootImpl@b3b2dbc[InputMethod]: ViewPostImeInputStage processPointer 1
2021-07-10 17:51:54.607 5659-5659/? I/SKBD: AbstractKeyboardView [AKV] detectAndSendKey - mCurrentInputMethod : 0, mInputLanguage : 1701729619
2021-07-10 17:51:54.607 5659-5659/? I/SKBD: ti onCharacterKey() IR : 0
2021-07-10 17:51:54.608 8329-8329/? D/ViewRootImpl@d60e8f8[RegisterActivity]: ViewPostImeInputStage processKey 0
2021-07-10 17:51:54.608 8329-8329/? D/ViewRootImpl@d60e8f8[RegisterActivity]: ViewPostImeInputStage processKey 1
2021-07-10 17:51:54.609 8329-8329/? D/InputMethodManager: HSI from window - flag : 0 Pid : 8329
2021-07-10 17:51:54.609 3913-5363/? V/InputMethodManagerService: Client requesting input be hidden, flags : 0
2021-07-10 17:51:54.609 3913-5363/? V/InputMethodManagerService: hideCurrentInputLocked - send MSG_HIDE_SOFT_INPUT
2021-07-10 17:51:54.609 3913-5363/? E/InputMethodManagerService: Perflock object null
2021-07-10 17:51:54.609 5659-5659/? V/InputMethodService: hideSoftInput(), flags : 0
2021-07-10 17:51:54.610 5659-5659/? V/InputMethodService: CALL: onFinishInputView
2021-07-10 17:51:54.610 5659-5659/? D/ACDownloadManager: onFinishInput() took nanoTime: 26192
2021-07-10 17:51:54.611 5659-5659/? E/KeyboardInfoUtils: getInstance start
2021-07-10 17:51:54.611 5659-5659/? E/KeyboardInfoUtils: sendSIPInformation state:6  isAbstractKeyboardView : true
2021-07-10 17:51:54.611 5659-9330/? E/KeyboardInfoUtils: sending null keyboardInfo as SIP is closed
2021-07-10 17:51:54.613 5659-5659/? I/SKBD: SamsungKeypad onFinishInputView took nanoTime: 2560885
2021-07-10 17:51:54.613 5659-5659/? V/InputMethodService: hideWindow: hiding!
2021-07-10 17:51:54.614 5659-5659/? I/SKBD: SamsungKeypad onWindowHidden took nanoTime: 173769
2021-07-10 17:51:54.623 5659-5659/? D/ViewRootImpl@b3b2dbc[InputMethod]: mHardwareRenderer.destroy()#1
2021-07-10 17:51:54.625 3913-15480/? V/WindowManager: Relayout Window{9bd9338d0 u0 InputMethod}: viewVisibility=8 req=720x692 WM.LayoutParams{(0,0)(fillxwrap) gr=#50 sim=#120 ty=2011 fl=#1800108 fmt=-2 wanim=0x7f0e000d vsysui=0x300 surfaceInsets=Rect(0, 0 - 0, 0) (manual) (!preservePreviousSurfaceInsets) needsMenuKey=2 dimDuration=150 naviIconColor=0 sfl=0x800}
2021-07-10 17:51:54.630 8329-8329/? D/ViewRootImpl@d60e8f8[RegisterActivity]: MSG_RESIZED: frame=Rect(0, 0 - 720, 1280) ci=Rect(0, 48 - 0, 0) vi=Rect(0, 48 - 0, 0) or=1
2021-07-10 17:51:54.631 5659-5659/? D/ViewRootImpl@b3b2dbc[InputMethod]: Relayout returned: oldFrame=[0,588][720,1280] newFrame=[0,588][720,1280] result=0x5 surface={isValid=false 0} surfaceGenerationChanged=true
2021-07-10 17:51:54.635 2383-2383/? I/display: [PrimaryDisplay] [DYNAMIC_RECOMP] first frame after HWC_2_GLES
2021-07-10 17:51:54.635 2383-2383/? I/display: [PrimaryDisplay] [DYNAMIC_RECOMP] GLES_2_HWC by high FPS(5)
2021-07-10 17:51:54.695 3753-3829/? I/APM_AudioPolicyManager: stopOutput() output 21, stream 1, session 8937
2021-07-10 17:51:54.772 2208-2265/? E/nightwatch-target: lmkd signal waiters
2021-07-10 17:51:54.809 3913-3995/? I/WindowManager_SurfaceController: Destroying surface Surface(name=InputMethod) called by com.android.server.wm.WindowStateAnimator.destroySurface:3074 com.android.server.wm.WindowStateAnimator.destroySurfaceLocked:1138 com.android.server.wm.WindowState.destroyOrSaveSurface:2844 com.android.server.wm.WindowSurfacePlacer.performSurfacePlacementInner:510 com.android.server.wm.WindowSurfacePlacer.performSurfacePlacementLoop:284 com.android.server.wm.WindowSurfacePlacer.performSurfacePlacement:232 com.android.server.wm.WindowManagerService$H.handleMessage:9699 android.os.Handler.dispatchMessage:102 
2021-07-10 17:51:54.809 2383-2550/? I/SurfaceFlinger: id=6274 Removed InputMethod (4/6)
2021-07-10 17:51:54.810 2383-5032/? I/SurfaceFlinger: id=6274 Removed InputMethod (-2/6)
2021-07-10 17:51:54.822 3588-3710/? E/nightwatch-target: lmkd signal waiters
2021-07-10 17:51:55.247 2383-9225/? I/display: [PrimaryDisplay] [DYNAMIC_RECOMP] HWC_2_GLES by low FPS(0)
2021-07-10 17:51:55.273 2208-2265/? E/nightwatch-target: lmkd signal waiters
2021-07-10 17:51:55.304 2383-2383/? I/display: [PrimaryDisplay] [DYNAMIC_RECOMP] first frame after HWC_2_GLES
2021-07-10 17:51:55.304 2383-2383/? I/display: [PrimaryDisplay] [DYNAMIC_RECOMP] GLES_2_HWC by high FPS(5)
2021-07-10 17:51:55.322 3588-3710/? E/nightwatch-target: lmkd signal waiters
2021-07-10 17:51:55.458 3913-3913/? D/WifiTrafficPoller: notifyOnDataActivity() - mBusMaxLock.acquire()
2021-07-10 17:51:55.647 2383-9225/? I/display: [PrimaryDisplay] [DYNAMIC_RECOMP] HWC_2_GLES by low FPS(3)
2021-07-10 17:51:55.774 2208-2265/? E/nightwatch-target: lmkd signal waiters
2021-07-10 17:51:55.821 2383-2383/? I/display: [PrimaryDisplay] [DYNAMIC_RECOMP] first frame after HWC_2_GLES
2021-07-10 17:51:55.821 2383-2383/? I/display: [PrimaryDisplay] [DYNAMIC_RECOMP] GLES_2_HWC by high FPS(5)
2021-07-10 17:51:55.823 3588-3710/? E/nightwatch-target: lmkd signal waiters
2021-07-10 17:51:56.148 2383-9225/? I/display: [PrimaryDisplay] [DYNAMIC_RECOMP] HWC_2_GLES by low FPS(0)
2021-07-10 17:51:56.274 2208-2265/? E/nightwatch-target: lmkd signal waiters
2021-07-10 17:51:56.323 2383-2383/? I/display: [PrimaryDisplay] [DYNAMIC_RECOMP] first frame after HWC_2_GLES
2021-07-10 17:51:56.323 2383-2383/? I/display: [PrimaryDisplay] [DYNAMIC_RECOMP] GLES_2_HWC by high FPS(5)
2021-07-10 17:51:56.324 3588-3710/? E/nightwatch-target: lmkd signal waiters
2021-07-10 17:51:56.461 3913-3913/? D/WifiTrafficPoller: notifyOnDataActivity() - mBusMaxLock.acquire()
2021-07-10 17:51:56.649 2383-9225/? I/display: [PrimaryDisplay] [DYNAMIC_RECOMP] HWC_2_GLES by low FPS(3)
2021-07-10 17:51:56.656 2383-2383/? I/display: [PrimaryDisplay] [DYNAMIC_RECOMP] GLES_2_HWC by high FPS(6)
2021-07-10 17:51:56.775 2208-2265/? E/nightwatch-target: lmkd signal waiters
2021-07-10 17:51:56.825 3588-3710/? E/nightwatch-target: lmkd signal waiters
2021-07-10 17:51:56.949 2383-9225/? I/display: [PrimaryDisplay] [DYNAMIC_RECOMP] HWC_2_GLES by low FPS(3)
2021-07-10 17:51:56.956 2383-2383/? I/display: [PrimaryDisplay] [DYNAMIC_RECOMP] GLES_2_HWC by high FPS(8)
2021-07-10 17:51:57.250 2383-9225/? I/display: [PrimaryDisplay] [DYNAMIC_RECOMP] HWC_2_GLES by low FPS(0)
2021-07-10 17:51:57.276 2208-2265/? E/nightwatch-target: lmkd signal waiters
2021-07-10 17:51:57.324 2383-2383/? I/display: [PrimaryDisplay] [DYNAMIC_RECOMP] first frame after HWC_2_GLES
2021-07-10 17:51:57.325 2383-2383/? I/display: [PrimaryDisplay] [DYNAMIC_RECOMP] GLES_2_HWC by high FPS(5)
2021-07-10 17:51:57.325 3588-3710/? E/nightwatch-target: lmkd signal waiters
2021-07-10 17:51:57.464 3913-3913/? D/WifiTrafficPoller: notifyOnDataActivity() - mBusMaxLock.acquire()
2021-07-10 17:51:57.499 3913-4364/? I/WifiHAL: Creating message to get link statistics
2021-07-10 17:51:57.500 3913-4364/? D/WifiHAL: response_handler called
2021-07-10 17:51:57.500 3913-4364/? D/WifiHAL: event len = 1108
2021-07-10 17:51:57.500 3913-4364/? I/WifiHAL: In GetLinkStatsCommand::handleResponse
2021-07-10 17:51:57.500 3913-4364/? I/WifiHAL: Id = 0, subcmd = 0
2021-07-10 17:51:57.500 3913-4364/? D/wifi: onLinkStatsResults: radio_stat.on_time = 0
2021-07-10 17:51:57.501 3913-4364/? D/wifi: onLinkStatsResults: radio_stat.tx_time = 0
2021-07-10 17:51:57.501 3913-4364/? D/wifi: onLinkStatsResults: radio_stat.rx_time = 0
2021-07-10 17:51:57.501 3913-4364/? D/WifiHAL: ack_handler called
2021-07-10 17:51:57.501 3913-4364/? D/wifi: android_net_wifi_getLinkLayerStats: radio_stat.on_time = 0
2021-07-10 17:51:57.501 3913-4364/? D/wifi: android_net_wifi_getLinkLayerStats: radio_stat.tx_time = 0
2021-07-10 17:51:57.501 3913-4364/? D/wifi: android_net_wifi_getLinkLayerStats: radio_stat.rx_time = 0
2021-07-10 17:51:57.505 3913-4364/? D/WifiStateMachine: Current network is: "test2" , ID is: 3
2021-07-10 17:51:57.506 3913-4364/? D/WifiStateMachine: Current network is still qualified due to heavy traffic, txSuccessRate=2.5 rxSuccessRate=6.5
2021-07-10 17:51:57.651 2383-9225/? I/display: [PrimaryDisplay] [DYNAMIC_RECOMP] HWC_2_GLES by low FPS(0)
2021-07-10 17:51:57.672 3753-4291/? I/audio_hw_primary: do_out_standby +
2021-07-10 17:51:57.673 3753-4291/? D/audio_hw_primary: output_devices devices:0
2021-07-10 17:51:57.673 3753-4291/? D/audio_hw_primary: output_devices devices:0
2021-07-10 17:51:57.673 3753-4291/? V/audio_hw_primary: select_devices output_scenario:-1 input_scenario:-1 out_snd_device 0x0 in_snd_device:0x0
2021-07-10 17:51:57.673 3753-4291/? I/audio_route: > audio_route_reset :
2021-07-10 17:51:57.674 3753-4291/? I/audio_route: > audio_route_update_mixer : +
2021-07-10 17:51:57.675 3753-4291/? I/audio_route: > audio_route_update_mixer : changed(4) -
2021-07-10 17:51:57.675 3753-4291/? I/audio_hw_primary: select_devices - 
2021-07-10 17:51:57.675 3753-4291/? I/audio_hw_primary: do_out_standby -
2021-07-10 17:51:57.696 3913-4332/? D/InputReader: Input event(3): value=1 when=199298937639000
2021-07-10 17:51:57.696 3913-4332/? I/InputReader: Touch event's action is 0x0 (deviceType=0) [pCnt=1, s=0.34466 ] when=199298937639000
2021-07-10 17:51:57.696 3913-4331/? I/InputDispatcher: Delivering touch to (4519): action: 0x4, toolType: 1
2021-07-10 17:51:57.696 3913-4331/? I/InputDispatcher: Delivering touch to (8329): action: 0x0, toolType: 1
2021-07-10 17:51:57.696 8329-8329/? D/ViewRootImpl@d60e8f8[RegisterActivity]: ViewPostImeInputStage processPointer 0
2021-07-10 17:51:57.761 3913-4332/? D/InputReader: Input event(3): value=0 when=199299003307000
2021-07-10 17:51:57.761 3913-4332/? I/InputReader: Touch event's action is 0x1 (deviceType=0) [pCnt=1, s=] when=199299003307000
2021-07-10 17:51:57.761 3913-4331/? I/InputDispatcher: Delivering touch to (8329): action: 0x1, toolType: 1
2021-07-10 17:51:57.762 8329-8329/? D/ViewRootImpl@d60e8f8[RegisterActivity]: ViewPostImeInputStage processPointer 1
2021-07-10 17:51:57.777 2208-2265/? E/nightwatch-target: lmkd signal waiters
2021-07-10 17:51:57.808 2383-2383/? I/display: [PrimaryDisplay] [DYNAMIC_RECOMP] first frame after HWC_2_GLES
2021-07-10 17:51:57.809 2383-2383/? I/display: [PrimaryDisplay] [DYNAMIC_RECOMP] GLES_2_HWC by high FPS(5)
2021-07-10 17:51:57.826 3588-3710/? E/nightwatch-target: lmkd signal waiters
2021-07-10 17:51:57.914 5106-5106/? D/io_stats: !@ 179,0 r 18629029 396463693 w 3053533 51217652 d 459413 20283780 f 699451 699147 iot 11649580 11182889 th 51200 0 0 pt 0 inp 0 0 199299.155
2021-07-10 17:51:58.213 3913-6148/? D/BatteryService: !@BatteryListener : batteryPropertiesChanged!
2021-07-10 17:51:58.213 3913-6148/? D/BatteryService: level:95, scale:100, status:2, health:2, present:true, voltage: 4174, temperature: 348, technology: Li-ion, AC powered:false, USB powered:true, POGO powered:false, Wireless powered:false, icon:17303723, invalid charger:0, maxChargingCurrent:0, maxChargingVoltage:0, chargeCounter:0
2021-07-10 17:51:58.213 3913-6148/? D/BatteryService: online:4, current avg:0, charge type:1, power sharing:false, high voltage charger:false, capacity:280000, batterySWSelfDischarging:false, misc_event:0, current_event:0, current_now:356
2021-07-10 17:51:58.213 3913-3913/? D/BatteryService: Sending ACTION_BATTERY_CHANGED.
2021-07-10 17:51:58.215 3913-3913/? D/SamsungPhoneWindowManager: ACTION_BATTERY_CHANGED - Level :: 95, battStatus :: 2
2021-07-10 17:51:58.218 4519-4519/? D/KeyguardUpdateMonitor: received broadcast android.intent.action.BATTERY_CHANGED
2021-07-10 17:51:58.218 4519-4519/? D/KeyguardUpdateMonitor: handleBatteryUpdate
2021-07-10 17:51:58.221 4519-4519/? D/PowerUI: showing power sharing dialogfalse
2021-07-10 17:51:58.221 4519-4519/? D/PowerUI: priorPlugType = 2 mPlugType =  2
2021-07-10 17:51:58.221 4519-4519/? D/PowerUI.Notification: Charging estimate time is not supported and connected cable is not a fast/slow charger, so return!
2021-07-10 17:51:58.223 4519-4519/? D/BatteryMeterDrawable: isSomethingChanged - false
2021-07-10 17:51:58.223 4519-4519/? D/BatteryMeterDrawable: isSomethingChanged - false
2021-07-10 17:51:58.224 4519-4519/? D/BatteryController: onReceive - ACTION_BATTERY_CHANGED : mLevel = 95
2021-07-10 17:51:58.228 9111-9111/? D/PowerPlanningReceiver: onReceive : android.intent.action.BATTERY_CHANGED
2021-07-10 17:51:58.228 9111-9111/? D/PowerPlanningReceiver: ACTION_BAT_MAN_BATTERY_CHANGED = com.samsung.android.app.powerplanning.service.PowerPlanningService@32ef8d3
2021-07-10 17:51:58.230 9111-9111/? D/com.samsung.android.app.powerplanning.utils.BatteryUtils: getUpsTime Actual Battery values are used 4441
2021-07-10 17:51:58.230 9111-9111/? D/PowerPlanningReceiver: Battery update received, Percentage: 95, UPS hours: 4441
2021-07-10 17:51:58.277 2208-2265/? E/nightwatch-target: lmkd signal waiters
2021-07-10 17:51:58.327 3588-3710/? E/nightwatch-target: lmkd signal waiters
2021-07-10 17:51:58.465 3913-3913/? D/WifiTrafficPoller: notifyOnDataActivity() - mBusMaxLock.acquire()
2021-07-10 17:51:58.652 2383-9225/? I/display: [PrimaryDisplay] [DYNAMIC_RECOMP] HWC_2_GLES by low FPS(3)
2021-07-10 17:51:58.660 2383-2383/? I/display: [PrimaryDisplay] [DYNAMIC_RECOMP] GLES_2_HWC by high FPS(6)
2021-07-10 17:51:58.736 3913-4329/? I/TLC_TIMA_PKM_measure_kernel: TIMA: response_id = 3
2021-07-10 17:51:58.736 3913-4329/? I/TLC_TIMA_PKM_measure_kernel: TIMA: response ret = 0, result_ondemand = MSG=Kernel Verification Success;
2021-07-10 17:51:58.778 2208-2265/? E/nightwatch-target: lmkd signal waiters
2021-07-10 17:51:58.828 3588-3710/? E/nightwatch-target: lmkd signal waiters
2021-07-10 17:51:58.953 2383-9225/? I/display: [PrimaryDisplay] [DYNAMIC_RECOMP] HWC_2_GLES by low FPS(3)
2021-07-10 17:51:58.961 2383-2383/? I/display: [PrimaryDisplay] [DYNAMIC_RECOMP] GLES_2_HWC by high FPS(8)
2021-07-10 17:51:59.253 2383-9225/? I/display: [PrimaryDisplay] [DYNAMIC_RECOMP] HWC_2_GLES by low FPS(0)
2021-07-10 17:51:59.279 2208-2265/? E/nightwatch-target: lmkd signal waiters
2021-07-10 17:51:59.328 3588-3710/? E/nightwatch-target: lmkd signal waiters
2021-07-10 17:51:59.329 2383-2383/? I/display: [PrimaryDisplay] [DYNAMIC_RECOMP] first frame after HWC_2_GLES
2021-07-10 17:51:59.329 2383-2383/? I/display: [PrimaryDisplay] [DYNAMIC_RECOMP] GLES_2_HWC by high FPS(5)
2021-07-10 17:51:59.468 3913-3913/? D/WifiTrafficPoller: notifyOnDataActivity() - mBusMaxLock.acquire()
2021-07-10 17:51:59.654 2383-9225/? I/display: [PrimaryDisplay] [DYNAMIC_RECOMP] HWC_2_GLES by low FPS(0)
2021-07-10 17:51:59.780 2208-2265/? E/nightwatch-target: lmkd signal waiters
2021-07-10 17:51:59.830 2383-2383/? I/display: [PrimaryDisplay] [DYNAMIC_RECOMP] first frame after HWC_2_GLES
2021-07-10 17:51:59.830 2383-2383/? I/display: [PrimaryDisplay] [DYNAMIC_RECOMP] GLES_2_HWC by high FPS(5)
2021-07-10 17:51:59.830 3588-3710/? E/nightwatch-target: lmkd signal waiters
2021-07-10 17:52:00.000 3913-4325/? D/SamsungAlarmManager: Expired : 8
2021-07-10 17:52:00.000 3913-4325/? V/SamsungAlarmManager: Sending to uid : 1000 action=android.intent.action.TIME_TICK alarm=Alarm{589039b type 3 when 514675180 android}
2021-07-10 17:52:00.001 3913-4325/? V/SamsungAlarmManager: Sending to uid : 10069 action=com.samsung.action.EVERY_MINUTE_CLOCK_UPDATE alarm=Alarm{f51f338 type 1 when 1625914320000 com.sec.android.app.launcher}
2021-07-10 17:52:00.004 5382-5382/? I/Launcher: onReceive: com.samsung.action.EVERY_MINUTE_CLOCK_UPDATE
2021-07-10 17:52:00.007 3913-3913/? D/SamsungAlarmManager: setExact Intent (T:3/F:1/AC:false) 20210710T175300 - CU:1000/CP:3913
2021-07-10 17:52:00.007 3913-3913/? I/SamsungAlarmManager: setLocked to kernel - T:3 / 20210710T175300, SetElapsed=514735181, nowELAPSED=514675188
2021-07-10 17:52:00.009 4519-4519/? D/KeyguardUpdateMonitor: received broadcast android.intent.action.TIME_TICK
2021-07-10 17:52:00.009 4519-4519/? D/KeyguardUpdateMonitor: handleTimeUpdate#start
2021-07-10 17:52:00.013 4519-4697/? D/SystemUI_Clock: Clock received ACTION_TIME_TICK : start
2021-07-10 17:52:00.013 4519-4697/? D/SystemUI_Clock: Clock received ACTION_TIME_TICK : end
2021-07-10 17:52:00.018 4519-4697/? D/SystemUI_Clock: Clock received ACTION_TIME_TICK : start
2021-07-10 17:52:00.018 4519-4697/? D/SystemUI_Clock: Clock received ACTION_TIME_TICK : end
2021-07-10 17:52:00.026 3913-15483/? D/SamsungAlarmManager: setInexact Intent (T:1/F:0/AC:false) 20210710T175300 - CU:10069/CP:5382
2021-07-10 17:52:00.027 3913-15483/? I/SamsungAlarmManager: setLocked to kernel - T:3 / 20210710T175300, SetElapsed=514735180, nowELAPSED=514675207
2021-07-10 17:52:00.035 4519-4519/? D/KeyguardUpdateMonitor: handleTimeUpdate#end
2021-07-10 17:52:00.039 4519-4519/? D/TextClock: TextClock received ACTION_TIME_TICK : start
2021-07-10 17:52:00.040 4519-4519/? D/TextClock: TextClock received ACTION_TIME_TICK : end
2021-07-10 17:52:00.049 4519-4519/? D/TextClock: TextClock received ACTION_TIME_TICK : start
2021-07-10 17:52:00.050 4519-4519/? D/TextClock: TextClock received ACTION_TIME_TICK : end
2021-07-10 17:52:00.067 4519-4519/? D/TextClock: TextClock received ACTION_TIME_TICK : start
2021-07-10 17:52:00.067 4519-4519/? D/TextClock: TextClock received ACTION_TIME_TICK : end
2021-07-10 17:52:00.090 4519-4519/? D/TextClock: TextClock received ACTION_TIME_TICK : start
2021-07-10 17:52:00.090 4519-4519/? D/TextClock: TextClock received ACTION_TIME_TICK : end
2021-07-10 17:52:00.099 4519-4519/? D/TextClock: TextClock received ACTION_TIME_TICK : start
2021-07-10 17:52:00.099 4519-4519/? D/TextClock: TextClock received ACTION_TIME_TICK : end
2021-07-10 17:52:00.100 4519-4519/? D/TextClock: TextClock received ACTION_TIME_TICK : start
2021-07-10 17:52:00.101 4519-4519/? D/TextClock: TextClock received ACTION_TIME_TICK : end
2021-07-10 17:52:00.103 4519-4519/? D/TextClock: TextClock received ACTION_TIME_TICK : start
2021-07-10 17:52:00.103 4519-4519/? D/TextClock: TextClock received ACTION_TIME_TICK : end
2021-07-10 17:52:00.106 8227-8227/? D/[WeatherWidget(15261)]WeatherService: {[B73D43639EB27FAA34EF41A6129C1FA787B8DDA06B4FC8C3DFFF289A8228DE1D07957C4CB0877FB29CB85D37C68D39BF076A5D6720D2DA7CE46EF7EA2858EC07]}
2021-07-10 17:52:00.107 8227-8227/? D/[WeatherWidget(15261)]: {[3AE6950019B083611567B0F9442DB03E36B37708FCADB7FDDBA670B1362D994454BFFFDA2568816BBDDA6DD60F644DCF]}
