2021-07-10 17:52:00.108 8227-8227/? D/[WeatherWidget(15261)]DBL2: {[610591C4E30FED4A153FF198DAC84EFEE3319B0D622FD4A19809E90ED3C1398368D658B139FCCB8B9564F5B4E9CB634EBC54864673180A38B0B70F09A18D7B45]}
2021-07-10 17:52:00.109 8227-8227/? D/[WeatherWidget(15261)]: {[E9BDC1AC9F9B078A92B3F309630276C89F9B6E52C087A495B97355481F2FDE5BB5CA68D930EF37FBAC9AD97DB5922F3E614D17E6B33C3EC6B4A375DD631A428A]}
2021-07-10 17:52:00.110 8227-8227/? D/[WeatherWidget(15261)]DBL2: {[610591C4E30FED4A153FF198DAC84EFE259FA03515F619060291D19B9A2E73CB46DA064369D1073FED4BA9669B425DCA2838DFB10E455C59E93915DD39C3261D]}
2021-07-10 17:52:00.110 8227-8227/? D/[WeatherWidget(15261)]DBL2: {[610591C4E30FED4A153FF198DAC84EFE1A65FB0EE8B7C5763A9CB231BC13495C3914C78DEB3E3844BDB3328DEE027C3F5EB3131CC342F7CE7A90AB4A41B45CD9]}
2021-07-10 17:52:00.116 8227-8227/? D/[WeatherWidget(15261)]WeatherService: {[CC14338CDEB270B60D640F786827F11750730E7548A83236F97AB92AB409A4782A98C98F2AF47A5654D4253BC03138CA]}
2021-07-10 17:52:00.117 8227-8227/? D/[WeatherWidget(15261)]: {[3AE6950019B083611567B0F9442DB03EF4A0ECA9EDEEE1C6764DEF6294C10F4F0BAD60A0CC696E8D15537EBE77D0F441F941FE30DFEB6E45A2BAA0295B86238B6B5477898ADD292C8EB7917680951853]}
2021-07-10 17:52:00.118 8227-8227/? D/[WeatherWidget(15261)]: {[A1AF0F6A1A65A89C43D705938923D0FE0259CBA56E4484DDAF167EE897E0098DE850AA1CD21F02772909809D64B9BF9A40C796BF684203C4BF1246806046BA4B54BD6FDE6B35D26833578BA4D39BA6DA0E453467229CBFEC200BD77EFAE86001F6F8797A345E3150469946B2B9C53C62]}
2021-07-10 17:52:00.119 8227-8227/? D/[WeatherWidget(15261)]: {[6002C44AFB8B8A7E8476445AF05D525CE2C157D06901632F47E42813CC40FF36]}
2021-07-10 17:52:00.122 8227-8227/? D/[WeatherWidget(15261)]DaemonReceiver: {[0C5154E491E686EEF4F87451CD0F3EB238CF81FC3813987B07B81D44E528CFF2C0AF678F49AA55A7981159DEDCDBB7D7267651336DB8ED6A6476EB3C43EC3A9907118B4B1590D282EF35770AC93E76608F85EA79543A553E6F49EF3BE6B6184E1925726B630E3471E00405453A11EF8447B02C0FB252D984F8110535FB2F431E]}
2021-07-10 17:52:00.131 8227-8227/? I/[WeatherWidget(15261)]WeatherDaemonService: {[0D15A0BDCA5CCB9CB67CEA5D6A5B7010AF4AD2F6EAC6E163BEB30C783828B83E6E57A9A360E7DE57FE61482A366BA676]}
2021-07-10 17:52:00.133 8227-9340/? D/[WeatherWidget(15261)]WeatherDaemonService: {[0D15A0BDCA5CCB9CB67CEA5D6A5B7010EBEA1AB7BC7ADC9216802B2451AEFA3A9F63DAE6F83B0FC190B911FC40DB721205651BE3B79353DC34A425CA65D7AAA5729D18B1C62DA4D1CDB0E6D41A026F95B8E90418EDF17A619A335485B37466807C91818E4704490C6E0BE10C91BF6F85]}
2021-07-10 17:52:00.135 8227-9340/? D/[WeatherWidget(15261)]ActionManager: {[B6AE27B2EEC017AC105EF636E14A70828AEEB339609F88E7F2EDF9236C8FB19F3A0A226A94085DC2B3C790DB7DDAEDFC1951A366896AF5EA30D134A6AA82608E57270E044AF5D3196A3EBF534F539F8EAA5962C4D230E308ED77241F607AC7BB8FA3698D903B56475BEB7C0361A1D8E6DA5D3595F9AC3AC374312E22FD3E2ED4]}
2021-07-10 17:52:00.135 8227-9340/? D/[WeatherWidget(15261)]ActionManager: {[BC3A728BB250B5DA50DEEBE4E1855AA7C398BBEFFC45FCC088F54029682840BB2F7C181025C39C6C152198126EC5901678F2D39BA2A61407CB9E37FDACBB6F30]}
2021-07-10 17:52:00.136 8227-9340/? D/[WeatherWidget(15261)]DBL2: {[610591C4E30FED4A153FF198DAC84EFEE3319B0D622FD4A19809E90ED3C1398368D658B139FCCB8B9564F5B4E9CB634E5A87CC11E8042261B0552109AD84EEFB]}
2021-07-10 17:52:00.137 8227-9340/? D/[WeatherWidget(15261)]: {[E9BDC1AC9F9B078A92B3F309630276C89F9B6E52C087A495B97355481F2FDE5BB5CA68D930EF37FBAC9AD97DB5922F3E614D17E6B33C3EC6B4A375DD631A428A]}
2021-07-10 17:52:00.137 8227-9340/? D/[WeatherWidget(15261)]DBL2: {[610591C4E30FED4A153FF198DAC84EFE259FA03515F619060291D19B9A2E73CB46DA064369D1073FED4BA9669B425DCA7E1937069159AD71C8B9C5DC437004D8]}
2021-07-10 17:52:00.137 8227-9340/? D/[WeatherWidget(15261)]ActionManager: {[C89E1293B112A192C6389BA1E41A1B307076325BBC7FB7854B907363BCA0784BF7670F7F34409C99BFD7880843A641E1]}
2021-07-10 17:52:00.138 8227-9340/? D/[WeatherWidget(15261)]DBL2: {[610591C4E30FED4A153FF198DAC84EFE1A65FB0EE8B7C5763A9CB231BC13495C3914C78DEB3E3844BDB3328DEE027C3F6F6146DE7C75AF2A5CE7A3DB802CD2B5]}
2021-07-10 17:52:00.141 8227-9340/? D/[WeatherWidget(15261)]ActionManager: {[A0D753875573511795689987717239BEF1FB71910AFFEFA8854C46E506DEB4FD34D720B9BE5A70E1B828FAAB3CC29E5A]}
2021-07-10 17:52:00.144 8227-9340/? D/[WeatherWidget(15261)]ActionManager: {[5BBCDBDD043AB2E0D8A88A12A0755ECB48C1A150EE8E181469EF74CAA7356ADF74BC297BF18B5E1F61817C63287ED260EA8D99B996E954E1D44940B7447D45E1]}
2021-07-10 17:52:00.145 8227-9340/? D/[WeatherWidget(15261)]ActionManager: {[5BBCDBDD043AB2E0D8A88A12A0755ECBF46EA3EE5F692CEF67BAE2FF49596F82]}
2021-07-10 17:52:00.150 8227-9340/? D/[WeatherWidget(15261)]DBL1: {[AAC4384C35CA6909274880C63FD2B8C5C23F90F1E4FCAD3137C9B25E5485CF6CC7FECFF68BDE2F9B650B030B2C74131722666DBAE88A7A723A644E7B5074B9E00591E251D2B9F60AD0247CF3A72F4791D6BFC57DB08384286091BA8863EF360F]}
2021-07-10 17:52:00.151 8227-9340/? D/[WeatherWidget(15261)]: {[71C0730068FFCE8242180DBA2D2BC7479F86E9678A79391F96C827C3F8ACA124102FAEBCA50CBF201439BFC501718C3C63ACA706ECDF9D5A98271706FD8DB2B95123A1E9509E09159398292F86AD5F7A]}
2021-07-10 17:52:00.151 8227-9340/? D/[WeatherWidget(15261)]: {[236FFFA4FE6D378EDABD8749C406D4B6704CAD26277FEC44C7E31C0D1A0DCCA7B2EEFD5C2A539946454EEEABA00B149BD184FB3A0A14BDC44C5FB2E09811FB16]}
2021-07-10 17:52:00.152 8227-9340/? D/[WeatherWidget(15261)]DBL1: {[AAC4384C35CA6909274880C63FD2B8C5C23F90F1E4FCAD3137C9B25E5485CF6CC15F056ECFEDF66D33DF7205F9FE26BA324BA8A9AEF7AFCA281C6AA01C65CE7CB6A8148BFB47AAC0A66CEA4BD59178FA169C459491010764F4654E811E8D342F]}
2021-07-10 17:52:00.153 8227-9340/? D/[WeatherWidget(15261)]DBL1: {[AAC4384C35CA6909274880C63FD2B8C5C23F90F1E4FCAD3137C9B25E5485CF6CB84E87CA43BCD68E951CE892F7427B9CC4F3514A491118C36FE1BE90A69D144210132016EB62A8894F6268F8EA3CE462201DD72FE5271EC51F774D82D8CC1AA7]}
2021-07-10 17:52:00.154 8227-9340/? D/[WeatherWidget(15261)]DBL1: {[AAC4384C35CA6909274880C63FD2B8C5C23F90F1E4FCAD3137C9B25E5485CF6CF869884EFE3D058415F639B8D07A8E9CABD80495B7D52831C58D447F98EAEC390898F3798497F1973E160E9BEAA5A34599081FBC9D2B4EADAC136F8386EFCAF2]}
2021-07-10 17:52:00.155 8227-9340/? D/[WeatherWidget(15261)]: {[236FFFA4FE6D378EDABD8749C406D4B69D0A9D225945D25F48121A1CC6C01DF094D19169E13D0E4C03FECB9D2A3D56296184E5B0DBE0A6A584694FB7EA9944819019E9D8587F544DCFD32C3C8EFF96F96F96BE4E551D4F1BBE5AFFBDF624C7D1]}
2021-07-10 17:52:00.157 8227-9340/? D/[WeatherWidget(15261)]DBL1: {[AAC4384C35CA6909274880C63FD2B8C5C23F90F1E4FCAD3137C9B25E5485CF6C2B69711E373D53D9EB97A0A6E76149EADDBFF17E07C477AD48DFB0588CE9ABA1AF43785A31146BC8DA7F716E347A50DEF1E5F714A5A510373987CC0CC2B8933E]}
2021-07-10 17:52:00.158 8227-9340/? D/[WeatherWidget(15261)]: {[D8B67A630FC69F6878F4940FB358376826EA85C26BB16452F195D8744058916F58281B55F051A3BCB71DEED651ECF0882B0A5CCF05284B204A23E37172F4CE9AF629E13DEDCEC5AD341A57850179A7184FD53114E79F65189C90D4F63323746D846A7FC15E70EEF587A4671477C82776]}
2021-07-10 17:52:00.158 8227-9340/? D/[WeatherWidget(15261)]: {[6196E932785D7B6DA324519BF748CFB1003C0F136CD6138B2804742237792082940DC9F69E16FD2EAFB16126B350C08D500D8F694C9BE45407F26C242528F395E5F9EB9C6656677C8BBDDD61A39CF7A2]}
2021-07-10 17:52:00.161 8227-9340/? D/[WeatherWidget(15261)]: {[859EC4DAD3474A9CEBA32F62EB1268E89447C581EB66ADF4CBF2E33379D62BB200627BEE6E49C1C46D43520D6A9DA2633D9EC564D0D993AB7B8EA5EBDBBD41A4795C01E020EA395E6700CC2AC3AC1A2D12508A6175CE90D7BBD0665B09E7015DF45EDE1D2DEF92C43B98DB778532B5FEBFD8D0F6DD0EFE02F0C24BAA589DA69D6EE6DC95C0039DE2AF6B8036709312B8D7423811A8D88389583AEC1C7EB4412B]}
2021-07-10 17:52:00.162 8227-9340/? D/[WeatherWidget(15261)]: {[859EC4DAD3474A9CEBA32F62EB1268E89447C581EB66ADF4CBF2E33379D62BB279EDA8E071F27C9197642CEA5FDDAFF720ED12FFBF4F6D9DA2E47FB2D01969ABC3EF9057A40F28AE5F5E0833F295394D904569326162E239FAB07097147B633A]}
2021-07-10 17:52:00.163 8227-9340/? D/[WeatherWidget(15261)]: {[859EC4DAD3474A9CEBA32F62EB1268E89447C581EB66ADF4CBF2E33379D62BB200627BEE6E49C1C46D43520D6A9DA2638CF3D0CB913190B1FBFE16B4076611FD4E3A345D9B6523D6C70871768F9F36803969FA98636C86BDD96A50A5C332E314]}
2021-07-10 17:52:00.164 8227-9340/? D/[WeatherWidget(15261)]: {[859EC4DAD3474A9CEBA32F62EB1268E89447C581EB66ADF4CBF2E33379D62BB279EDA8E071F27C9197642CEA5FDDAFF7710C3872B8D73A78AE1CF06ECC505D472FC0AE196F2354D5F39CCE3448FCBC8BD03E113D9F93BE8CE7C7767706D11EAB]}
2021-07-10 17:52:00.165 8227-9340/? D/[WeatherWidget(15261)]: {[859EC4DAD3474A9CEBA32F62EB1268E89447C581EB66ADF4CBF2E33379D62BB200627BEE6E49C1C46D43520D6A9DA2630CCD81D41050E9D711EBCA3575D3F84BB9C0C08A239F728882FBE41A16B69551D86E0F53134885C04A184C7343C69186E849C0DC393EBCFBF383825B59D6728F]}
2021-07-10 17:52:00.170 8227-9340/? D/[WeatherWidget(15261)]: {[859EC4DAD3474A9CEBA32F62EB1268E89447C581EB66ADF4CBF2E33379D62BB28B35DE955CB55CCA3966639978F926BA1ABF1B2AD9AE2A3F21A7E891A6250C7A6F3262A9596E65E972CCE0C7A50406DB3FC88E05E37AB7C94AEBC3F0859280C7]}
2021-07-10 17:52:00.171 8227-9340/? D/[WeatherWidget(15261)]: {[859EC4DAD3474A9CEBA32F62EB1268E89447C581EB66ADF4CBF2E33379D62BB2E8CF3207F8897E5BA2D90BDF02DBD917AFBE957E5547295A090B4F4ED3CBDF1F26D4A1517409F4BB9B5BF084A773920BCA343D97867AB51E74B2C7ACB7935FE5B87DAA6421391CC411C1907645D47357]}
2021-07-10 17:52:00.172 3913-15481/? D/SamsungAlarmManager: Cancel Alarm calling from uid:10151 pid :8272 / op:PendingIntent{5cf0ae4: PendingIntentRecord{2d3c0e1 com.samsung.android.calendar broadcastIntent}}
2021-07-10 17:52:00.173 8227-9340/? D/[WeatherWidget(15261)]: {[859EC4DAD3474A9CEBA32F62EB1268E89447C581EB66ADF4CBF2E33379D62BB200627BEE6E49C1C46D43520D6A9DA2631AE852A791496D084DE0B9D0873A09AD84EE4CD2475EB59B2C856455E4C07AF7370489C023478F27AE960535F4D9EB62]}
2021-07-10 17:52:00.174 8227-8227/? I/[WeatherWidget(15261)]WeatherDaemonService: {[0D15A0BDCA5CCB9CB67CEA5D6A5B70109924D60A174C2DFAD12A2CF8FFE4FFD84AD2C072B915697F3BB7ED77A8F03857]}
2021-07-10 17:52:00.280 2208-2265/? E/nightwatch-target: lmkd signal waiters
2021-07-10 17:52:00.330 3588-3710/? E/nightwatch-target: lmkd signal waiters
2021-07-10 17:52:00.470 3913-3913/? D/WifiTrafficPoller: notifyOnDataActivity() - mBusMaxLock.acquire()
2021-07-10 17:52:00.505 3913-4364/? I/WifiHAL: Creating message to get link statistics
2021-07-10 17:52:00.507 3913-4364/? D/WifiHAL: response_handler called
2021-07-10 17:52:00.507 3913-4364/? D/WifiHAL: event len = 1108
2021-07-10 17:52:00.507 3913-4364/? I/WifiHAL: In GetLinkStatsCommand::handleResponse
2021-07-10 17:52:00.507 3913-4364/? I/WifiHAL: Id = 0, subcmd = 0
2021-07-10 17:52:00.507 3913-4364/? D/wifi: onLinkStatsResults: radio_stat.on_time = 0
2021-07-10 17:52:00.507 3913-4364/? D/wifi: onLinkStatsResults: radio_stat.tx_time = 0
2021-07-10 17:52:00.507 3913-4364/? D/wifi: onLinkStatsResults: radio_stat.rx_time = 0
2021-07-10 17:52:00.507 3913-4364/? D/WifiHAL: ack_handler called
2021-07-10 17:52:00.507 3913-4364/? D/wifi: android_net_wifi_getLinkLayerStats: radio_stat.on_time = 0
2021-07-10 17:52:00.507 3913-4364/? D/wifi: android_net_wifi_getLinkLayerStats: radio_stat.tx_time = 0
2021-07-10 17:52:00.507 3913-4364/? D/wifi: android_net_wifi_getLinkLayerStats: radio_stat.rx_time = 0
2021-07-10 17:52:00.511 3913-4364/? D/WifiStateMachine: Current network is: "test2" , ID is: 3
2021-07-10 17:52:00.656 2383-9225/? I/display: [PrimaryDisplay] [DYNAMIC_RECOMP] HWC_2_GLES by low FPS(0)
2021-07-10 17:52:00.781 2208-2265/? E/nightwatch-target: lmkd signal waiters
2021-07-10 17:52:00.832 3588-3710/? E/nightwatch-target: lmkd signal waiters
2021-07-10 17:52:00.832 2383-2383/? I/display: [PrimaryDisplay] [DYNAMIC_RECOMP] first frame after HWC_2_GLES
2021-07-10 17:52:00.832 2383-2383/? I/display: [PrimaryDisplay] [DYNAMIC_RECOMP] GLES_2_HWC by high FPS(5)
2021-07-10 17:52:01.281 2208-2265/? E/nightwatch-target: lmkd signal waiters
2021-07-10 17:52:01.332 3588-3710/? E/nightwatch-target: lmkd signal waiters
2021-07-10 17:52:01.363 4519-4673/? D/NetworkController.MobileSignalController(0/1): onSignalStrengthsChanged signalStrength=SignalStrength: 6 99 -6 -200 -6 -200 -1 10 -101 -16 -100 2 2147483647 0x3000 gsm|lte level=3
2021-07-10 17:52:01.363 4519-4673/? D/NetworkController.MobileSignalController(0/1): getMobileIconGroup(): 13
2021-07-10 17:52:01.471 3913-3913/? D/WifiTrafficPoller: notifyOnDataActivity() - mBusMaxLock.acquire()
2021-07-10 17:52:01.657 2383-9225/? I/display: [PrimaryDisplay] [DYNAMIC_RECOMP] HWC_2_GLES by low FPS(0)
2021-07-10 17:52:01.783 2208-2265/? E/nightwatch-target: lmkd signal waiters
2021-07-10 17:52:01.833 3588-3710/? E/nightwatch-target: lmkd signal waiters
2021-07-10 17:52:01.834 2383-2383/? I/display: [PrimaryDisplay] [DYNAMIC_RECOMP] first frame after HWC_2_GLES
2021-07-10 17:52:01.834 2383-2383/? I/display: [PrimaryDisplay] [DYNAMIC_RECOMP] GLES_2_HWC by high FPS(5)
2021-07-10 17:52:02.158 2383-9225/? I/display: [PrimaryDisplay] [DYNAMIC_RECOMP] HWC_2_GLES by low FPS(0)
2021-07-10 17:52:02.180 3913-3913/? V/DeviceStorageMonitorService: restatDataDir : /data= 290466/353568
2021-07-10 17:52:02.181 3913-3913/? V/DeviceStorageMonitorService: freeMemory=904728576
2021-07-10 17:52:02.181 3913-3913/? I/DeviceStorageMonitorService: Posting Message again
2021-07-10 17:52:02.283 2208-2265/? E/nightwatch-target: lmkd signal waiters
2021-07-10 17:52:02.334 3588-3710/? E/nightwatch-target: lmkd signal waiters
2021-07-10 17:52:02.335 2383-2383/? I/display: [PrimaryDisplay] [DYNAMIC_RECOMP] first frame after HWC_2_GLES
2021-07-10 17:52:02.335 2383-2383/? I/display: [PrimaryDisplay] [DYNAMIC_RECOMP] GLES_2_HWC by high FPS(5)
2021-07-10 17:52:02.473 3913-3913/? D/WifiTrafficPoller: notifyOnDataActivity() - mBusMaxLock.acquire()
2021-07-10 17:52:02.484 3913-7145/? D/SSRM:v: SIOP:: AP = 390, PST = 382 (W:30), BAT = 348, CHG = 0
2021-07-10 17:52:02.643 4519-4673/? D/NetworkController.MobileSignalController(0/1): onSignalStrengthsChanged signalStrength=SignalStrength: 5 99 -5 -200 -5 -200 -1 8 -103 -17 -80 2 2147483647 0x3000 gsm|lte level=3
2021-07-10 17:52:02.643 4519-4673/? D/NetworkController.MobileSignalController(0/1): getMobileIconGroup(): 13
2021-07-10 17:52:02.659 2383-9225/? I/display: [PrimaryDisplay] [DYNAMIC_RECOMP] HWC_2_GLES by low FPS(0)
2021-07-10 17:52:02.784 2208-2265/? E/nightwatch-target: lmkd signal waiters
2021-07-10 17:52:02.835 3588-3710/? E/nightwatch-target: lmkd signal waiters
2021-07-10 17:52:02.836 2383-2383/? I/display: [PrimaryDisplay] [DYNAMIC_RECOMP] first frame after HWC_2_GLES
2021-07-10 17:52:02.836 2383-2383/? I/display: [PrimaryDisplay] [DYNAMIC_RECOMP] GLES_2_HWC by high FPS(5)
2021-07-10 17:52:02.920 5106-5106/? D/io_stats: !@ 179,0 r 18629067 396464189 w 3053547 51217840 d 459414 20283784 f 699452 699148 iot 11649590 11182905 th 51200 0 0 pt 0 inp 0 0 199304.160
2021-07-10 17:52:03.160 2383-9225/? I/display: [PrimaryDisplay] [DYNAMIC_RECOMP] HWC_2_GLES by low FPS(0)
2021-07-10 17:52:03.285 2208-2265/? E/nightwatch-target: lmkd signal waiters
2021-07-10 17:52:03.335 3588-3710/? E/nightwatch-target: lmkd signal waiters
2021-07-10 17:52:03.337 2383-2383/? I/display: [PrimaryDisplay] [DYNAMIC_RECOMP] first frame after HWC_2_GLES
2021-07-10 17:52:03.337 2383-2383/? I/display: [PrimaryDisplay] [DYNAMIC_RECOMP] GLES_2_HWC by high FPS(5)
2021-07-10 17:52:03.475 3913-3913/? D/WifiTrafficPoller: notifyOnDataActivity() - mBusMaxLock.acquire()
2021-07-10 17:52:03.512 3913-4364/? I/WifiHAL: Creating message to get link statistics
2021-07-10 17:52:03.513 3913-4364/? D/WifiHAL: response_handler called
2021-07-10 17:52:03.513 3913-4364/? D/WifiHAL: event len = 1108
2021-07-10 17:52:03.513 3913-4364/? I/WifiHAL: In GetLinkStatsCommand::handleResponse
2021-07-10 17:52:03.513 3913-4364/? I/WifiHAL: Id = 0, subcmd = 0
2021-07-10 17:52:03.513 3913-4364/? D/wifi: onLinkStatsResults: radio_stat.on_time = 0
2021-07-10 17:52:03.513 3913-4364/? D/wifi: onLinkStatsResults: radio_stat.tx_time = 0
2021-07-10 17:52:03.513 3913-4364/? D/wifi: onLinkStatsResults: radio_stat.rx_time = 0
2021-07-10 17:52:03.513 3913-4364/? D/WifiHAL: ack_handler called
2021-07-10 17:52:03.514 3913-4364/? D/wifi: android_net_wifi_getLinkLayerStats: radio_stat.on_time = 0
2021-07-10 17:52:03.514 3913-4364/? D/wifi: android_net_wifi_getLinkLayerStats: radio_stat.tx_time = 0
2021-07-10 17:52:03.514 3913-4364/? D/wifi: android_net_wifi_getLinkLayerStats: radio_stat.rx_time = 0
2021-07-10 17:52:03.518 3913-4364/? D/WifiStateMachine: Current network is: "test2" , ID is: 3
2021-07-10 17:52:03.603 4519-4673/? D/NetworkController.MobileSignalController(0/1): onSignalStrengthsChanged signalStrength=SignalStrength: 5 99 -4 -200 -4 -200 -1 99 -103 -17 -80 2 2147483647 0x2000 gsm|lte level=2
2021-07-10 17:52:03.603 4519-4673/? D/NetworkController.MobileSignalController(0/1): getMobileIconGroup(): 13
2021-07-10 17:52:03.611 4519-4519/? E/SignalClusterView: setSlotFocusVisible : subId 1
2021-07-10 17:52:03.611 4519-4519/? E/SignalClusterView: setSlotFocusVisible : subId 1
2021-07-10 17:52:03.638 2383-2383/? I/display: [PrimaryDisplay] [DYNAMIC_RECOMP] HWC_2_GLES by low FPS(3)
2021-07-10 17:52:03.785 2208-2265/? E/nightwatch-target: lmkd signal waiters
2021-07-10 17:52:03.836 3588-3710/? E/nightwatch-target: lmkd signal waiters
2021-07-10 17:52:03.838 2383-2383/? I/display: [PrimaryDisplay] [DYNAMIC_RECOMP] first frame after HWC_2_GLES
2021-07-10 17:52:03.838 2383-2383/? I/display: [PrimaryDisplay] [DYNAMIC_RECOMP] GLES_2_HWC by high FPS(5)
2021-07-10 17:52:03.923 4519-4673/? D/NetworkController.MobileSignalController(0/1): onSignalStrengthsChanged signalStrength=SignalStrength: 4 99 -4 -200 -4 -200 -1 6 -105 -18 -70 2 2147483647 0x2000 gsm|lte level=2
2021-07-10 17:52:03.923 4519-4673/? D/NetworkController.MobileSignalController(0/1): getMobileIconGroup(): 13
2021-07-10 17:52:04.162 2383-9225/? I/display: [PrimaryDisplay] [DYNAMIC_RECOMP] HWC_2_GLES by low FPS(0)
2021-07-10 17:52:04.286 2208-2265/? E/nightwatch-target: lmkd signal waiters
2021-07-10 17:52:04.336 3588-3710/? E/nightwatch-target: lmkd signal waiters
2021-07-10 17:52:04.339 2383-2383/? I/display: [PrimaryDisplay] [DYNAMIC_RECOMP] first frame after HWC_2_GLES
2021-07-10 17:52:04.339 2383-2383/? I/display: [PrimaryDisplay] [DYNAMIC_RECOMP] GLES_2_HWC by high FPS(5)
2021-07-10 17:52:04.477 3913-3913/? D/WifiTrafficPoller: notifyOnDataActivity() - mBusMaxLock.acquire()
2021-07-10 17:52:04.663 2383-9225/? I/display: [PrimaryDisplay] [DYNAMIC_RECOMP] HWC_2_GLES by low FPS(0)
2021-07-10 17:52:04.787 2208-2265/? E/nightwatch-target: lmkd signal waiters
2021-07-10 17:52:04.838 3588-3710/? E/nightwatch-target: lmkd signal waiters
2021-07-10 17:52:04.840 2383-2383/? I/display: [PrimaryDisplay] [DYNAMIC_RECOMP] first frame after HWC_2_GLES
2021-07-10 17:52:04.841 2383-2383/? I/display: [PrimaryDisplay] [DYNAMIC_RECOMP] GLES_2_HWC by high FPS(5)
2021-07-10 17:52:05.164 2383-9225/? I/display: [PrimaryDisplay] [DYNAMIC_RECOMP] HWC_2_GLES by low FPS(0)
2021-07-10 17:52:05.203 4519-4673/? D/NetworkController.MobileSignalController(0/1): onSignalStrengthsChanged signalStrength=SignalStrength: 2 99 -2 -200 -2 -200 -1 3 -108 -19 -80 2 2147483647 0x2000 gsm|lte level=2
2021-07-10 17:52:05.203 4519-4673/? D/NetworkController.MobileSignalController(0/1): getMobileIconGroup(): 13
2021-07-10 17:52:05.287 2208-2265/? E/nightwatch-target: lmkd signal waiters
2021-07-10 17:52:05.338 3588-3710/? E/nightwatch-target: lmkd signal waiters
2021-07-10 17:52:05.341 2383-2383/? I/display: [PrimaryDisplay] [DYNAMIC_RECOMP] first frame after HWC_2_GLES
2021-07-10 17:52:05.341 2383-2383/? I/display: [PrimaryDisplay] [DYNAMIC_RECOMP] GLES_2_HWC by high FPS(5)
2021-07-10 17:52:05.478 3913-3913/? D/WifiTrafficPoller: notifyOnDataActivity() - mBusMaxLock.acquire()
2021-07-10 17:52:05.665 2383-9225/? I/display: [PrimaryDisplay] [DYNAMIC_RECOMP] HWC_2_GLES by low FPS(3)
2021-07-10 17:52:05.675 2383-2383/? I/display: [PrimaryDisplay] [DYNAMIC_RECOMP] GLES_2_HWC by high FPS(6)
2021-07-10 17:52:05.788 2208-2265/? E/nightwatch-target: lmkd signal waiters
2021-07-10 17:52:05.839 3588-3710/? E/nightwatch-target: lmkd signal waiters
2021-07-10 17:52:05.965 2383-9225/? I/display: [PrimaryDisplay] [DYNAMIC_RECOMP] HWC_2_GLES by low FPS(3)
2021-07-10 17:52:05.975 2383-2383/? I/display: [PrimaryDisplay] [DYNAMIC_RECOMP] GLES_2_HWC by high FPS(8)
2021-07-10 17:52:06.266 2383-9225/? I/display: [PrimaryDisplay] [DYNAMIC_RECOMP] HWC_2_GLES by low FPS(0)
2021-07-10 17:52:06.289 2208-2265/? E/nightwatch-target: lmkd signal waiters
2021-07-10 17:52:06.339 3588-3710/? E/nightwatch-target: lmkd signal waiters
2021-07-10 17:52:06.344 2383-2383/? I/display: [PrimaryDisplay] [DYNAMIC_RECOMP] first frame after HWC_2_GLES
2021-07-10 17:52:06.344 2383-2383/? I/display: [PrimaryDisplay] [DYNAMIC_RECOMP] GLES_2_HWC by high FPS(5)
2021-07-10 17:52:06.481 3913-3913/? D/WifiTrafficPoller: notifyOnDataActivity() - mBusMaxLock.acquire()
2021-07-10 17:52:06.517 3913-4364/? I/WifiHAL: Creating message to get link statistics
2021-07-10 17:52:06.518 3913-4364/? D/WifiHAL: response_handler called
2021-07-10 17:52:06.519 3913-4364/? D/WifiHAL: event len = 1108
2021-07-10 17:52:06.519 3913-4364/? I/WifiHAL: In GetLinkStatsCommand::handleResponse
2021-07-10 17:52:06.519 3913-4364/? I/WifiHAL: Id = 0, subcmd = 0
2021-07-10 17:52:06.519 3913-4364/? D/wifi: onLinkStatsResults: radio_stat.on_time = 0
2021-07-10 17:52:06.519 3913-4364/? D/wifi: onLinkStatsResults: radio_stat.tx_time = 0
2021-07-10 17:52:06.519 3913-4364/? D/wifi: onLinkStatsResults: radio_stat.rx_time = 0
2021-07-10 17:52:06.519 3913-4364/? D/WifiHAL: ack_handler called
2021-07-10 17:52:06.519 3913-4364/? D/wifi: android_net_wifi_getLinkLayerStats: radio_stat.on_time = 0
2021-07-10 17:52:06.519 3913-4364/? D/wifi: android_net_wifi_getLinkLayerStats: radio_stat.tx_time = 0
2021-07-10 17:52:06.519 3913-4364/? D/wifi: android_net_wifi_getLinkLayerStats: radio_stat.rx_time = 0
2021-07-10 17:52:06.523 3913-4364/? D/WifiStateMachine: Current network is: "test2" , ID is: 3
2021-07-10 17:52:06.523 3913-4364/? D/WifiStateMachine: Current network is still qualified due to heavy traffic, txSuccessRate=2.5 rxSuccessRate=1.5
2021-07-10 17:52:06.667 2383-9225/? I/display: [PrimaryDisplay] [DYNAMIC_RECOMP] HWC_2_GLES by low FPS(0)
2021-07-10 17:52:06.790 2208-2265/? E/nightwatch-target: lmkd signal waiters
2021-07-10 17:52:06.841 3588-3710/? E/nightwatch-target: lmkd signal waiters
2021-07-10 17:52:06.845 2383-2383/? I/display: [PrimaryDisplay] [DYNAMIC_RECOMP] first frame after HWC_2_GLES
2021-07-10 17:52:06.845 2383-2383/? I/display: [PrimaryDisplay] [DYNAMIC_RECOMP] GLES_2_HWC by high FPS(5)
2021-07-10 17:52:07.168 2383-9225/? I/display: [PrimaryDisplay] [DYNAMIC_RECOMP] HWC_2_GLES by low FPS(0)
2021-07-10 17:52:07.290 2208-2265/? E/nightwatch-target: lmkd signal waiters
2021-07-10 17:52:07.341 3588-3710/? E/nightwatch-target: lmkd signal waiters
2021-07-10 17:52:07.346 2383-2383/? I/display: [PrimaryDisplay] [DYNAMIC_RECOMP] first frame after HWC_2_GLES
2021-07-10 17:52:07.346 2383-2383/? I/display: [PrimaryDisplay] [DYNAMIC_RECOMP] GLES_2_HWC by high FPS(5)
2021-07-10 17:52:07.437 3913-4955/? D/TelephonyManager: getCellLocation : Caller (PID / UID / TID): 3913 / 1000 / 4955
2021-07-10 17:52:07.483 3913-3913/? D/WifiTrafficPoller: notifyOnDataActivity() - mBusMaxLock.acquire()
2021-07-10 17:52:07.669 2383-9225/? I/display: [PrimaryDisplay] [DYNAMIC_RECOMP] HWC_2_GLES by low FPS(0)
2021-07-10 17:52:07.791 2208-2265/? E/nightwatch-target: lmkd signal waiters
2021-07-10 17:52:07.842 3588-3710/? E/nightwatch-target: lmkd signal waiters
2021-07-10 17:52:07.847 2383-2383/? I/display: [PrimaryDisplay] [DYNAMIC_RECOMP] first frame after HWC_2_GLES
2021-07-10 17:52:07.847 2383-2383/? I/display: [PrimaryDisplay] [DYNAMIC_RECOMP] GLES_2_HWC by high FPS(5)
2021-07-10 17:52:07.927 5106-5106/? D/io_stats: !@ 179,0 r 18629067 396464189 w 3053558 51217928 d 459414 20283784 f 699453 699149 iot 11649590 11182910 th 51200 0 0 pt 0 inp 0 0 199309.167
2021-07-10 17:52:08.169 2383-9225/? I/display: [PrimaryDisplay] [DYNAMIC_RECOMP] HWC_2_GLES by low FPS(0)
2021-07-10 17:52:08.263 3913-5363/? D/BatteryService: !@BatteryListener : batteryPropertiesChanged!
2021-07-10 17:52:08.263 3913-5363/? D/BatteryService: level:95, scale:100, status:2, health:2, present:true, voltage: 4181, temperature: 348, technology: Li-ion, AC powered:false, USB powered:true, POGO powered:false, Wireless powered:false, icon:17303723, invalid charger:0, maxChargingCurrent:0, maxChargingVoltage:0, chargeCounter:0
2021-07-10 17:52:08.263 3913-5363/? D/BatteryService: online:4, current avg:0, charge type:1, power sharing:false, high voltage charger:false, capacity:280000, batterySWSelfDischarging:false, misc_event:0, current_event:0, current_now:391
2021-07-10 17:52:08.263 3913-3913/? D/BatteryService: Sending ACTION_BATTERY_CHANGED.
2021-07-10 17:52:08.268 4519-4519/? D/KeyguardUpdateMonitor: received broadcast android.intent.action.BATTERY_CHANGED
2021-07-10 17:52:08.268 4519-4519/? D/KeyguardUpdateMonitor: handleBatteryUpdate
2021-07-10 17:52:08.268 3913-3913/? D/SamsungPhoneWindowManager: ACTION_BATTERY_CHANGED - Level :: 95, battStatus :: 2
2021-07-10 17:52:08.272 4519-4519/? D/PowerUI: showing power sharing dialogfalse
2021-07-10 17:52:08.272 4519-4519/? D/PowerUI: priorPlugType = 2 mPlugType =  2
2021-07-10 17:52:08.273 4519-4519/? D/PowerUI.Notification: Charging estimate time is not supported and connected cable is not a fast/slow charger, so return!
2021-07-10 17:52:08.274 4519-4519/? D/BatteryMeterDrawable: isSomethingChanged - false
2021-07-10 17:52:08.275 4519-4519/? D/BatteryMeterDrawable: isSomethingChanged - false
2021-07-10 17:52:08.276 4519-4519/? D/BatteryController: onReceive - ACTION_BATTERY_CHANGED : mLevel = 95
2021-07-10 17:52:08.278 9111-9111/? D/PowerPlanningReceiver: onReceive : android.intent.action.BATTERY_CHANGED
2021-07-10 17:52:08.278 9111-9111/? D/PowerPlanningReceiver: ACTION_BAT_MAN_BATTERY_CHANGED = com.samsung.android.app.powerplanning.service.PowerPlanningService@32ef8d3
2021-07-10 17:52:08.280 9111-9111/? D/com.samsung.android.app.powerplanning.utils.BatteryUtils: getUpsTime Actual Battery values are used 4441
2021-07-10 17:52:08.280 9111-9111/? D/PowerPlanningReceiver: Battery update received, Percentage: 95, UPS hours: 4441
2021-07-10 17:52:08.292 2208-2265/? E/nightwatch-target: lmkd signal waiters
2021-07-10 17:52:08.297 2383-2383/? I/display: [PrimaryDisplay] [DYNAMIC_RECOMP] first frame after HWC_2_GLES
2021-07-10 17:52:08.297 2383-2383/? I/display: [PrimaryDisplay] [DYNAMIC_RECOMP] GLES_2_HWC by high FPS(5)
2021-07-10 17:52:08.342 3588-3710/? E/nightwatch-target: lmkd signal waiters
2021-07-10 17:52:08.486 3913-3913/? D/WifiTrafficPoller: notifyOnDataActivity() - mBusMaxLock.acquire()
2021-07-10 17:52:08.770 2383-9225/? I/display: [PrimaryDisplay] [DYNAMIC_RECOMP] HWC_2_GLES by low FPS(0)
2021-07-10 17:52:08.793 2208-2265/? E/nightwatch-target: lmkd signal waiters
2021-07-10 17:52:08.844 3588-3710/? E/nightwatch-target: lmkd signal waiters
2021-07-10 17:52:08.849 2383-2383/? I/display: [PrimaryDisplay] [DYNAMIC_RECOMP] first frame after HWC_2_GLES
2021-07-10 17:52:08.849 2383-2383/? I/display: [PrimaryDisplay] [DYNAMIC_RECOMP] GLES_2_HWC by high FPS(5)
2021-07-10 17:52:09.171 2383-9225/? I/display: [PrimaryDisplay] [DYNAMIC_RECOMP] HWC_2_GLES by low FPS(0)
2021-07-10 17:52:09.293 2208-2265/? E/nightwatch-target: lmkd signal waiters
2021-07-10 17:52:09.344 3588-3710/? E/nightwatch-target: lmkd signal waiters
2021-07-10 17:52:09.350 2383-2383/? I/display: [PrimaryDisplay] [DYNAMIC_RECOMP] first frame after HWC_2_GLES
2021-07-10 17:52:09.350 2383-2383/? I/display: [PrimaryDisplay] [DYNAMIC_RECOMP] GLES_2_HWC by high FPS(5)
2021-07-10 17:52:09.488 3913-3913/? D/WifiTrafficPoller: notifyOnDataActivity() - mBusMaxLock.acquire()
2021-07-10 17:52:09.523 3913-4364/? I/WifiHAL: Creating message to get link statistics
2021-07-10 17:52:09.524 3913-4364/? D/WifiHAL: response_handler called
2021-07-10 17:52:09.524 3913-4364/? D/WifiHAL: event len = 1108
2021-07-10 17:52:09.525 3913-4364/? I/WifiHAL: In GetLinkStatsCommand::handleResponse
2021-07-10 17:52:09.525 3913-4364/? I/WifiHAL: Id = 0, subcmd = 0
2021-07-10 17:52:09.525 3913-4364/? D/wifi: onLinkStatsResults: radio_stat.on_time = 0
2021-07-10 17:52:09.525 3913-4364/? D/wifi: onLinkStatsResults: radio_stat.tx_time = 0
2021-07-10 17:52:09.525 3913-4364/? D/wifi: onLinkStatsResults: radio_stat.rx_time = 0
2021-07-10 17:52:09.525 3913-4364/? D/WifiHAL: ack_handler called
2021-07-10 17:52:09.525 3913-4364/? D/wifi: android_net_wifi_getLinkLayerStats: radio_stat.on_time = 0
2021-07-10 17:52:09.525 3913-4364/? D/wifi: android_net_wifi_getLinkLayerStats: radio_stat.tx_time = 0
2021-07-10 17:52:09.525 3913-4364/? D/wifi: android_net_wifi_getLinkLayerStats: radio_stat.rx_time = 0
2021-07-10 17:52:09.529 3913-4364/? D/WifiStateMachine: Current network is: "test2" , ID is: 3
2021-07-10 17:52:09.672 2383-9225/? I/display: [PrimaryDisplay] [DYNAMIC_RECOMP] HWC_2_GLES by low FPS(0)
2021-07-10 17:52:09.794 2208-2265/? E/nightwatch-target: lmkd signal waiters
2021-07-10 17:52:09.845 3588-3710/? E/nightwatch-target: lmkd signal waiters
2021-07-10 17:52:09.851 2383-2383/? I/display: [PrimaryDisplay] [DYNAMIC_RECOMP] first frame after HWC_2_GLES
2021-07-10 17:52:09.851 2383-2383/? I/display: [PrimaryDisplay] [DYNAMIC_RECOMP] GLES_2_HWC by high FPS(5)
2021-07-10 17:52:10.173 2383-9225/? I/display: [PrimaryDisplay] [DYNAMIC_RECOMP] HWC_2_GLES by low FPS(0)
2021-07-10 17:52:10.295 2208-2265/? E/nightwatch-target: lmkd signal waiters
2021-07-10 17:52:10.335 2383-2383/? I/display: [PrimaryDisplay] [DYNAMIC_RECOMP] first frame after HWC_2_GLES
2021-07-10 17:52:10.335 2383-2383/? I/display: [PrimaryDisplay] [DYNAMIC_RECOMP] GLES_2_HWC by high FPS(5)
2021-07-10 17:52:10.345 3588-3710/? E/nightwatch-target: lmkd signal waiters
2021-07-10 17:52:10.491 3913-3913/? D/WifiTrafficPoller: notifyOnDataActivity() - mBusMaxLock.acquire()
2021-07-10 17:52:10.674 2383-9225/? I/display: [PrimaryDisplay] [DYNAMIC_RECOMP] HWC_2_GLES by low FPS(0)
2021-07-10 17:52:10.796 2208-2265/? E/nightwatch-target: lmkd signal waiters
2021-07-10 17:52:10.836 2383-2383/? I/display: [PrimaryDisplay] [DYNAMIC_RECOMP] first frame after HWC_2_GLES
2021-07-10 17:52:10.836 2383-2383/? I/display: [PrimaryDisplay] [DYNAMIC_RECOMP] GLES_2_HWC by high FPS(5)
2021-07-10 17:52:10.847 3588-3710/? E/nightwatch-target: lmkd signal waiters
2021-07-10 17:52:11.175 2383-9225/? I/display: [PrimaryDisplay] [DYNAMIC_RECOMP] HWC_2_GLES by low FPS(0)
2021-07-10 17:52:11.296 2208-2265/? E/nightwatch-target: lmkd signal waiters
2021-07-10 17:52:11.337 2383-2383/? I/display: [PrimaryDisplay] [DYNAMIC_RECOMP] first frame after HWC_2_GLES
2021-07-10 17:52:11.337 2383-2383/? I/display: [PrimaryDisplay] [DYNAMIC_RECOMP] GLES_2_HWC by high FPS(5)
2021-07-10 17:52:11.347 3588-3710/? E/nightwatch-target: lmkd signal waiters
2021-07-10 17:52:11.493 3913-3913/? D/WifiTrafficPoller: notifyOnDataActivity() - mBusMaxLock.acquire()
2021-07-10 17:52:11.676 2383-9225/? I/display: [PrimaryDisplay] [DYNAMIC_RECOMP] HWC_2_GLES by low FPS(0)
2021-07-10 17:52:11.797 2208-2265/? E/nightwatch-target: lmkd signal waiters
2021-07-10 17:52:11.839 2383-2383/? I/display: [PrimaryDisplay] [DYNAMIC_RECOMP] first frame after HWC_2_GLES
2021-07-10 17:52:11.839 2383-2383/? I/display: [PrimaryDisplay] [DYNAMIC_RECOMP] GLES_2_HWC by high FPS(5)
2021-07-10 17:52:11.848 3588-3710/? E/nightwatch-target: lmkd signal waiters
2021-07-10 17:52:12.177 2383-9225/? I/display: [PrimaryDisplay] [DYNAMIC_RECOMP] HWC_2_GLES by low FPS(0)
2021-07-10 17:52:12.298 2208-2265/? E/nightwatch-target: lmkd signal waiters
2021-07-10 17:52:12.340 2383-2383/? I/display: [PrimaryDisplay] [DYNAMIC_RECOMP] first frame after HWC_2_GLES
2021-07-10 17:52:12.340 2383-2383/? I/display: [PrimaryDisplay] [DYNAMIC_RECOMP] GLES_2_HWC by high FPS(5)
2021-07-10 17:52:12.348 3588-3710/? E/nightwatch-target: lmkd signal waiters
2021-07-10 17:52:12.495 3913-3913/? D/WifiTrafficPoller: notifyOnDataActivity() - mBusMaxLock.acquire()
2021-07-10 17:52:12.512 3913-7145/? D/SSRM:v: SIOP:: AP = 390, PST = 382 (W:30), BAT = 348, CHG = 0
2021-07-10 17:52:12.530 3913-4364/? I/WifiHAL: Creating message to get link statistics
2021-07-10 17:52:12.531 3913-4364/? D/WifiHAL: response_handler called
2021-07-10 17:52:12.531 3913-4364/? D/WifiHAL: event len = 1108
2021-07-10 17:52:12.531 3913-4364/? I/WifiHAL: In GetLinkStatsCommand::handleResponse
2021-07-10 17:52:12.531 3913-4364/? I/WifiHAL: Id = 0, subcmd = 0
2021-07-10 17:52:12.531 3913-4364/? D/wifi: onLinkStatsResults: radio_stat.on_time = 0
2021-07-10 17:52:12.531 3913-4364/? D/wifi: onLinkStatsResults: radio_stat.tx_time = 0
2021-07-10 17:52:12.531 3913-4364/? D/wifi: onLinkStatsResults: radio_stat.rx_time = 0
2021-07-10 17:52:12.531 3913-4364/? D/WifiHAL: ack_handler called
2021-07-10 17:52:12.531 3913-4364/? D/wifi: android_net_wifi_getLinkLayerStats: radio_stat.on_time = 0
2021-07-10 17:52:12.531 3913-4364/? D/wifi: android_net_wifi_getLinkLayerStats: radio_stat.tx_time = 0
2021-07-10 17:52:12.532 3913-4364/? D/wifi: android_net_wifi_getLinkLayerStats: radio_stat.rx_time = 0
2021-07-10 17:52:12.535 3913-4364/? D/WifiStateMachine: Current network is: "test2" , ID is: 3
2021-07-10 17:52:12.678 2383-9225/? I/display: [PrimaryDisplay] [DYNAMIC_RECOMP] HWC_2_GLES by low FPS(0)
2021-07-10 17:52:12.799 2208-2265/? E/nightwatch-target: lmkd signal waiters
2021-07-10 17:52:12.841 2383-2383/? I/display: [PrimaryDisplay] [DYNAMIC_RECOMP] first frame after HWC_2_GLES
2021-07-10 17:52:12.841 2383-2383/? I/display: [PrimaryDisplay] [DYNAMIC_RECOMP] GLES_2_HWC by high FPS(5)
2021-07-10 17:52:12.850 3588-3710/? E/nightwatch-target: lmkd signal waiters
2021-07-10 17:52:12.934 5106-5106/? D/io_stats: !@ 179,0 r 18629067 396464189 w 3053573 51218048 d 459415 20283788 f 699454 699150 iot 11649590 11182915 th 51200 0 0 pt 0 inp 0 0 199314.174
2021-07-10 17:52:13.179 2383-9225/? I/display: [PrimaryDisplay] [DYNAMIC_RECOMP] HWC_2_GLES by low FPS(0)
2021-07-10 17:52:13.299 2208-2265/? E/nightwatch-target: lmkd signal waiters
2021-07-10 17:52:13.342 2383-2383/? I/display: [PrimaryDisplay] [DYNAMIC_RECOMP] first frame after HWC_2_GLES
2021-07-10 17:52:13.342 2383-2383/? I/display: [PrimaryDisplay] [DYNAMIC_RECOMP] GLES_2_HWC by high FPS(5)
2021-07-10 17:52:13.350 3588-3710/? E/nightwatch-target: lmkd signal waiters
2021-07-10 17:52:13.497 3913-3913/? D/WifiTrafficPoller: notifyOnDataActivity() - mBusMaxLock.acquire()
2021-07-10 17:52:13.680 2383-9225/? I/display: [PrimaryDisplay] [DYNAMIC_RECOMP] HWC_2_GLES by low FPS(0)
2021-07-10 17:52:13.801 2208-2265/? E/nightwatch-target: lmkd signal waiters
2021-07-10 17:52:13.843 2383-2383/? I/display: [PrimaryDisplay] [DYNAMIC_RECOMP] first frame after HWC_2_GLES
2021-07-10 17:52:13.843 2383-2383/? I/display: [PrimaryDisplay] [DYNAMIC_RECOMP] GLES_2_HWC by high FPS(5)
2021-07-10 17:52:13.851 3588-3710/? E/nightwatch-target: lmkd signal waiters
2021-07-10 17:52:14.181 2383-9225/? I/display: [PrimaryDisplay] [DYNAMIC_RECOMP] HWC_2_GLES by low FPS(0)
2021-07-10 17:52:14.301 2208-2265/? E/nightwatch-target: lmkd signal waiters
2021-07-10 17:52:14.344 2383-2383/? I/display: [PrimaryDisplay] [DYNAMIC_RECOMP] first frame after HWC_2_GLES
2021-07-10 17:52:14.344 2383-2383/? I/display: [PrimaryDisplay] [DYNAMIC_RECOMP] GLES_2_HWC by high FPS(5)
2021-07-10 17:52:14.352 3588-3710/? E/nightwatch-target: lmkd signal waiters
2021-07-10 17:52:14.499 3913-3913/? D/WifiTrafficPoller: notifyOnDataActivity() - mBusMaxLock.acquire()
2021-07-10 17:52:14.682 2383-9225/? I/display: [PrimaryDisplay] [DYNAMIC_RECOMP] HWC_2_GLES by low FPS(0)
2021-07-10 17:52:14.802 2208-2265/? E/nightwatch-target: lmkd signal waiters
2021-07-10 17:52:14.845 2383-2383/? I/display: [PrimaryDisplay] [DYNAMIC_RECOMP] first frame after HWC_2_GLES
2021-07-10 17:52:14.845 2383-2383/? I/display: [PrimaryDisplay] [DYNAMIC_RECOMP] GLES_2_HWC by high FPS(5)
2021-07-10 17:52:14.853 3588-3710/? E/nightwatch-target: lmkd signal waiters
2021-07-10 17:52:14.957 3913-4911/? E/Watchdog: !@Sync 6627 [2021-07-10 17:52:14.957]
2021-07-10 17:52:15.183 2383-9225/? I/display: [PrimaryDisplay] [DYNAMIC_RECOMP] HWC_2_GLES by low FPS(0)
2021-07-10 17:52:15.302 2208-2265/? E/nightwatch-target: lmkd signal waiters
2021-07-10 17:52:15.346 2383-2383/? I/display: [PrimaryDisplay] [DYNAMIC_RECOMP] first frame after HWC_2_GLES
2021-07-10 17:52:15.346 2383-2383/? I/display: [PrimaryDisplay] [DYNAMIC_RECOMP] GLES_2_HWC by high FPS(5)
2021-07-10 17:52:15.353 3588-3710/? E/nightwatch-target: lmkd signal waiters
2021-07-10 17:52:15.501 3913-3913/? D/WifiTrafficPoller: notifyOnDataActivity() - mBusMaxLock.acquire()
2021-07-10 17:52:15.534 3913-4364/? I/WifiHAL: Creating message to get link statistics
2021-07-10 17:52:15.536 3913-4364/? D/WifiHAL: response_handler called
2021-07-10 17:52:15.536 3913-4364/? D/WifiHAL: event len = 1108
2021-07-10 17:52:15.536 3913-4364/? I/WifiHAL: In GetLinkStatsCommand::handleResponse
2021-07-10 17:52:15.536 3913-4364/? I/WifiHAL: Id = 0, subcmd = 0
2021-07-10 17:52:15.536 3913-4364/? D/wifi: onLinkStatsResults: radio_stat.on_time = 0
2021-07-10 17:52:15.536 3913-4364/? D/wifi: onLinkStatsResults: radio_stat.tx_time = 0
2021-07-10 17:52:15.536 3913-4364/? D/wifi: onLinkStatsResults: radio_stat.rx_time = 0
2021-07-10 17:52:15.536 3913-4364/? D/WifiHAL: ack_handler called
2021-07-10 17:52:15.536 3913-4364/? D/wifi: android_net_wifi_getLinkLayerStats: radio_stat.on_time = 0
2021-07-10 17:52:15.536 3913-4364/? D/wifi: android_net_wifi_getLinkLayerStats: radio_stat.tx_time = 0
2021-07-10 17:52:15.536 3913-4364/? D/wifi: android_net_wifi_getLinkLayerStats: radio_stat.rx_time = 0
2021-07-10 17:52:15.540 3913-4364/? D/WifiStateMachine: Current network is: "test2" , ID is: 3
2021-07-10 17:52:15.684 2383-9225/? I/display: [PrimaryDisplay] [DYNAMIC_RECOMP] HWC_2_GLES by low FPS(0)
2021-07-10 17:52:15.804 2208-2265/? E/nightwatch-target: lmkd signal waiters
2021-07-10 17:52:15.847 2383-2383/? I/display: [PrimaryDisplay] [DYNAMIC_RECOMP] first frame after HWC_2_GLES
2021-07-10 17:52:15.847 2383-2383/? I/display: [PrimaryDisplay] [DYNAMIC_RECOMP] GLES_2_HWC by high FPS(5)
2021-07-10 17:52:15.854 3588-3710/? E/nightwatch-target: lmkd signal waiters
2021-07-10 17:52:15.972 2426-8811/? V/NativeCrypto: Read error: ssl=0xbcf721f8: I/O error during system call, Connection reset by peer
2021-07-10 17:52:15.976 2426-8811/? V/NativeCrypto: SSL shutdown failed: ssl=0xbcf721f8: I/O error during system call, Broken pipe
2021-07-10 17:52:15.977 2426-8811/? E/WakeLock: GCM_HB_ALARM release without a matched acquire!
2021-07-10 17:52:15.977 2426-8811/? W/WakeLock: GCM_HB_ALARM counter does not exist
2021-07-10 17:52:15.977 3913-6138/? D/SamsungAlarmManager: Cancel Alarm calling from uid:10010 pid :2426 / op:PendingIntent{fba4b13: PendingIntentRecord{b1eead0 com.google.android.gms broadcastIntent}}
2021-07-10 17:52:15.981 3913-6138/? I/SamsungAlarmManager: setLocked to kernel - T:2 / 20210710T175332, SetElapsed=514767750, nowELAPSED=514691161
2021-07-10 17:52:15.981 3913-6138/? I/SamsungAlarmManager: setLocked to kernel - T:3 / 20210710T175300, SetElapsed=514735181, nowELAPSED=514691161
2021-07-10 17:52:15.982 3913-6151/? D/ConnectivityService: reportNetworkConnectivity(519, false) by 10010
2021-07-10 17:52:15.982 3913-22613/? D/NetworkMonitor/NetworkAgentInfo[WIFI()-519]: ValidatedState{ when=0 what=532488 arg1=10010 target=com.android.internal.util.StateMachine$SmHandler }
2021-07-10 17:52:15.982 3913-22613/? D/NetworkMonitor/NetworkAgentInfo[WIFI()-519]: DefaultState{ when=0 what=532488 arg1=10010 target=com.android.internal.util.StateMachine$SmHandler }
2021-07-10 17:52:15.983 3913-22613/? D/NetworkMonitor/NetworkAgentInfo[WIFI()-519]: Forcing reevaluation for UID 10010
2021-07-10 17:52:15.983 3913-22613/? D/NetworkMonitor/NetworkAgentInfo[WIFI()-519]: EvaluatingState{ when=0 what=151655 target=com.android.internal.util.StateMachine$SmHandler }
2021-07-10 17:52:15.983 3913-22613/? D/NetworkMonitor/NetworkAgentInfo[WIFI()-519]: RESULT_VALID
2021-07-10 17:52:15.983 3913-22613/? D/NetworkMonitor/NetworkAgentInfo[WIFI()-519]: Validated
2021-07-10 17:52:15.983 3913-4386/? D/ConnectivityService: setProvNotificationVisibleIntent null visible=false networkType=MOBILE extraInfo=null highPriority=false
2021-07-10 17:52:15.984 3913-4386/? D/ConnectivityService: setProvNotificationVisibleIntent null visible=false networkType=MOBILE extraInfo=null highPriority=false
2021-07-10 17:52:15.984 3913-4386/? D/ConnectivityService: NetworkAgentInfo [WIFI () - 519] validation passed
2021-07-10 17:52:15.989 3913-9347/? D/WifiNetworkHistory: saving network history: "AndroidAP3814"WPA_PSK gw: null Network Selection-status: NETWORK_SELECTION_ENABLED ephemeral=false choice:null link:0 status:1 nid:8 hasEverConnected: true
2021-07-10 17:52:15.989 3913-9347/? V/WifiNetworkHistory: writeKnownNetworkHistory write config "AndroidAP3814"WPA_PSK
2021-07-10 17:52:15.990 3913-9347/? D/WifiNetworkHistory: saving network history: "GIGI-Home"WPA_PSK gw: 88:5d:fb:cf:b4:2e Network Selection-status: NETWORK_SELECTION_ENABLED ephemeral=false choice:"GIGI-Home_plus"WPA_PSK link:0 status:1 nid:0 hasEverConnected: true
2021-07-10 17:52:15.990 3913-9347/? V/WifiNetworkHistory: writeKnownNetworkHistory write config "GIGI-Home"WPA_PSK
2021-07-10 17:52:15.991 3913-5361/? D/SamsungAlarmManager: setExact Intent (T:2/F:5/AC:false) 20210710T175224 - CU:10010/CP:2426
2021-07-10 17:52:15.991 3913-5361/? I/SamsungAlarmManager: setLocked to kernel - T:2 / 20210710T175224, SetElapsed=514700122, nowELAPSED=514691172
2021-07-10 17:52:15.992 3913-9347/? D/WifiNetworkHistory: saving network history: "#FreeWifiRSAzra"NONE gw: null Network Selection-status: NETWORK_SELECTION_ENABLED ephemeral=false choice:null link:0 status:1 nid:5 hasEverConnected: true
2021-07-10 17:52:15.992 3913-9347/? V/WifiNetworkHistory: writeKnownNetworkHistory write config "#FreeWifiRSAzra"NONE
2021-07-10 17:52:15.992 2426-8811/? E/WakeLock: GCM_CONN_ALARM release without a matched acquire!
2021-07-10 17:52:15.992 2426-8811/? W/WakeLock: GCM_CONN_ALARM counter does not exist
2021-07-10 17:52:15.993 3913-9347/? D/WifiNetworkHistory: saving network history: "test2"WPA_PSK gw: bc:c0:0f:d2:06:f8 Network Selection-status: NETWORK_SELECTION_ENABLED ephemeral=false choice:"AndroidAP3814"WPA_PSK link:0 status:0 nid:3 hasEverConnected: true
2021-07-10 17:52:15.993 3913-9347/? V/WifiNetworkHistory: writeKnownNetworkHistory write config "test2"WPA_PSK
2021-07-10 17:52:15.994 3913-9347/? D/WifiNetworkHistory: saving network history: "Cakeverywhere"WPA_PSK gw: bc:c0:0f:d2:06:f8 Network Selection-status: NETWORK_SELECTION_ENABLED ephemeral=false choice:null link:0 status:1 nid:4 hasEverConnected: true
2021-07-10 17:52:15.994 3913-9347/? V/WifiNetworkHistory: writeKnownNetworkHistory write config "Cakeverywhere"WPA_PSK
2021-07-10 17:52:15.996 3913-9347/? D/WifiNetworkHistory: saving network history: "ZTE-81a308"WPA_PSK gw: cc:7b:35:81:a3:08 Network Selection-status: NETWORK_SELECTION_ENABLED ephemeral=false choice:null link:0 status:1 nid:1 hasEverConnected: true
2021-07-10 17:52:15.996 3913-9347/? V/WifiNetworkHistory: writeKnownNetworkHistory write config "ZTE-81a308"WPA_PSK
2021-07-10 17:52:15.997 3913-9347/? D/WifiNetworkHistory: saving network history: "POCO X3 NFC"WPA_PSK gw: null Network Selection-status: NETWORK_SELECTION_ENABLED ephemeral=false choice:null link:0 status:1 nid:7 hasEverConnected: true
2021-07-10 17:52:15.997 3913-9347/? V/WifiNetworkHistory: writeKnownNetworkHistory write config "POCO X3 NFC"WPA_PSK
2021-07-10 17:52:15.999 3913-9347/? D/WifiNetworkHistory: saving network history: "GIGI-Home_plus"WPA_PSK gw: null Network Selection-status: NETWORK_SELECTION_ENABLED ephemeral=false choice:null link:0 status:1 nid:6 hasEverConnected: true
2021-07-10 17:52:15.999 3913-9347/? V/WifiNetworkHistory: writeKnownNetworkHistory write config "GIGI-Home_plus"WPA_PSK
2021-07-10 17:52:16.000 3913-9347/? D/WifiNetworkHistory: saving network history: "Inggrit IPhone"WPA_PSK gw: null Network Selection-status: NETWORK_SELECTION_ENABLED ephemeral=false choice:null link:0 status:1 nid:2 hasEverConnected: true
2021-07-10 17:52:16.000 3913-9347/? V/WifiNetworkHistory: writeKnownNetworkHistory write config "Inggrit IPhone"WPA_PSK
2021-07-10 17:52:16.185 2383-9225/? I/display: [PrimaryDisplay] [DYNAMIC_RECOMP] HWC_2_GLES by low FPS(0)
2021-07-10 17:52:16.304 2208-2265/? E/nightwatch-target: lmkd signal waiters
2021-07-10 17:52:16.348 2383-2383/? I/display: [PrimaryDisplay] [DYNAMIC_RECOMP] first frame after HWC_2_GLES
2021-07-10 17:52:16.348 2383-2383/? I/display: [PrimaryDisplay] [DYNAMIC_RECOMP] GLES_2_HWC by high FPS(5)
2021-07-10 17:52:16.355 3588-3710/? E/nightwatch-target: lmkd signal waiters
2021-07-10 17:52:16.503 3913-3913/? D/WifiTrafficPoller: notifyOnDataActivity() - mBusMaxLock.acquire()
2021-07-10 17:52:16.686 2383-9225/? I/display: [PrimaryDisplay] [DYNAMIC_RECOMP] HWC_2_GLES by low FPS(3)
2021-07-10 17:52:16.698 2383-2383/? I/display: [PrimaryDisplay] [DYNAMIC_RECOMP] GLES_2_HWC by high FPS(6)
2021-07-10 17:52:16.805 2208-2265/? E/nightwatch-target: lmkd signal waiters
2021-07-10 17:52:16.856 3588-3710/? E/nightwatch-target: lmkd signal waiters
2021-07-10 17:52:16.986 2383-9225/? I/display: [PrimaryDisplay] [DYNAMIC_RECOMP] HWC_2_GLES by low FPS(3)
2021-07-10 17:52:16.999 2383-2383/? I/display: [PrimaryDisplay] [DYNAMIC_RECOMP] GLES_2_HWC by high FPS(7)
2021-07-10 17:52:17.287 2383-9225/? I/display: [PrimaryDisplay] [DYNAMIC_RECOMP] HWC_2_GLES by low FPS(0)
2021-07-10 17:52:17.306 2208-2265/? E/nightwatch-target: lmkd signal waiters
2021-07-10 17:52:17.350 2383-2383/? I/display: [PrimaryDisplay] [DYNAMIC_RECOMP] first frame after HWC_2_GLES
2021-07-10 17:52:17.350 2383-2383/? I/display: [PrimaryDisplay] [DYNAMIC_RECOMP] GLES_2_HWC by high FPS(5)
2021-07-10 17:52:17.356 3588-3710/? E/nightwatch-target: lmkd signal waiters
2021-07-10 17:52:17.505 3913-3913/? D/WifiTrafficPoller: notifyOnDataActivity() - mBusMaxLock.acquire()
2021-07-10 17:52:17.688 2383-9225/? I/display: [PrimaryDisplay] [DYNAMIC_RECOMP] HWC_2_GLES by low FPS(0)
2021-07-10 17:52:17.807 2208-2265/? E/nightwatch-target: lmkd signal waiters
2021-07-10 17:52:17.851 2383-2383/? I/display: [PrimaryDisplay] [DYNAMIC_RECOMP] first frame after HWC_2_GLES
2021-07-10 17:52:17.851 2383-2383/? I/display: [PrimaryDisplay] [DYNAMIC_RECOMP] GLES_2_HWC by high FPS(5)
2021-07-10 17:52:17.857 3588-3710/? E/nightwatch-target: lmkd signal waiters
2021-07-10 17:52:17.941 5106-5106/? D/io_stats: !@ 179,0 r 18629070 396464225 w 3053575 51218104 d 459416 20283800 f 699455 699151 iot 11649600 11182918 th 51200 0 0 pt 0 inp 0 0 199319.181
2021-07-10 17:52:18.189 2383-9225/? I/display: [PrimaryDisplay] [DYNAMIC_RECOMP] HWC_2_GLES by low FPS(0)
2021-07-10 17:52:18.303 3913-5358/? D/BatteryService: !@BatteryListener : batteryPropertiesChanged!
2021-07-10 17:52:18.303 3913-5358/? D/BatteryService: level:95, scale:100, status:2, health:2, present:true, voltage: 4180, temperature: 348, technology: Li-ion, AC powered:false, USB powered:true, POGO powered:false, Wireless powered:false, icon:17303723, invalid charger:0, maxChargingCurrent:0, maxChargingVoltage:0, chargeCounter:0
2021-07-10 17:52:18.303 3913-5358/? D/BatteryService: online:4, current avg:0, charge type:1, power sharing:false, high voltage charger:false, capacity:280000, batterySWSelfDischarging:false, misc_event:0, current_event:0, current_now:376
2021-07-10 17:52:18.304 3913-3913/? D/BatteryService: Sending ACTION_BATTERY_CHANGED.
2021-07-10 17:52:18.306 3913-3913/? D/SamsungPhoneWindowManager: ACTION_BATTERY_CHANGED - Level :: 95, battStatus :: 2
2021-07-10 17:52:18.307 2208-2265/? E/nightwatch-target: lmkd signal waiters
2021-07-10 17:52:18.309 4519-4519/? D/KeyguardUpdateMonitor: received broadcast android.intent.action.BATTERY_CHANGED
2021-07-10 17:52:18.309 4519-4519/? D/KeyguardUpdateMonitor: handleBatteryUpdate
2021-07-10 17:52:18.313 4519-4519/? D/PowerUI: showing power sharing dialogfalse
2021-07-10 17:52:18.313 4519-4519/? D/PowerUI: priorPlugType = 2 mPlugType =  2
2021-07-10 17:52:18.313 4519-4519/? D/PowerUI.Notification: Charging estimate time is not supported and connected cable is not a fast/slow charger, so return!
2021-07-10 17:52:18.315 4519-4519/? D/BatteryMeterDrawable: isSomethingChanged - false
2021-07-10 17:52:18.315 4519-4519/? D/BatteryMeterDrawable: isSomethingChanged - false
2021-07-10 17:52:18.316 4519-4519/? D/BatteryController: onReceive - ACTION_BATTERY_CHANGED : mLevel = 95
2021-07-10 17:52:18.318 9111-9111/? D/PowerPlanningReceiver: onReceive : android.intent.action.BATTERY_CHANGED
2021-07-10 17:52:18.318 9111-9111/? D/PowerPlanningReceiver: ACTION_BAT_MAN_BATTERY_CHANGED = com.samsung.android.app.powerplanning.service.PowerPlanningService@32ef8d3
2021-07-10 17:52:18.320 9111-9111/? D/com.samsung.android.app.powerplanning.utils.BatteryUtils: getUpsTime Actual Battery values are used 4441
2021-07-10 17:52:18.320 9111-9111/? D/PowerPlanningReceiver: Battery update received, Percentage: 95, UPS hours: 4441
2021-07-10 17:52:18.335 2383-2383/? I/display: [PrimaryDisplay] [DYNAMIC_RECOMP] first frame after HWC_2_GLES
2021-07-10 17:52:18.335 2383-2383/? I/display: [PrimaryDisplay] [DYNAMIC_RECOMP] GLES_2_HWC by high FPS(5)
2021-07-10 17:52:18.357 3588-3710/? E/nightwatch-target: lmkd signal waiters
2021-07-10 17:52:18.508 3913-3913/? D/WifiTrafficPoller: notifyOnDataActivity() - mBusMaxLock.acquire()
2021-07-10 17:52:18.541 3913-4364/? I/WifiHAL: Creating message to get link statistics
2021-07-10 17:52:18.542 3913-4364/? D/WifiHAL: response_handler called
2021-07-10 17:52:18.542 3913-4364/? D/WifiHAL: event len = 1108
2021-07-10 17:52:18.542 3913-4364/? I/WifiHAL: In GetLinkStatsCommand::handleResponse
2021-07-10 17:52:18.542 3913-4364/? I/WifiHAL: Id = 0, subcmd = 0
2021-07-10 17:52:18.542 3913-4364/? D/wifi: onLinkStatsResults: radio_stat.on_time = 0
2021-07-10 17:52:18.542 3913-4364/? D/wifi: onLinkStatsResults: radio_stat.tx_time = 0
