2021-07-10 17:52:35.494 3913-4386/? D/ConnectivityService:   checking if request is satisfied: NetworkRequest [ id=3009, legacyType=-1, [ Transports: WIFI Capabilities: NOT_RESTRICTED&TRUSTED&NOT_VPN] ]
2021-07-10 17:52:35.494 3913-4386/? D/ConnectivityService:   checking if request is satisfied: NetworkRequest [ id=9, legacyType=-1, [ Transports: CELLULAR|WIFI Capabilities: NOT_RESTRICTED&TRUSTED&NOT_VPN] ]
2021-07-10 17:52:35.494 3913-4386/? D/ConnectivityService: Network NetworkAgentInfo [WIFI () - 519] was already satisfying request 2976. No change.
2021-07-10 17:52:35.495 3913-4386/? D/ConnectivityService:   checking if request is satisfied: NetworkRequest [ id=2893, legacyType=-1, [ Capabilities: INTERNET&NOT_RESTRICTED&TRUSTED&NOT_VPN] ]
2021-07-10 17:52:35.495 3913-4386/? D/ConnectivityService:   checking if request is satisfied: NetworkRequest [ id=6, legacyType=-1, [ Transports: WIFI Capabilities: INTERNET&NOT_RESTRICTED&TRUSTED&NOT_VPN] ]
2021-07-10 17:52:35.495 3913-4386/? D/ConnectivityService:   checking if request is satisfied: NetworkRequest [ id=2852, legacyType=-1, [ Capabilities: INTERNET&NOT_RESTRICTED&TRUSTED] ]
2021-07-10 17:52:35.495 3913-4386/? D/ConnectivityService:   checking if request is satisfied: NetworkRequest [ id=2972, legacyType=-1, [ Capabilities: INTERNET&NOT_RESTRICTED&TRUSTED] ]
2021-07-10 17:52:35.495 3913-4386/? D/ConnectivityService:   checking if request is satisfied: NetworkRequest [ id=2804, legacyType=-1, [ Capabilities: NOT_RESTRICTED] ]
2021-07-10 17:52:35.495 3913-4386/? D/ConnectivityService:   checking if request is satisfied: NetworkRequest [ id=2973, legacyType=-1, [ Capabilities: INTERNET&NOT_RESTRICTED&TRUSTED] ]
2021-07-10 17:52:35.495 3913-4386/? D/ConnectivityService:   checking if request is satisfied: NetworkRequest [ id=2783, legacyType=-1, [ Capabilities: INTERNET&NOT_RESTRICTED&TRUSTED] ]
2021-07-10 17:52:35.495 3913-4386/? D/ConnectivityService:   checking if request is satisfied: NetworkRequest [ id=3003, legacyType=-1, [ Capabilities: INTERNET&NOT_RESTRICTED&TRUSTED] ]
2021-07-10 17:52:35.496 3913-4386/? D/ConnectivityService:   checking if request is satisfied: NetworkRequest [ id=8, legacyType=-1, [ Transports: WIFI Capabilities: INTERNET&NOT_RESTRICTED&TRUSTED&NOT_VPN] ]
2021-07-10 17:52:35.496 3913-4386/? D/ConnectivityService:   checking if request is satisfied: NetworkRequest [ id=2903, legacyType=-1, [ Capabilities: INTERNET&NOT_RESTRICTED&TRUSTED] ]
2021-07-10 17:52:35.496 4519-4673/? D/NetworkController: onReceive: intent=Intent { act=android.net.wifi.RSSI_CHANGED flg=0x4000010 launchParam=MultiScreenLaunchParams { mDisplayId=0 mBaseDisplayId=0 mFlags=0 } bqHint=1 (has extras) }
2021-07-10 17:52:35.496 3913-4386/? D/ConnectivityService: Network NetworkAgentInfo [WIFI () - 519] was already satisfying request 2963. No change.
2021-07-10 17:52:35.496 3913-4386/? D/ConnectivityService: Network NetworkAgentInfo [WIFI () - 519] was already satisfying request 1. No change.
2021-07-10 17:52:35.496 3913-4386/? D/ConnectivityService:   checking if request is satisfied: NetworkRequest [ id=2822, legacyType=-1, [ Capabilities: INTERNET&NOT_RESTRICTED&TRUSTED] ]
2021-07-10 17:52:35.496 3913-4386/? D/ConnectivityService:   checking if request is satisfied: NetworkRequest [ id=3, legacyType=-1, [] ]
2021-07-10 17:52:35.496 3913-4386/? D/ConnectivityService:   checking if request is satisfied: NetworkRequest [ id=2842, legacyType=-1, [ Capabilities: INTERNET&NOT_RESTRICTED&TRUSTED] ]
2021-07-10 17:52:35.496 3913-4386/? D/ConnectivityService:   checking if request is satisfied: NetworkRequest [ id=2964, legacyType=-1, [ Capabilities: INTERNET&NOT_RESTRICTED&TRUSTED] ]
2021-07-10 17:52:35.496 3913-4386/? D/ConnectivityService:   checking if request is satisfied: NetworkRequest [ id=7, legacyType=-1, [ Transports: CELLULAR Capabilities: INTERNET&NOT_RESTRICTED&TRUSTED&NOT_VPN] ]
2021-07-10 17:52:35.497 3913-4386/? D/ConnectivityService:   checking if request is satisfied: NetworkRequest [ id=4, legacyType=-1, [] ]
2021-07-10 17:52:35.497 3913-4386/? D/ConnectivityService: Network NetworkAgentInfo [WIFI () - 519] was already satisfying request 2977. No change.
2021-07-10 17:52:35.497 3913-4386/? D/ConnectivityService:   checking if request is satisfied: NetworkRequest [ id=3007, legacyType=-1, [ Capabilities: INTERNET&NOT_RESTRICTED&TRUSTED] ]
2021-07-10 17:52:35.497 3913-4386/? D/ConnectivityService:   checking if request is satisfied: NetworkRequest [ id=2974, legacyType=-1, [ Capabilities: INTERNET&NOT_RESTRICTED&TRUSTED] ]
2021-07-10 17:52:35.497 3913-4386/? D/ConnectivityService: notifyType CAP_CHANGED for NetworkAgentInfo [WIFI () - 519]
2021-07-10 17:52:35.497 3913-4386/? D/ConnectivityService:  sending notification for NetworkRequest [ id=1, legacyType=-1, [ Capabilities: INTERNET&NOT_RESTRICTED&TRUSTED&NOT_VPN] ]
2021-07-10 17:52:35.497 3913-4386/? D/ConnectivityService:  sending notification for NetworkRequest [ id=3, legacyType=-1, [] ]
2021-07-10 17:52:35.497 3913-4386/? D/ConnectivityService: sending notification CAP_CHANGED for NetworkRequest [ id=3, legacyType=-1, [] ]
2021-07-10 17:52:35.497 3913-4386/? D/ConnectivityService:  sending notification for NetworkRequest [ id=4, legacyType=-1, [] ]
2021-07-10 17:52:35.498 3913-4386/? D/ConnectivityService: sending notification CAP_CHANGED for NetworkRequest [ id=4, legacyType=-1, [] ]
2021-07-10 17:52:35.498 4519-4519/? E/SignalClusterView: setSlotFocusVisible : subId 1
2021-07-10 17:52:35.498 4519-4519/? E/SignalClusterView: setSlotFocusVisible : subId 1
2021-07-10 17:52:35.498 3913-4386/? D/ConnectivityService:  sending notification for NetworkRequest [ id=5, legacyType=-1, [ Transports: WIFI Capabilities: INTERNET&NOT_RESTRICTED&TRUSTED&NOT_VPN] ]
2021-07-10 17:52:35.498 3913-4386/? D/ConnectivityService: sending notification CAP_CHANGED for NetworkRequest [ id=5, legacyType=-1, [ Transports: WIFI Capabilities: INTERNET&NOT_RESTRICTED&TRUSTED&NOT_VPN] ]
2021-07-10 17:52:35.499 3913-4386/? D/ConnectivityService:  sending notification for NetworkRequest [ id=6, legacyType=-1, [ Transports: WIFI Capabilities: INTERNET&NOT_RESTRICTED&TRUSTED&NOT_VPN] ]
2021-07-10 17:52:35.499 3913-4386/? D/ConnectivityService: sending notification CAP_CHANGED for NetworkRequest [ id=6, legacyType=-1, [ Transports: WIFI Capabilities: INTERNET&NOT_RESTRICTED&TRUSTED&NOT_VPN] ]
2021-07-10 17:52:35.499 3913-4386/? D/ConnectivityService:  sending notification for NetworkRequest [ id=8, legacyType=-1, [ Transports: WIFI Capabilities: INTERNET&NOT_RESTRICTED&TRUSTED&NOT_VPN] ]
2021-07-10 17:52:35.500 3913-4386/? D/ConnectivityService: sending notification CAP_CHANGED for NetworkRequest [ id=8, legacyType=-1, [ Transports: WIFI Capabilities: INTERNET&NOT_RESTRICTED&TRUSTED&NOT_VPN] ]
2021-07-10 17:52:35.500 3913-4386/? D/ConnectivityService:  sending notification for NetworkRequest [ id=9, legacyType=-1, [ Transports: CELLULAR|WIFI Capabilities: NOT_RESTRICTED&TRUSTED&NOT_VPN] ]
2021-07-10 17:52:35.500 3913-4386/? D/ConnectivityService: sending notification CAP_CHANGED for NetworkRequest [ id=9, legacyType=-1, [ Transports: CELLULAR|WIFI Capabilities: NOT_RESTRICTED&TRUSTED&NOT_VPN] ]
2021-07-10 17:52:35.500 3913-4386/? D/ConnectivityService:  sending notification for NetworkRequest [ id=2783, legacyType=-1, [ Capabilities: INTERNET&NOT_RESTRICTED&TRUSTED] ]
2021-07-10 17:52:35.500 3913-4386/? D/ConnectivityService: sending notification CAP_CHANGED for NetworkRequest [ id=2783, legacyType=-1, [ Capabilities: INTERNET&NOT_RESTRICTED&TRUSTED] ]
2021-07-10 17:52:35.501 3913-4386/? D/ConnectivityService:  sending notification for NetworkRequest [ id=2804, legacyType=-1, [ Capabilities: NOT_RESTRICTED] ]
2021-07-10 17:52:35.501 3913-4386/? D/ConnectivityService: sending notification CAP_CHANGED for NetworkRequest [ id=2804, legacyType=-1, [ Capabilities: NOT_RESTRICTED] ]
2021-07-10 17:52:35.501 3913-4386/? D/ConnectivityService:  sending notification for NetworkRequest [ id=2822, legacyType=-1, [ Capabilities: INTERNET&NOT_RESTRICTED&TRUSTED] ]
2021-07-10 17:52:35.501 3913-4386/? D/ConnectivityService: sending notification CAP_CHANGED for NetworkRequest [ id=2822, legacyType=-1, [ Capabilities: INTERNET&NOT_RESTRICTED&TRUSTED] ]
2021-07-10 17:52:35.502 3913-4386/? D/ConnectivityService:  sending notification for NetworkRequest [ id=2842, legacyType=-1, [ Capabilities: INTERNET&NOT_RESTRICTED&TRUSTED] ]
2021-07-10 17:52:35.502 3913-4386/? D/ConnectivityService: sending notification CAP_CHANGED for NetworkRequest [ id=2842, legacyType=-1, [ Capabilities: INTERNET&NOT_RESTRICTED&TRUSTED] ]
2021-07-10 17:52:35.503 3913-4386/? D/ConnectivityService:  sending notification for NetworkRequest [ id=2852, legacyType=-1, [ Capabilities: INTERNET&NOT_RESTRICTED&TRUSTED] ]
2021-07-10 17:52:35.503 3913-4386/? D/ConnectivityService: sending notification CAP_CHANGED for NetworkRequest [ id=2852, legacyType=-1, [ Capabilities: INTERNET&NOT_RESTRICTED&TRUSTED] ]
2021-07-10 17:52:35.504 3913-4386/? D/ConnectivityService:  sending notification for NetworkRequest [ id=2893, legacyType=-1, [ Capabilities: INTERNET&NOT_RESTRICTED&TRUSTED&NOT_VPN] ]
2021-07-10 17:52:35.504 3913-4386/? D/ConnectivityService: sending notification CAP_CHANGED for NetworkRequest [ id=2893, legacyType=-1, [ Capabilities: INTERNET&NOT_RESTRICTED&TRUSTED&NOT_VPN] ]
2021-07-10 17:52:35.504 3913-4386/? D/ConnectivityService:  sending notification for NetworkRequest [ id=2903, legacyType=-1, [ Capabilities: INTERNET&NOT_RESTRICTED&TRUSTED] ]
2021-07-10 17:52:35.505 3913-4386/? D/ConnectivityService: sending notification CAP_CHANGED for NetworkRequest [ id=2903, legacyType=-1, [ Capabilities: INTERNET&NOT_RESTRICTED&TRUSTED] ]
2021-07-10 17:52:35.505 3913-4386/? D/ConnectivityService:  sending notification for NetworkRequest [ id=2963, legacyType=-1, [ Capabilities: INTERNET&NOT_RESTRICTED&TRUSTED&NOT_VPN] ]
2021-07-10 17:52:35.505 3913-4386/? D/ConnectivityService: sending notification CAP_CHANGED for NetworkRequest [ id=2963, legacyType=-1, [ Capabilities: INTERNET&NOT_RESTRICTED&TRUSTED&NOT_VPN] ]
2021-07-10 17:52:35.506 3913-4386/? D/ConnectivityService:  sending notification for NetworkRequest [ id=2964, legacyType=-1, [ Capabilities: INTERNET&NOT_RESTRICTED&TRUSTED] ]
2021-07-10 17:52:35.506 3913-4386/? D/ConnectivityService: sending notification CAP_CHANGED for NetworkRequest [ id=2964, legacyType=-1, [ Capabilities: INTERNET&NOT_RESTRICTED&TRUSTED] ]
2021-07-10 17:52:35.506 3913-4386/? D/ConnectivityService:  sending notification for NetworkRequest [ id=2972, legacyType=-1, [ Capabilities: INTERNET&NOT_RESTRICTED&TRUSTED] ]
2021-07-10 17:52:35.506 3913-4386/? D/ConnectivityService: sending notification CAP_CHANGED for NetworkRequest [ id=2972, legacyType=-1, [ Capabilities: INTERNET&NOT_RESTRICTED&TRUSTED] ]
2021-07-10 17:52:35.507 3913-4386/? D/ConnectivityService:  sending notification for NetworkRequest [ id=2973, legacyType=-1, [ Capabilities: INTERNET&NOT_RESTRICTED&TRUSTED] ]
2021-07-10 17:52:35.507 3913-4386/? D/ConnectivityService: sending notification CAP_CHANGED for NetworkRequest [ id=2973, legacyType=-1, [ Capabilities: INTERNET&NOT_RESTRICTED&TRUSTED] ]
2021-07-10 17:52:35.507 3913-4386/? D/ConnectivityService:  sending notification for NetworkRequest [ id=2974, legacyType=-1, [ Capabilities: INTERNET&NOT_RESTRICTED&TRUSTED] ]
2021-07-10 17:52:35.508 3913-4386/? D/ConnectivityService: sending notification CAP_CHANGED for NetworkRequest [ id=2974, legacyType=-1, [ Capabilities: INTERNET&NOT_RESTRICTED&TRUSTED] ]
2021-07-10 17:52:35.508 3913-4386/? D/ConnectivityService:  sending notification for NetworkRequest [ id=2976, legacyType=-1, [ Capabilities: INTERNET&NOT_RESTRICTED&TRUSTED&NOT_VPN] ]
2021-07-10 17:52:35.508 3913-4386/? D/ConnectivityService: sending notification CAP_CHANGED for NetworkRequest [ id=2976, legacyType=-1, [ Capabilities: INTERNET&NOT_RESTRICTED&TRUSTED&NOT_VPN] ]
2021-07-10 17:52:35.509 3913-4386/? D/ConnectivityService:  sending notification for NetworkRequest [ id=2977, legacyType=-1, [ Capabilities: INTERNET&NOT_RESTRICTED&TRUSTED&NOT_VPN] ]
2021-07-10 17:52:35.509 3913-4386/? D/ConnectivityService: sending notification CAP_CHANGED for NetworkRequest [ id=2977, legacyType=-1, [ Capabilities: INTERNET&NOT_RESTRICTED&TRUSTED&NOT_VPN] ]
2021-07-10 17:52:35.509 3913-4386/? D/ConnectivityService:  sending notification for NetworkRequest [ id=3003, legacyType=-1, [ Capabilities: INTERNET&NOT_RESTRICTED&TRUSTED] ]
2021-07-10 17:52:35.509 3913-4386/? D/ConnectivityService: sending notification CAP_CHANGED for NetworkRequest [ id=3003, legacyType=-1, [ Capabilities: INTERNET&NOT_RESTRICTED&TRUSTED] ]
2021-07-10 17:52:35.509 3913-4386/? D/ConnectivityService:  sending notification for NetworkRequest [ id=3007, legacyType=-1, [ Capabilities: INTERNET&NOT_RESTRICTED&TRUSTED] ]
2021-07-10 17:52:35.510 3913-4386/? D/ConnectivityService: sending notification CAP_CHANGED for NetworkRequest [ id=3007, legacyType=-1, [ Capabilities: INTERNET&NOT_RESTRICTED&TRUSTED] ]
2021-07-10 17:52:35.510 3913-4386/? D/ConnectivityService:  sending notification for NetworkRequest [ id=3009, legacyType=-1, [ Transports: WIFI Capabilities: NOT_RESTRICTED&TRUSTED&NOT_VPN] ]
2021-07-10 17:52:35.510 3913-4386/? D/ConnectivityService: sending notification CAP_CHANGED for NetworkRequest [ id=3009, legacyType=-1, [ Transports: WIFI Capabilities: NOT_RESTRICTED&TRUSTED&NOT_VPN] ]
2021-07-10 17:52:35.545 3913-3913/? D/WifiTrafficPoller: notifyOnDataActivity() - mBusMaxLock.acquire()
2021-07-10 17:52:35.720 2383-9225/? I/display: [PrimaryDisplay] [DYNAMIC_RECOMP] HWC_2_GLES by low FPS(3)
2021-07-10 17:52:35.738 2383-2383/? I/display: [PrimaryDisplay] [DYNAMIC_RECOMP] GLES_2_HWC by high FPS(5)
2021-07-10 17:52:35.835 2208-2265/? E/nightwatch-target: lmkd signal waiters
2021-07-10 17:52:35.884 3588-3710/? E/nightwatch-target: lmkd signal waiters
2021-07-10 17:52:36.020 2383-9225/? I/display: [PrimaryDisplay] [DYNAMIC_RECOMP] HWC_2_GLES by low FPS(4)
2021-07-10 17:52:36.039 2383-2383/? I/display: [PrimaryDisplay] [DYNAMIC_RECOMP] GLES_2_HWC by high FPS(7)
2021-07-10 17:52:36.321 2383-9225/? I/display: [PrimaryDisplay] [DYNAMIC_RECOMP] HWC_2_GLES by low FPS(0)
2021-07-10 17:52:36.335 2208-2265/? E/nightwatch-target: lmkd signal waiters
2021-07-10 17:52:36.384 3588-3710/? E/nightwatch-target: lmkd signal waiters
2021-07-10 17:52:36.390 2383-2383/? I/display: [PrimaryDisplay] [DYNAMIC_RECOMP] first frame after HWC_2_GLES
2021-07-10 17:52:36.390 2383-2383/? I/display: [PrimaryDisplay] [DYNAMIC_RECOMP] GLES_2_HWC by high FPS(5)
2021-07-10 17:52:36.548 3913-3913/? D/WifiTrafficPoller: notifyOnDataActivity() - mBusMaxLock.acquire()
2021-07-10 17:52:36.576 3913-4364/? I/WifiHAL: Creating message to get link statistics
2021-07-10 17:52:36.577 3913-4364/? D/WifiHAL: response_handler called
2021-07-10 17:52:36.577 3913-4364/? D/WifiHAL: event len = 1108
2021-07-10 17:52:36.577 3913-4364/? I/WifiHAL: In GetLinkStatsCommand::handleResponse
2021-07-10 17:52:36.577 3913-4364/? I/WifiHAL: Id = 0, subcmd = 0
2021-07-10 17:52:36.577 3913-4364/? D/wifi: onLinkStatsResults: radio_stat.on_time = 0
2021-07-10 17:52:36.577 3913-4364/? D/wifi: onLinkStatsResults: radio_stat.tx_time = 0
2021-07-10 17:52:36.577 3913-4364/? D/wifi: onLinkStatsResults: radio_stat.rx_time = 0
2021-07-10 17:52:36.577 3913-4364/? D/WifiHAL: ack_handler called
2021-07-10 17:52:36.578 3913-4364/? D/wifi: android_net_wifi_getLinkLayerStats: radio_stat.on_time = 0
2021-07-10 17:52:36.578 3913-4364/? D/wifi: android_net_wifi_getLinkLayerStats: radio_stat.tx_time = 0
2021-07-10 17:52:36.578 3913-4364/? D/wifi: android_net_wifi_getLinkLayerStats: radio_stat.rx_time = 0
2021-07-10 17:52:36.581 3913-4386/? D/ConnectivityService: updateCapabilities: oldCap = [ Transports: WIFI Capabilities: NOT_METERED&INTERNET&NOT_RESTRICTED&TRUSTED&NOT_VPN&VALIDATED LinkUpBandwidth>=1048576Kbps LinkDnBandwidth>=1048576Kbps SignalStrength: -73], newCap = [ Transports: WIFI Capabilities: NOT_METERED&INTERNET&NOT_RESTRICTED&TRUSTED&NOT_VPN LinkUpBandwidth>=1048576Kbps LinkDnBandwidth>=1048576Kbps SignalStrength: -75]
2021-07-10 17:52:36.582 3913-4386/? D/ConnectivityService: rematching NetworkAgentInfo [WIFI () - 519]
2021-07-10 17:52:36.582 3913-4386/? D/ConnectivityService:  network has: [ Transports: WIFI Capabilities: NOT_METERED&INTERNET&NOT_RESTRICTED&TRUSTED&NOT_VPN&VALIDATED LinkUpBandwidth>=1048576Kbps LinkDnBandwidth>=1048576Kbps SignalStrength: -75]
2021-07-10 17:52:36.582 3913-4386/? D/ConnectivityService:   checking if request is satisfied: NetworkRequest [ id=5, legacyType=-1, [ Transports: WIFI Capabilities: INTERNET&NOT_RESTRICTED&TRUSTED&NOT_VPN] ]
2021-07-10 17:52:36.582 3913-4386/? D/ConnectivityService:   checking if request is satisfied: NetworkRequest [ id=3009, legacyType=-1, [ Transports: WIFI Capabilities: NOT_RESTRICTED&TRUSTED&NOT_VPN] ]
2021-07-10 17:52:36.582 3913-4364/? D/WifiStateMachine: Current network is: "test2" , ID is: 3
2021-07-10 17:52:36.582 3913-4386/? D/ConnectivityService:   checking if request is satisfied: NetworkRequest [ id=9, legacyType=-1, [ Transports: CELLULAR|WIFI Capabilities: NOT_RESTRICTED&TRUSTED&NOT_VPN] ]
2021-07-10 17:52:36.582 3913-4364/? D/WifiStateMachine: Current network is still qualified due to heavy traffic, txSuccessRate=2.0 rxSuccessRate=4.0
2021-07-10 17:52:36.582 3913-4386/? D/ConnectivityService: Network NetworkAgentInfo [WIFI () - 519] was already satisfying request 2976. No change.
2021-07-10 17:52:36.583 3913-4386/? D/ConnectivityService:   checking if request is satisfied: NetworkRequest [ id=2893, legacyType=-1, [ Capabilities: INTERNET&NOT_RESTRICTED&TRUSTED&NOT_VPN] ]
2021-07-10 17:52:36.583 3913-4386/? D/ConnectivityService:   checking if request is satisfied: NetworkRequest [ id=6, legacyType=-1, [ Transports: WIFI Capabilities: INTERNET&NOT_RESTRICTED&TRUSTED&NOT_VPN] ]
2021-07-10 17:52:36.583 3913-4386/? D/ConnectivityService:   checking if request is satisfied: NetworkRequest [ id=2852, legacyType=-1, [ Capabilities: INTERNET&NOT_RESTRICTED&TRUSTED] ]
2021-07-10 17:52:36.583 3913-4386/? D/ConnectivityService:   checking if request is satisfied: NetworkRequest [ id=2972, legacyType=-1, [ Capabilities: INTERNET&NOT_RESTRICTED&TRUSTED] ]
2021-07-10 17:52:36.583 3913-4386/? D/ConnectivityService:   checking if request is satisfied: NetworkRequest [ id=2804, legacyType=-1, [ Capabilities: NOT_RESTRICTED] ]
2021-07-10 17:52:36.583 3913-4386/? D/ConnectivityService:   checking if request is satisfied: NetworkRequest [ id=2973, legacyType=-1, [ Capabilities: INTERNET&NOT_RESTRICTED&TRUSTED] ]
2021-07-10 17:52:36.583 4519-4673/? D/NetworkController: onReceive: intent=Intent { act=android.net.wifi.RSSI_CHANGED flg=0x4000010 launchParam=MultiScreenLaunchParams { mDisplayId=0 mBaseDisplayId=0 mFlags=0 } bqHint=1 (has extras) }
2021-07-10 17:52:36.583 3913-4386/? D/ConnectivityService:   checking if request is satisfied: NetworkRequest [ id=2783, legacyType=-1, [ Capabilities: INTERNET&NOT_RESTRICTED&TRUSTED] ]
2021-07-10 17:52:36.583 3913-4386/? D/ConnectivityService:   checking if request is satisfied: NetworkRequest [ id=3003, legacyType=-1, [ Capabilities: INTERNET&NOT_RESTRICTED&TRUSTED] ]
2021-07-10 17:52:36.584 3913-4386/? D/ConnectivityService:   checking if request is satisfied: NetworkRequest [ id=8, legacyType=-1, [ Transports: WIFI Capabilities: INTERNET&NOT_RESTRICTED&TRUSTED&NOT_VPN] ]
2021-07-10 17:52:36.584 3913-4386/? D/ConnectivityService:   checking if request is satisfied: NetworkRequest [ id=2903, legacyType=-1, [ Capabilities: INTERNET&NOT_RESTRICTED&TRUSTED] ]
2021-07-10 17:52:36.584 3913-4386/? D/ConnectivityService: Network NetworkAgentInfo [WIFI () - 519] was already satisfying request 2963. No change.
2021-07-10 17:52:36.584 3913-4386/? D/ConnectivityService: Network NetworkAgentInfo [WIFI () - 519] was already satisfying request 1. No change.
2021-07-10 17:52:36.584 3913-4386/? D/ConnectivityService:   checking if request is satisfied: NetworkRequest [ id=2822, legacyType=-1, [ Capabilities: INTERNET&NOT_RESTRICTED&TRUSTED] ]
2021-07-10 17:52:36.584 3913-4386/? D/ConnectivityService:   checking if request is satisfied: NetworkRequest [ id=3, legacyType=-1, [] ]
2021-07-10 17:52:36.584 3913-4386/? D/ConnectivityService:   checking if request is satisfied: NetworkRequest [ id=2842, legacyType=-1, [ Capabilities: INTERNET&NOT_RESTRICTED&TRUSTED] ]
2021-07-10 17:52:36.584 3913-4386/? D/ConnectivityService:   checking if request is satisfied: NetworkRequest [ id=2964, legacyType=-1, [ Capabilities: INTERNET&NOT_RESTRICTED&TRUSTED] ]
2021-07-10 17:52:36.584 3913-4386/? D/ConnectivityService:   checking if request is satisfied: NetworkRequest [ id=7, legacyType=-1, [ Transports: CELLULAR Capabilities: INTERNET&NOT_RESTRICTED&TRUSTED&NOT_VPN] ]
2021-07-10 17:52:36.584 3913-4386/? D/ConnectivityService:   checking if request is satisfied: NetworkRequest [ id=4, legacyType=-1, [] ]
2021-07-10 17:52:36.584 3913-4386/? D/ConnectivityService: Network NetworkAgentInfo [WIFI () - 519] was already satisfying request 2977. No change.
2021-07-10 17:52:36.585 3913-4386/? D/ConnectivityService:   checking if request is satisfied: NetworkRequest [ id=3007, legacyType=-1, [ Capabilities: INTERNET&NOT_RESTRICTED&TRUSTED] ]
2021-07-10 17:52:36.585 3913-4386/? D/ConnectivityService:   checking if request is satisfied: NetworkRequest [ id=2974, legacyType=-1, [ Capabilities: INTERNET&NOT_RESTRICTED&TRUSTED] ]
2021-07-10 17:52:36.585 3913-4386/? D/ConnectivityService: notifyType CAP_CHANGED for NetworkAgentInfo [WIFI () - 519]
2021-07-10 17:52:36.585 3913-4386/? D/ConnectivityService:  sending notification for NetworkRequest [ id=1, legacyType=-1, [ Capabilities: INTERNET&NOT_RESTRICTED&TRUSTED&NOT_VPN] ]
2021-07-10 17:52:36.585 4519-4519/? E/SignalClusterView: setSlotFocusVisible : subId 1
2021-07-10 17:52:36.585 4519-4519/? E/SignalClusterView: setSlotFocusVisible : subId 1
2021-07-10 17:52:36.585 3913-4386/? D/ConnectivityService:  sending notification for NetworkRequest [ id=3, legacyType=-1, [] ]
2021-07-10 17:52:36.585 3913-4386/? D/ConnectivityService: sending notification CAP_CHANGED for NetworkRequest [ id=3, legacyType=-1, [] ]
2021-07-10 17:52:36.585 3913-4386/? D/ConnectivityService:  sending notification for NetworkRequest [ id=4, legacyType=-1, [] ]
2021-07-10 17:52:36.585 3913-4386/? D/ConnectivityService: sending notification CAP_CHANGED for NetworkRequest [ id=4, legacyType=-1, [] ]
2021-07-10 17:52:36.586 3913-4386/? D/ConnectivityService:  sending notification for NetworkRequest [ id=5, legacyType=-1, [ Transports: WIFI Capabilities: INTERNET&NOT_RESTRICTED&TRUSTED&NOT_VPN] ]
2021-07-10 17:52:36.586 3913-4386/? D/ConnectivityService: sending notification CAP_CHANGED for NetworkRequest [ id=5, legacyType=-1, [ Transports: WIFI Capabilities: INTERNET&NOT_RESTRICTED&TRUSTED&NOT_VPN] ]
2021-07-10 17:52:36.586 3913-4386/? D/ConnectivityService:  sending notification for NetworkRequest [ id=6, legacyType=-1, [ Transports: WIFI Capabilities: INTERNET&NOT_RESTRICTED&TRUSTED&NOT_VPN] ]
2021-07-10 17:52:36.587 3913-4386/? D/ConnectivityService: sending notification CAP_CHANGED for NetworkRequest [ id=6, legacyType=-1, [ Transports: WIFI Capabilities: INTERNET&NOT_RESTRICTED&TRUSTED&NOT_VPN] ]
2021-07-10 17:52:36.587 3913-4386/? D/ConnectivityService:  sending notification for NetworkRequest [ id=8, legacyType=-1, [ Transports: WIFI Capabilities: INTERNET&NOT_RESTRICTED&TRUSTED&NOT_VPN] ]
2021-07-10 17:52:36.587 3913-4386/? D/ConnectivityService: sending notification CAP_CHANGED for NetworkRequest [ id=8, legacyType=-1, [ Transports: WIFI Capabilities: INTERNET&NOT_RESTRICTED&TRUSTED&NOT_VPN] ]
2021-07-10 17:52:36.588 3913-4386/? D/ConnectivityService:  sending notification for NetworkRequest [ id=9, legacyType=-1, [ Transports: CELLULAR|WIFI Capabilities: NOT_RESTRICTED&TRUSTED&NOT_VPN] ]
2021-07-10 17:52:36.588 3913-4386/? D/ConnectivityService: sending notification CAP_CHANGED for NetworkRequest [ id=9, legacyType=-1, [ Transports: CELLULAR|WIFI Capabilities: NOT_RESTRICTED&TRUSTED&NOT_VPN] ]
2021-07-10 17:52:36.588 3913-4386/? D/ConnectivityService:  sending notification for NetworkRequest [ id=2783, legacyType=-1, [ Capabilities: INTERNET&NOT_RESTRICTED&TRUSTED] ]
2021-07-10 17:52:36.588 3913-4386/? D/ConnectivityService: sending notification CAP_CHANGED for NetworkRequest [ id=2783, legacyType=-1, [ Capabilities: INTERNET&NOT_RESTRICTED&TRUSTED] ]
2021-07-10 17:52:36.588 3913-4386/? D/ConnectivityService:  sending notification for NetworkRequest [ id=2804, legacyType=-1, [ Capabilities: NOT_RESTRICTED] ]
2021-07-10 17:52:36.589 3913-4386/? D/ConnectivityService: sending notification CAP_CHANGED for NetworkRequest [ id=2804, legacyType=-1, [ Capabilities: NOT_RESTRICTED] ]
2021-07-10 17:52:36.589 3913-4386/? D/ConnectivityService:  sending notification for NetworkRequest [ id=2822, legacyType=-1, [ Capabilities: INTERNET&NOT_RESTRICTED&TRUSTED] ]
2021-07-10 17:52:36.590 3913-4386/? D/ConnectivityService: sending notification CAP_CHANGED for NetworkRequest [ id=2822, legacyType=-1, [ Capabilities: INTERNET&NOT_RESTRICTED&TRUSTED] ]
2021-07-10 17:52:36.591 3913-4386/? D/ConnectivityService:  sending notification for NetworkRequest [ id=2842, legacyType=-1, [ Capabilities: INTERNET&NOT_RESTRICTED&TRUSTED] ]
2021-07-10 17:52:36.591 3913-4386/? D/ConnectivityService: sending notification CAP_CHANGED for NetworkRequest [ id=2842, legacyType=-1, [ Capabilities: INTERNET&NOT_RESTRICTED&TRUSTED] ]
2021-07-10 17:52:36.592 3913-4386/? D/ConnectivityService:  sending notification for NetworkRequest [ id=2852, legacyType=-1, [ Capabilities: INTERNET&NOT_RESTRICTED&TRUSTED] ]
2021-07-10 17:52:36.593 3913-4386/? D/ConnectivityService: sending notification CAP_CHANGED for NetworkRequest [ id=2852, legacyType=-1, [ Capabilities: INTERNET&NOT_RESTRICTED&TRUSTED] ]
2021-07-10 17:52:36.593 3913-4386/? D/ConnectivityService:  sending notification for NetworkRequest [ id=2893, legacyType=-1, [ Capabilities: INTERNET&NOT_RESTRICTED&TRUSTED&NOT_VPN] ]
2021-07-10 17:52:36.594 3913-4386/? D/ConnectivityService: sending notification CAP_CHANGED for NetworkRequest [ id=2893, legacyType=-1, [ Capabilities: INTERNET&NOT_RESTRICTED&TRUSTED&NOT_VPN] ]
2021-07-10 17:52:36.594 3913-4386/? D/ConnectivityService:  sending notification for NetworkRequest [ id=2903, legacyType=-1, [ Capabilities: INTERNET&NOT_RESTRICTED&TRUSTED] ]
2021-07-10 17:52:36.594 3913-4386/? D/ConnectivityService: sending notification CAP_CHANGED for NetworkRequest [ id=2903, legacyType=-1, [ Capabilities: INTERNET&NOT_RESTRICTED&TRUSTED] ]
2021-07-10 17:52:36.597 3913-4386/? D/ConnectivityService:  sending notification for NetworkRequest [ id=2963, legacyType=-1, [ Capabilities: INTERNET&NOT_RESTRICTED&TRUSTED&NOT_VPN] ]
2021-07-10 17:52:36.597 3913-4386/? D/ConnectivityService: sending notification CAP_CHANGED for NetworkRequest [ id=2963, legacyType=-1, [ Capabilities: INTERNET&NOT_RESTRICTED&TRUSTED&NOT_VPN] ]
2021-07-10 17:52:36.598 3913-4386/? D/ConnectivityService:  sending notification for NetworkRequest [ id=2964, legacyType=-1, [ Capabilities: INTERNET&NOT_RESTRICTED&TRUSTED] ]
2021-07-10 17:52:36.598 3913-4386/? D/ConnectivityService: sending notification CAP_CHANGED for NetworkRequest [ id=2964, legacyType=-1, [ Capabilities: INTERNET&NOT_RESTRICTED&TRUSTED] ]
2021-07-10 17:52:36.598 3913-4386/? D/ConnectivityService:  sending notification for NetworkRequest [ id=2972, legacyType=-1, [ Capabilities: INTERNET&NOT_RESTRICTED&TRUSTED] ]
2021-07-10 17:52:36.599 3913-4386/? D/ConnectivityService: sending notification CAP_CHANGED for NetworkRequest [ id=2972, legacyType=-1, [ Capabilities: INTERNET&NOT_RESTRICTED&TRUSTED] ]
2021-07-10 17:52:36.599 3913-4386/? D/ConnectivityService:  sending notification for NetworkRequest [ id=2973, legacyType=-1, [ Capabilities: INTERNET&NOT_RESTRICTED&TRUSTED] ]
2021-07-10 17:52:36.599 3913-4386/? D/ConnectivityService: sending notification CAP_CHANGED for NetworkRequest [ id=2973, legacyType=-1, [ Capabilities: INTERNET&NOT_RESTRICTED&TRUSTED] ]
2021-07-10 17:52:36.599 3913-4386/? D/ConnectivityService:  sending notification for NetworkRequest [ id=2974, legacyType=-1, [ Capabilities: INTERNET&NOT_RESTRICTED&TRUSTED] ]
2021-07-10 17:52:36.599 3913-4386/? D/ConnectivityService: sending notification CAP_CHANGED for NetworkRequest [ id=2974, legacyType=-1, [ Capabilities: INTERNET&NOT_RESTRICTED&TRUSTED] ]
2021-07-10 17:52:36.600 3913-4386/? D/ConnectivityService:  sending notification for NetworkRequest [ id=2976, legacyType=-1, [ Capabilities: INTERNET&NOT_RESTRICTED&TRUSTED&NOT_VPN] ]
2021-07-10 17:52:36.600 3913-4386/? D/ConnectivityService: sending notification CAP_CHANGED for NetworkRequest [ id=2976, legacyType=-1, [ Capabilities: INTERNET&NOT_RESTRICTED&TRUSTED&NOT_VPN] ]
2021-07-10 17:52:36.600 3913-4386/? D/ConnectivityService:  sending notification for NetworkRequest [ id=2977, legacyType=-1, [ Capabilities: INTERNET&NOT_RESTRICTED&TRUSTED&NOT_VPN] ]
2021-07-10 17:52:36.600 3913-4386/? D/ConnectivityService: sending notification CAP_CHANGED for NetworkRequest [ id=2977, legacyType=-1, [ Capabilities: INTERNET&NOT_RESTRICTED&TRUSTED&NOT_VPN] ]
2021-07-10 17:52:36.601 3913-4386/? D/ConnectivityService:  sending notification for NetworkRequest [ id=3003, legacyType=-1, [ Capabilities: INTERNET&NOT_RESTRICTED&TRUSTED] ]
2021-07-10 17:52:36.601 3913-4386/? D/ConnectivityService: sending notification CAP_CHANGED for NetworkRequest [ id=3003, legacyType=-1, [ Capabilities: INTERNET&NOT_RESTRICTED&TRUSTED] ]
2021-07-10 17:52:36.602 3913-4386/? D/ConnectivityService:  sending notification for NetworkRequest [ id=3007, legacyType=-1, [ Capabilities: INTERNET&NOT_RESTRICTED&TRUSTED] ]
2021-07-10 17:52:36.602 3913-4386/? D/ConnectivityService: sending notification CAP_CHANGED for NetworkRequest [ id=3007, legacyType=-1, [ Capabilities: INTERNET&NOT_RESTRICTED&TRUSTED] ]
2021-07-10 17:52:36.602 3913-4386/? D/ConnectivityService:  sending notification for NetworkRequest [ id=3009, legacyType=-1, [ Transports: WIFI Capabilities: NOT_RESTRICTED&TRUSTED&NOT_VPN] ]
2021-07-10 17:52:36.603 3913-4386/? D/ConnectivityService: sending notification CAP_CHANGED for NetworkRequest [ id=3009, legacyType=-1, [ Transports: WIFI Capabilities: NOT_RESTRICTED&TRUSTED&NOT_VPN] ]
2021-07-10 17:52:36.836 2208-2265/? E/nightwatch-target: lmkd signal waiters
2021-07-10 17:52:36.885 3588-3710/? E/nightwatch-target: lmkd signal waiters
2021-07-10 17:52:36.891 2383-2383/? I/display: [PrimaryDisplay] [DYNAMIC_RECOMP] HWC_2_GLES by low FPS(4)
2021-07-10 17:52:37.336 2208-2265/? E/nightwatch-target: lmkd signal waiters
2021-07-10 17:52:37.385 3588-3710/? E/nightwatch-target: lmkd signal waiters
2021-07-10 17:52:37.392 2383-2383/? I/display: [PrimaryDisplay] [DYNAMIC_RECOMP] first frame after HWC_2_GLES
2021-07-10 17:52:37.393 2383-2383/? I/display: [PrimaryDisplay] [DYNAMIC_RECOMP] GLES_2_HWC by high FPS(5)
2021-07-10 17:52:37.495 3913-4386/? D/ConnectivityService: updateCapabilities: oldCap = [ Transports: WIFI Capabilities: NOT_METERED&INTERNET&NOT_RESTRICTED&TRUSTED&NOT_VPN&VALIDATED LinkUpBandwidth>=1048576Kbps LinkDnBandwidth>=1048576Kbps SignalStrength: -75], newCap = [ Transports: WIFI Capabilities: NOT_METERED&INTERNET&NOT_RESTRICTED&TRUSTED&NOT_VPN LinkUpBandwidth>=1048576Kbps LinkDnBandwidth>=1048576Kbps SignalStrength: -73]
2021-07-10 17:52:37.495 3913-4386/? D/ConnectivityService: rematching NetworkAgentInfo [WIFI () - 519]
2021-07-10 17:52:37.495 3913-4386/? D/ConnectivityService:  network has: [ Transports: WIFI Capabilities: NOT_METERED&INTERNET&NOT_RESTRICTED&TRUSTED&NOT_VPN&VALIDATED LinkUpBandwidth>=1048576Kbps LinkDnBandwidth>=1048576Kbps SignalStrength: -73]
2021-07-10 17:52:37.496 3913-4386/? D/ConnectivityService:   checking if request is satisfied: NetworkRequest [ id=5, legacyType=-1, [ Transports: WIFI Capabilities: INTERNET&NOT_RESTRICTED&TRUSTED&NOT_VPN] ]
2021-07-10 17:52:37.496 3913-4386/? D/ConnectivityService:   checking if request is satisfied: NetworkRequest [ id=3009, legacyType=-1, [ Transports: WIFI Capabilities: NOT_RESTRICTED&TRUSTED&NOT_VPN] ]
2021-07-10 17:52:37.496 3913-4386/? D/ConnectivityService:   checking if request is satisfied: NetworkRequest [ id=9, legacyType=-1, [ Transports: CELLULAR|WIFI Capabilities: NOT_RESTRICTED&TRUSTED&NOT_VPN] ]
2021-07-10 17:52:37.496 3913-4386/? D/ConnectivityService: Network NetworkAgentInfo [WIFI () - 519] was already satisfying request 2976. No change.
2021-07-10 17:52:37.496 3913-4386/? D/ConnectivityService:   checking if request is satisfied: NetworkRequest [ id=2893, legacyType=-1, [ Capabilities: INTERNET&NOT_RESTRICTED&TRUSTED&NOT_VPN] ]
2021-07-10 17:52:37.496 3913-4386/? D/ConnectivityService:   checking if request is satisfied: NetworkRequest [ id=6, legacyType=-1, [ Transports: WIFI Capabilities: INTERNET&NOT_RESTRICTED&TRUSTED&NOT_VPN] ]
2021-07-10 17:52:37.496 3913-4386/? D/ConnectivityService:   checking if request is satisfied: NetworkRequest [ id=2852, legacyType=-1, [ Capabilities: INTERNET&NOT_RESTRICTED&TRUSTED] ]
2021-07-10 17:52:37.496 3913-4386/? D/ConnectivityService:   checking if request is satisfied: NetworkRequest [ id=2972, legacyType=-1, [ Capabilities: INTERNET&NOT_RESTRICTED&TRUSTED] ]
2021-07-10 17:52:37.497 3913-4386/? D/ConnectivityService:   checking if request is satisfied: NetworkRequest [ id=2804, legacyType=-1, [ Capabilities: NOT_RESTRICTED] ]
2021-07-10 17:52:37.497 3913-4386/? D/ConnectivityService:   checking if request is satisfied: NetworkRequest [ id=2973, legacyType=-1, [ Capabilities: INTERNET&NOT_RESTRICTED&TRUSTED] ]
2021-07-10 17:52:37.497 3913-4386/? D/ConnectivityService:   checking if request is satisfied: NetworkRequest [ id=2783, legacyType=-1, [ Capabilities: INTERNET&NOT_RESTRICTED&TRUSTED] ]
2021-07-10 17:52:37.497 3913-4386/? D/ConnectivityService:   checking if request is satisfied: NetworkRequest [ id=3003, legacyType=-1, [ Capabilities: INTERNET&NOT_RESTRICTED&TRUSTED] ]
2021-07-10 17:52:37.497 3913-4386/? D/ConnectivityService:   checking if request is satisfied: NetworkRequest [ id=8, legacyType=-1, [ Transports: WIFI Capabilities: INTERNET&NOT_RESTRICTED&TRUSTED&NOT_VPN] ]
2021-07-10 17:52:37.497 3913-4386/? D/ConnectivityService:   checking if request is satisfied: NetworkRequest [ id=2903, legacyType=-1, [ Capabilities: INTERNET&NOT_RESTRICTED&TRUSTED] ]
2021-07-10 17:52:37.497 3913-4386/? D/ConnectivityService: Network NetworkAgentInfo [WIFI () - 519] was already satisfying request 2963. No change.
2021-07-10 17:52:37.497 3913-4386/? D/ConnectivityService: Network NetworkAgentInfo [WIFI () - 519] was already satisfying request 1. No change.
2021-07-10 17:52:37.497 4519-4673/? D/NetworkController: onReceive: intent=Intent { act=android.net.wifi.RSSI_CHANGED flg=0x4000010 launchParam=MultiScreenLaunchParams { mDisplayId=0 mBaseDisplayId=0 mFlags=0 } bqHint=1 (has extras) }
2021-07-10 17:52:37.497 3913-4386/? D/ConnectivityService:   checking if request is satisfied: NetworkRequest [ id=2822, legacyType=-1, [ Capabilities: INTERNET&NOT_RESTRICTED&TRUSTED] ]
2021-07-10 17:52:37.497 3913-4386/? D/ConnectivityService:   checking if request is satisfied: NetworkRequest [ id=3, legacyType=-1, [] ]
2021-07-10 17:52:37.498 3913-4386/? D/ConnectivityService:   checking if request is satisfied: NetworkRequest [ id=2842, legacyType=-1, [ Capabilities: INTERNET&NOT_RESTRICTED&TRUSTED] ]
2021-07-10 17:52:37.498 3913-4386/? D/ConnectivityService:   checking if request is satisfied: NetworkRequest [ id=2964, legacyType=-1, [ Capabilities: INTERNET&NOT_RESTRICTED&TRUSTED] ]
2021-07-10 17:52:37.498 3913-4386/? D/ConnectivityService:   checking if request is satisfied: NetworkRequest [ id=7, legacyType=-1, [ Transports: CELLULAR Capabilities: INTERNET&NOT_RESTRICTED&TRUSTED&NOT_VPN] ]
2021-07-10 17:52:37.498 3913-4386/? D/ConnectivityService:   checking if request is satisfied: NetworkRequest [ id=4, legacyType=-1, [] ]
2021-07-10 17:52:37.498 3913-4386/? D/ConnectivityService: Network NetworkAgentInfo [WIFI () - 519] was already satisfying request 2977. No change.
2021-07-10 17:52:37.498 3913-4386/? D/ConnectivityService:   checking if request is satisfied: NetworkRequest [ id=3007, legacyType=-1, [ Capabilities: INTERNET&NOT_RESTRICTED&TRUSTED] ]
2021-07-10 17:52:37.498 3913-4386/? D/ConnectivityService:   checking if request is satisfied: NetworkRequest [ id=2974, legacyType=-1, [ Capabilities: INTERNET&NOT_RESTRICTED&TRUSTED] ]
2021-07-10 17:52:37.499 3913-4386/? D/ConnectivityService: notifyType CAP_CHANGED for NetworkAgentInfo [WIFI () - 519]
2021-07-10 17:52:37.499 3913-4386/? D/ConnectivityService:  sending notification for NetworkRequest [ id=1, legacyType=-1, [ Capabilities: INTERNET&NOT_RESTRICTED&TRUSTED&NOT_VPN] ]
2021-07-10 17:52:37.499 3913-4386/? D/ConnectivityService:  sending notification for NetworkRequest [ id=3, legacyType=-1, [] ]
2021-07-10 17:52:37.499 3913-4386/? D/ConnectivityService: sending notification CAP_CHANGED for NetworkRequest [ id=3, legacyType=-1, [] ]
2021-07-10 17:52:37.499 3913-4386/? D/ConnectivityService:  sending notification for NetworkRequest [ id=4, legacyType=-1, [] ]
2021-07-10 17:52:37.499 3913-4386/? D/ConnectivityService: sending notification CAP_CHANGED for NetworkRequest [ id=4, legacyType=-1, [] ]
2021-07-10 17:52:37.500 3913-4386/? D/ConnectivityService:  sending notification for NetworkRequest [ id=5, legacyType=-1, [ Transports: WIFI Capabilities: INTERNET&NOT_RESTRICTED&TRUSTED&NOT_VPN] ]
2021-07-10 17:52:37.500 3913-4386/? D/ConnectivityService: sending notification CAP_CHANGED for NetworkRequest [ id=5, legacyType=-1, [ Transports: WIFI Capabilities: INTERNET&NOT_RESTRICTED&TRUSTED&NOT_VPN] ]
2021-07-10 17:52:37.501 3913-4386/? D/ConnectivityService:  sending notification for NetworkRequest [ id=6, legacyType=-1, [ Transports: WIFI Capabilities: INTERNET&NOT_RESTRICTED&TRUSTED&NOT_VPN] ]
2021-07-10 17:52:37.501 3913-4386/? D/ConnectivityService: sending notification CAP_CHANGED for NetworkRequest [ id=6, legacyType=-1, [ Transports: WIFI Capabilities: INTERNET&NOT_RESTRICTED&TRUSTED&NOT_VPN] ]
2021-07-10 17:52:37.501 3913-4386/? D/ConnectivityService:  sending notification for NetworkRequest [ id=8, legacyType=-1, [ Transports: WIFI Capabilities: INTERNET&NOT_RESTRICTED&TRUSTED&NOT_VPN] ]
2021-07-10 17:52:37.501 3913-4386/? D/ConnectivityService: sending notification CAP_CHANGED for NetworkRequest [ id=8, legacyType=-1, [ Transports: WIFI Capabilities: INTERNET&NOT_RESTRICTED&TRUSTED&NOT_VPN] ]
2021-07-10 17:52:37.502 3913-4386/? D/ConnectivityService:  sending notification for NetworkRequest [ id=9, legacyType=-1, [ Transports: CELLULAR|WIFI Capabilities: NOT_RESTRICTED&TRUSTED&NOT_VPN] ]
2021-07-10 17:52:37.502 3913-4386/? D/ConnectivityService: sending notification CAP_CHANGED for NetworkRequest [ id=9, legacyType=-1, [ Transports: CELLULAR|WIFI Capabilities: NOT_RESTRICTED&TRUSTED&NOT_VPN] ]
2021-07-10 17:52:37.502 3913-4386/? D/ConnectivityService:  sending notification for NetworkRequest [ id=2783, legacyType=-1, [ Capabilities: INTERNET&NOT_RESTRICTED&TRUSTED] ]
2021-07-10 17:52:37.502 3913-4386/? D/ConnectivityService: sending notification CAP_CHANGED for NetworkRequest [ id=2783, legacyType=-1, [ Capabilities: INTERNET&NOT_RESTRICTED&TRUSTED] ]
2021-07-10 17:52:37.503 3913-4386/? D/ConnectivityService:  sending notification for NetworkRequest [ id=2804, legacyType=-1, [ Capabilities: NOT_RESTRICTED] ]
2021-07-10 17:52:37.503 3913-4386/? D/ConnectivityService: sending notification CAP_CHANGED for NetworkRequest [ id=2804, legacyType=-1, [ Capabilities: NOT_RESTRICTED] ]
2021-07-10 17:52:37.503 3913-4386/? D/ConnectivityService:  sending notification for NetworkRequest [ id=2822, legacyType=-1, [ Capabilities: INTERNET&NOT_RESTRICTED&TRUSTED] ]
2021-07-10 17:52:37.503 3913-4386/? D/ConnectivityService: sending notification CAP_CHANGED for NetworkRequest [ id=2822, legacyType=-1, [ Capabilities: INTERNET&NOT_RESTRICTED&TRUSTED] ]
2021-07-10 17:52:37.504 3913-4386/? D/ConnectivityService:  sending notification for NetworkRequest [ id=2842, legacyType=-1, [ Capabilities: INTERNET&NOT_RESTRICTED&TRUSTED] ]
2021-07-10 17:52:37.504 3913-4386/? D/ConnectivityService: sending notification CAP_CHANGED for NetworkRequest [ id=2842, legacyType=-1, [ Capabilities: INTERNET&NOT_RESTRICTED&TRUSTED] ]
2021-07-10 17:52:37.504 3913-4386/? D/ConnectivityService:  sending notification for NetworkRequest [ id=2852, legacyType=-1, [ Capabilities: INTERNET&NOT_RESTRICTED&TRUSTED] ]
2021-07-10 17:52:37.504 3913-4386/? D/ConnectivityService: sending notification CAP_CHANGED for NetworkRequest [ id=2852, legacyType=-1, [ Capabilities: INTERNET&NOT_RESTRICTED&TRUSTED] ]
2021-07-10 17:52:37.505 3913-4386/? D/ConnectivityService:  sending notification for NetworkRequest [ id=2893, legacyType=-1, [ Capabilities: INTERNET&NOT_RESTRICTED&TRUSTED&NOT_VPN] ]
2021-07-10 17:52:37.505 3913-4386/? D/ConnectivityService: sending notification CAP_CHANGED for NetworkRequest [ id=2893, legacyType=-1, [ Capabilities: INTERNET&NOT_RESTRICTED&TRUSTED&NOT_VPN] ]
2021-07-10 17:52:37.505 3913-4386/? D/ConnectivityService:  sending notification for NetworkRequest [ id=2903, legacyType=-1, [ Capabilities: INTERNET&NOT_RESTRICTED&TRUSTED] ]
2021-07-10 17:52:37.506 3913-4386/? D/ConnectivityService: sending notification CAP_CHANGED for NetworkRequest [ id=2903, legacyType=-1, [ Capabilities: INTERNET&NOT_RESTRICTED&TRUSTED] ]
2021-07-10 17:52:37.506 3913-4386/? D/ConnectivityService:  sending notification for NetworkRequest [ id=2963, legacyType=-1, [ Capabilities: INTERNET&NOT_RESTRICTED&TRUSTED&NOT_VPN] ]
2021-07-10 17:52:37.506 3913-4386/? D/ConnectivityService: sending notification CAP_CHANGED for NetworkRequest [ id=2963, legacyType=-1, [ Capabilities: INTERNET&NOT_RESTRICTED&TRUSTED&NOT_VPN] ]
2021-07-10 17:52:37.507 3913-4386/? D/ConnectivityService:  sending notification for NetworkRequest [ id=2964, legacyType=-1, [ Capabilities: INTERNET&NOT_RESTRICTED&TRUSTED] ]
2021-07-10 17:52:37.507 3913-4386/? D/ConnectivityService: sending notification CAP_CHANGED for NetworkRequest [ id=2964, legacyType=-1, [ Capabilities: INTERNET&NOT_RESTRICTED&TRUSTED] ]
2021-07-10 17:52:37.507 3913-4386/? D/ConnectivityService:  sending notification for NetworkRequest [ id=2972, legacyType=-1, [ Capabilities: INTERNET&NOT_RESTRICTED&TRUSTED] ]
2021-07-10 17:52:37.507 3913-4386/? D/ConnectivityService: sending notification CAP_CHANGED for NetworkRequest [ id=2972, legacyType=-1, [ Capabilities: INTERNET&NOT_RESTRICTED&TRUSTED] ]
2021-07-10 17:52:37.509 3913-4386/? D/ConnectivityService:  sending notification for NetworkRequest [ id=2973, legacyType=-1, [ Capabilities: INTERNET&NOT_RESTRICTED&TRUSTED] ]
2021-07-10 17:52:37.509 3913-4386/? D/ConnectivityService: sending notification CAP_CHANGED for NetworkRequest [ id=2973, legacyType=-1, [ Capabilities: INTERNET&NOT_RESTRICTED&TRUSTED] ]
2021-07-10 17:52:37.509 3913-4386/? D/ConnectivityService:  sending notification for NetworkRequest [ id=2974, legacyType=-1, [ Capabilities: INTERNET&NOT_RESTRICTED&TRUSTED] ]
2021-07-10 17:52:37.510 3913-4386/? D/ConnectivityService: sending notification CAP_CHANGED for NetworkRequest [ id=2974, legacyType=-1, [ Capabilities: INTERNET&NOT_RESTRICTED&TRUSTED] ]
2021-07-10 17:52:37.510 3913-4386/? D/ConnectivityService:  sending notification for NetworkRequest [ id=2976, legacyType=-1, [ Capabilities: INTERNET&NOT_RESTRICTED&TRUSTED&NOT_VPN] ]
2021-07-10 17:52:37.510 3913-4386/? D/ConnectivityService: sending notification CAP_CHANGED for NetworkRequest [ id=2976, legacyType=-1, [ Capabilities: INTERNET&NOT_RESTRICTED&TRUSTED&NOT_VPN] ]
2021-07-10 17:52:37.511 4519-4519/? E/SignalClusterView: setSlotFocusVisible : subId 1
2021-07-10 17:52:37.511 4519-4519/? E/SignalClusterView: setSlotFocusVisible : subId 1
2021-07-10 17:52:37.512 3913-4386/? D/ConnectivityService:  sending notification for NetworkRequest [ id=2977, legacyType=-1, [ Capabilities: INTERNET&NOT_RESTRICTED&TRUSTED&NOT_VPN] ]
2021-07-10 17:52:37.512 3913-4386/? D/ConnectivityService: sending notification CAP_CHANGED for NetworkRequest [ id=2977, legacyType=-1, [ Capabilities: INTERNET&NOT_RESTRICTED&TRUSTED&NOT_VPN] ]
2021-07-10 17:52:37.514 3913-4386/? D/ConnectivityService:  sending notification for NetworkRequest [ id=3003, legacyType=-1, [ Capabilities: INTERNET&NOT_RESTRICTED&TRUSTED] ]
2021-07-10 17:52:37.514 3913-4386/? D/ConnectivityService: sending notification CAP_CHANGED for NetworkRequest [ id=3003, legacyType=-1, [ Capabilities: INTERNET&NOT_RESTRICTED&TRUSTED] ]
2021-07-10 17:52:37.514 3913-4386/? D/ConnectivityService:  sending notification for NetworkRequest [ id=3007, legacyType=-1, [ Capabilities: INTERNET&NOT_RESTRICTED&TRUSTED] ]
2021-07-10 17:52:37.515 3913-4386/? D/ConnectivityService: sending notification CAP_CHANGED for NetworkRequest [ id=3007, legacyType=-1, [ Capabilities: INTERNET&NOT_RESTRICTED&TRUSTED] ]
2021-07-10 17:52:37.515 3913-4386/? D/ConnectivityService:  sending notification for NetworkRequest [ id=3009, legacyType=-1, [ Transports: WIFI Capabilities: NOT_RESTRICTED&TRUSTED&NOT_VPN] ]
2021-07-10 17:52:37.516 3913-4386/? D/ConnectivityService: sending notification CAP_CHANGED for NetworkRequest [ id=3009, legacyType=-1, [ Transports: WIFI Capabilities: NOT_RESTRICTED&TRUSTED&NOT_VPN] ]
2021-07-10 17:52:37.549 3913-3913/? D/WifiTrafficPoller: notifyOnDataActivity() - mBusMaxLock.acquire()
2021-07-10 17:52:37.723 2383-9225/? I/display: [PrimaryDisplay] [DYNAMIC_RECOMP] HWC_2_GLES by low FPS(3)
2021-07-10 17:52:37.726 2383-2383/? I/display: [PrimaryDisplay] [DYNAMIC_RECOMP] GLES_2_HWC by high FPS(5)
2021-07-10 17:52:37.838 2208-2265/? E/nightwatch-target: lmkd signal waiters
2021-07-10 17:52:37.887 3588-3710/? E/nightwatch-target: lmkd signal waiters
2021-07-10 17:52:37.970 5106-5106/? D/io_stats: !@ 179,0 r 18629072 396464233 w 3053630 51218700 d 459421 20283832 f 699462 699158 iot 11649620 11182946 th 51200 0 0 pt 0 inp 0 0 199339.210
2021-07-10 17:52:38.024 2383-9225/? I/display: [PrimaryDisplay] [DYNAMIC_RECOMP] HWC_2_GLES by low FPS(3)
2021-07-10 17:52:38.026 2383-2383/? I/display: [PrimaryDisplay] [DYNAMIC_RECOMP] GLES_2_HWC by high FPS(8)
2021-07-10 17:52:38.324 2383-9225/? I/display: [PrimaryDisplay] [DYNAMIC_RECOMP] HWC_2_GLES by low FPS(0)
2021-07-10 17:52:38.338 2208-2265/? E/nightwatch-target: lmkd signal waiters
2021-07-10 17:52:38.387 3588-3710/? E/nightwatch-target: lmkd signal waiters
2021-07-10 17:52:38.393 3913-6138/? D/BatteryService: !@BatteryListener : batteryPropertiesChanged!
2021-07-10 17:52:38.393 3913-6138/? D/BatteryService: level:95, scale:100, status:2, health:2, present:true, voltage: 4180, temperature: 347, technology: Li-ion, AC powered:false, USB powered:true, POGO powered:false, Wireless powered:false, icon:17303723, invalid charger:0, maxChargingCurrent:0, maxChargingVoltage:0, chargeCounter:0
2021-07-10 17:52:38.393 3913-6138/? D/BatteryService: online:4, current avg:0, charge type:1, power sharing:false, high voltage charger:false, capacity:280000, batterySWSelfDischarging:false, misc_event:0, current_event:0, current_now:374
2021-07-10 17:52:38.393 3913-3913/? D/BatteryService: Sending ACTION_BATTERY_CHANGED.
2021-07-10 17:52:38.395 2383-2383/? I/display: [PrimaryDisplay] [DYNAMIC_RECOMP] first frame after HWC_2_GLES
2021-07-10 17:52:38.395 2383-2383/? I/display: [PrimaryDisplay] [DYNAMIC_RECOMP] GLES_2_HWC by high FPS(5)
2021-07-10 17:52:38.396 3913-3913/? D/SamsungPhoneWindowManager: ACTION_BATTERY_CHANGED - Level :: 95, battStatus :: 2
2021-07-10 17:52:38.398 4519-4519/? D/KeyguardUpdateMonitor: received broadcast android.intent.action.BATTERY_CHANGED
2021-07-10 17:52:38.398 4519-4519/? D/KeyguardUpdateMonitor: handleBatteryUpdate
2021-07-10 17:52:38.402 4519-4519/? D/PowerUI: showing power sharing dialogfalse
2021-07-10 17:52:38.402 4519-4519/? D/PowerUI: priorPlugType = 2 mPlugType =  2
2021-07-10 17:52:38.402 4519-4519/? D/PowerUI.Notification: Charging estimate time is not supported and connected cable is not a fast/slow charger, so return!
2021-07-10 17:52:38.404 4519-4519/? D/BatteryMeterDrawable: isSomethingChanged - false
2021-07-10 17:52:38.404 4519-4519/? D/BatteryMeterDrawable: isSomethingChanged - false
2021-07-10 17:52:38.405 4519-4519/? D/BatteryController: onReceive - ACTION_BATTERY_CHANGED : mLevel = 95
2021-07-10 17:52:38.408 9111-9111/? D/PowerPlanningReceiver: onReceive : android.intent.action.BATTERY_CHANGED
2021-07-10 17:52:38.408 9111-9111/? D/PowerPlanningReceiver: ACTION_BAT_MAN_BATTERY_CHANGED = com.samsung.android.app.powerplanning.service.PowerPlanningService@32ef8d3
2021-07-10 17:52:38.410 9111-9111/? D/com.samsung.android.app.powerplanning.utils.BatteryUtils: getUpsTime Actual Battery values are used 4441
2021-07-10 17:52:38.410 9111-9111/? D/PowerPlanningReceiver: Battery update received, Percentage: 95, UPS hours: 4441
2021-07-10 17:52:38.551 3913-3913/? D/WifiTrafficPoller: notifyOnDataActivity() - mBusMaxLock.acquire()
2021-07-10 17:52:38.839 2208-2265/? E/nightwatch-target: lmkd signal waiters
2021-07-10 17:52:38.888 3588-3710/? E/nightwatch-target: lmkd signal waiters
2021-07-10 17:52:38.896 2383-2383/? I/display: [PrimaryDisplay] [DYNAMIC_RECOMP] HWC_2_GLES by low FPS(3)
2021-07-10 17:52:39.340 2208-2265/? E/nightwatch-target: lmkd signal waiters
2021-07-10 17:52:39.388 3588-3710/? E/nightwatch-target: lmkd signal waiters
2021-07-10 17:52:39.397 2383-2383/? I/display: [PrimaryDisplay] [DYNAMIC_RECOMP] first frame after HWC_2_GLES
2021-07-10 17:52:39.397 2383-2383/? I/display: [PrimaryDisplay] [DYNAMIC_RECOMP] GLES_2_HWC by high FPS(5)
2021-07-10 17:52:39.554 3913-3913/? D/WifiTrafficPoller: notifyOnDataActivity() - mBusMaxLock.acquire()
