2021-07-10 17:54:09.263 4519-9467/? D/KeyguardUpdateMonitor: broadcasted intent= Intent { act=com.samsung.keyguard.KEYGUARD_STATE_UPDATE launchParam=MultiScreenLaunchParams { mDisplayId=0 mBaseDisplayId=0 mFlags=0 } (has extras) }
2021-07-10 17:54:09.264 3913-3913/? D/GlobalActions: mBroadcastReceiver : onReceive : com.samsung.keyguard.KEYGUARD_STATE_UPDATE
2021-07-10 17:54:09.267 4519-4519/? D/ViewRootImpl@70b6e56[Bouncer]: MSG_RESIZED_REPORT: frame=Rect(0, 0 - 720, 1280) ci=Rect(0, 48 - 0, 0) vi=Rect(0, 48 - 0, 0) or=1
2021-07-10 17:54:09.267 4519-4519/? D/ViewRootImpl@70b6e56[Bouncer]: MSG_WINDOW_FOCUS_CHANGED 1
2021-07-10 17:54:09.267 4519-4519/? D/ViewRootImpl@70b6e56[Bouncer]: mHardwareRenderer.initializeIfNeeded()#2 mSurface={isValid=true -1022373888}
2021-07-10 17:54:09.268 3913-15483/? V/WindowManager: Relayout Window{f676c09d0 u0 Bouncer}: viewVisibility=0 req=720x1280 WM.LayoutParams{(0,0)(fillxfill) gr=#30 sim=#10 ty=2014 fl=#81020142 fmt=-3 or=5 vsysui=0x200600 if=0x4 userActivityTimeout=10000 screenDimDuration=0 naviIconColor=0 sfl=0x40000}
2021-07-10 17:54:09.270 3913-3944/? D/WindowManager: set systemUiVisibility of statusbar : systemUiFlags= 0x200608 fullscreenStackSysUiFlag= 0x0
2021-07-10 17:54:09.272 4519-4519/? D/ViewRootImpl@70b6e56[Bouncer]: Relayout returned: oldFrame=[0,0][720,1280] newFrame=[0,0][720,1280] result=0x1 surface={isValid=true -1022373888} surfaceGenerationChanged=false
2021-07-10 17:54:09.280 3913-27048/? D/WindowManager: finishDrawingWindow: Window{f676c09d0 u0 Bouncer} mDrawState=HAS_DRAWN
2021-07-10 17:54:09.281 4519-4519/? D/ViewRootImpl@622e18[StatusBar]: MSG_WINDOW_FOCUS_CHANGED 0
2021-07-10 17:54:09.285 4519-4519/? D/KeyguardViewMediator: handleKeyguardDoneDrawing
2021-07-10 17:54:09.285 3913-5363/? D/WindowManager: adjustSystemUiVisibilityLw : vis= 0x200608
2021-07-10 17:54:09.294 2383-2383/? D/SurfaceFlinger:   Display[0] configurations (* current):
        * 0: 720x1280, xdpi=294.967010, ydpi=306.716003, refresh=16666666
      numHwLayers=3, flags=00000000
        type   |  handle  | hint | flag | tr | blnd |   format    |     source crop (l,t,r,b)      |          frame         | name 
    -----------+----------+------+------+----+------+-------------+--------------------------------+------------------------+------
           HWC | e848c5a0 | 0000 | 0000 | 00 | 0105 | RGBA_8888   |    0.0,    0.0,  720.0, 1280.0 |    0,    0,  720, 1280 | StatusBar
           HWC | e848caa0 | 0000 | 0000 | 00 | 0105 | RGBA_8888   |    0.0,    0.0,  720.0, 1280.0 |    0,    0,  720, 1280 | Bouncer
     FB TARGET | e8304280 | 0000 | 0000 | 00 | 0105 | RGBA_8888   |    0.0,    0.0,  720.0, 1280.0 |    0,    0,  720, 1280 | HWC_FRAMEBUFFER_TARGET
2021-07-10 17:54:09.310 2383-2383/? I/display: [PrimaryDisplay] [DYNAMIC_RECOMP] HWC_2_GLES by low FPS(2)
2021-07-10 17:54:09.326 2383-2383/? I/display: [PrimaryDisplay] [DYNAMIC_RECOMP] first frame after HWC_2_GLES
2021-07-10 17:54:09.326 2383-2383/? I/display: [PrimaryDisplay] [DYNAMIC_RECOMP] GLES_2_HWC by high FPS(5)
2021-07-10 17:54:09.461 4448-4448/? I/wpa_supplicant: nl80211: Received scan results (1 BSSes)
2021-07-10 17:54:09.461 3772-4297/? D/Netd: Iface wlan0 link up
2021-07-10 17:54:09.461 3913-4447/? I/WifiHAL: even_loop info = 0xc9e8a800
2021-07-10 17:54:09.461 3913-4447/? I/WifiHAL: even_loop info = 0xc9e8a800
2021-07-10 17:54:09.461 3913-4447/? D/WifiHAL: internal_valid_message_handler, info = 0xc9e8a800
2021-07-10 17:54:09.461 3913-4447/? D/WifiHAL: event len = 188
2021-07-10 17:54:09.461 3913-4447/? I/WifiHAL: event received NL80211_CMD_NEW_SCAN_RESULTS
2021-07-10 17:54:09.461 3913-4447/? I/WifiHAL: Number of events 0
2021-07-10 17:54:09.461 3913-4447/? D/WifiHAL: nl_recvmsgs returned 0
2021-07-10 17:54:09.463 3913-3992/? D/Tethering: interfaceLinkStateChanged wlan0, true
2021-07-10 17:54:09.463 3913-4382/? D/SamsungAlarmManager: Cancel Alarm calling from uid:1000 pid :3913 / listener:android.app.AlarmManager$ListenerWrapper@56fbdca
2021-07-10 17:54:09.463 3913-3992/? D/Tethering: interfaceStatusChanged wlan0, true
2021-07-10 17:54:09.468 3913-3913/? D/WifiDefaultApController: checkDefaultAptoCopy: mNeedtoAddVendorAp( REQUEST_FROM_REBOOT ) general info file exists? ( false )
2021-07-10 17:54:09.470 4923-4944/? D/EventHandler_FLP: WIFI_SCAN_RESULTS
2021-07-10 17:54:09.472 3913-4935/? D/TelephonyManager: getCellLocation : Caller (PID / UID / TID): 3913 / 1000 / 4935
2021-07-10 17:54:09.695 3588-3710/? E/nightwatch-target: lmkd signal waiters
2021-07-10 17:54:09.695 2208-2265/? E/nightwatch-target: lmkd signal waiters
2021-07-10 17:54:09.746 3913-4332/? D/InputReader: Input event(3): value=1 when=199430988616000
2021-07-10 17:54:09.747 3913-4332/? I/InputReader: Touch event's action is 0x0 (deviceType=0) [pCnt=1, s=0.34471 ] when=199430988616000
2021-07-10 17:54:09.747 3913-4331/? I/InputDispatcher: Delivering touch to (4519): action: 0x0, toolType: 1
2021-07-10 17:54:09.747 4519-4519/? D/ViewRootImpl@70b6e56[Bouncer]: ViewPostImeInputStage processPointer 0
2021-07-10 17:54:09.748 3913-5362/? D/PowerManagerService: [api] [s] userActivity : event: 0 flags: 0 (uid: 10048 pid: 4519) eventTime = 199430990
2021-07-10 17:54:09.760 4519-4519/? D/StatusBarWindowManager: getUserActivityTimeout()10000
2021-07-10 17:54:09.830 3913-4459/? E/lights: write_int failed to open -1
2021-07-10 17:54:09.877 3913-15484/? D/PowerManagerService: [api] [s] userActivity : event: 0 flags: 0 (uid: 10048 pid: 4519) eventTime = 199431118
2021-07-10 17:54:09.878 4519-4519/? D/StatusBarWindowManager: getUserActivityTimeout()10000
2021-07-10 17:54:09.944 3913-15480/? D/PowerManagerService: [api] [s] userActivity : event: 0 flags: 0 (uid: 10048 pid: 4519) eventTime = 199431185
2021-07-10 17:54:09.946 4519-4519/? D/StatusBarWindowManager: getUserActivityTimeout()10000
2021-07-10 17:54:10.090 3913-3913/? D/WifiTrafficPoller: notifyOnDataActivity() - mBusMaxLock.acquire()
2021-07-10 17:54:10.127 3913-5323/? D/PowerManagerService: [api] [s] userActivity : event: 0 flags: 0 (uid: 10048 pid: 4519) eventTime = 199431369
2021-07-10 17:54:10.129 4519-4519/? D/StatusBarWindowManager: getUserActivityTimeout()10000
2021-07-10 17:54:10.196 2208-2265/? E/nightwatch-target: lmkd signal waiters
2021-07-10 17:54:10.196 3588-3710/? E/nightwatch-target: lmkd signal waiters
2021-07-10 17:54:10.330 3913-4332/? D/InputReader: Input event(3): value=0 when=199431572286000
2021-07-10 17:54:10.330 3913-4332/? I/InputReader: Touch event's action is 0x1 (deviceType=0) [pCnt=1, s=] when=199431572286000
2021-07-10 17:54:10.330 3913-4331/? I/InputDispatcher: Delivering touch to (4519): action: 0x1, toolType: 1
2021-07-10 17:54:10.331 4519-4519/? D/ViewRootImpl@70b6e56[Bouncer]: ViewPostImeInputStage processPointer 1
2021-07-10 17:54:10.331 4519-4519/? E/SecurityPatternView: onPatternDetected
2021-07-10 17:54:10.332 3913-7145/? D/CustomFrequencyManagerService: acquireDVFSLockLocked : type : DVFS_MIN_LIMIT  frequency : 757000  uid : 1000  pid : 3913  pkgName : GESTURE_DETECTED@CPU_MIN@52
2021-07-10 17:54:10.332 3913-15481/? D/PowerManagerService: [api] [s] userActivity : event: 0 flags: 0 (uid: 10048 pid: 4519) eventTime = 199431574
2021-07-10 17:54:10.333 4519-4519/? D/StatusBarWindowManager: getUserActivityTimeout()10000
2021-07-10 17:54:10.336 3778-3778/? I/TlcTeeGatekeeper: teeResult_t TEE_Verify(uint32_t, uint64_t, const uint8_t *, uint32_t, const uint8_t *, uint32_t, uint8_t **, uint32_t *, bool *, uint32_t *, const struct gatekeeper_device *):474 mcMap - current_password_handle
2021-07-10 17:54:10.342 3778-3778/? E/TlcTeeGatekeeper: TEE_GetKeyInfo(): TEE Gatekeeper trusted application returned: 0x00000003
2021-07-10 17:54:10.348 3778-3778/? D/gatekeeperd: update record for uid 0: failure_count=1, time_out=0)
2021-07-10 17:54:10.348 3778-3778/? D/gatekeeperd: verify ret = -1
2021-07-10 17:54:10.349 4519-4519/? E/LockPatternChecker: onChecked()
2021-07-10 17:54:10.349 4519-4519/? E/SecurityPatternView: onPatternChecked false / 0 / true / 0
2021-07-10 17:54:10.351 4519-4519/? V/KeyguardSecurityView: reportFailedUnlockAttempt   
     failedAttemptsBeforeWipe: 0
     mRemainingBeforeWipe  2147483647
     failedAttempts: 1
2021-07-10 17:54:10.366 4519-4519/? D/KnoxStateMonitor: MDM is not enabled...
2021-07-10 17:54:10.366 4519-14691/? D/KeyguardViewMediator: setKeyguardEnabled(true)
2021-07-10 17:54:10.369 3913-3913/? D/MountService: mPolicyReceiver :: 
2021-07-10 17:54:10.370 3913-3913/? W/MountService: hasDeviceRestriction: storage_itpolicy from_intent true
2021-07-10 17:54:10.371 3913-3992/? D/UsbDeviceManager: setEnabledFunctions functions=mtp,adb, forceRestart=false
2021-07-10 17:54:10.372 4313-4313/? E/MtpService: In MTPAPP onReceive:android.app.action.DEVICE_POLICY_MANAGER_STATE_CHANGED
2021-07-10 17:54:10.373 3913-3913/? W/MountService: hasDeviceRestriction: check is true
2021-07-10 17:54:10.374 3913-3913/? D/MountService: ApplyCurrentSdCardPolicy :: false
2021-07-10 17:54:10.375 3913-3992/? D/SecContentProvider: query(), uri = 17 selection = isUsbDebuggingEnabled
2021-07-10 17:54:10.376 3913-3992/? D/SecContentProvider: called from android.uid.system:1000
2021-07-10 17:54:10.376 3913-3992/? D/UsbDeviceManager: setEnabledFunctions mtp,adb
2021-07-10 17:54:10.376 3913-3913/? I/WifiDevicePolicyManager: onReceive android.app.action.DEVICE_POLICY_MANAGER_STATE_CHANGED
2021-07-10 17:54:10.377 3913-3913/? I/WifiDevicePolicyManager: Receive IP Policy Intent - policy changed : false User Switch : false
2021-07-10 17:54:10.377 3913-3913/? I/WifiDevicePolicyManager: handleSecurityPolicyMHS()   allowWifiAp (true)
2021-07-10 17:54:10.377 3913-3913/? D/Tethering: [ActiveSync] onReceive() ACTION_DEVICE_POLICY_MANAGER_STATE_CHANGED intent
2021-07-10 17:54:10.380 4519-4519/? D/KeyguardServiceBoxContainer: setExpandState() isExpand = false, mIsExpanded = false, mIsScreenTurnedOn = true
2021-07-10 17:54:10.381 4519-4519/? D/KeyguardFingerPrint: shouldListenForFingerprint ( fingerprint is not enabled. ) 
2021-07-10 17:54:10.381 4519-4519/? E/KeyguardFingerPrint: updateFingerprintListeningState#mFingerprintRunningState = 0
2021-07-10 17:54:10.381 4519-4519/? E/KeyguardFingerPrint: stopListeningForFingerprint()
2021-07-10 17:54:10.381 3913-3913/? D/Tethering: Current userid =0
2021-07-10 17:54:10.381 3913-3913/? D/Tethering: [ActiveSync] internet sharing is NOT blocked
2021-07-10 17:54:10.381 3913-3913/? D/Tethering: [ActiveSync] onReceive() Internet sharing is NOT banned any more.
2021-07-10 17:54:10.382 4519-4519/? D/KeyguardBottomAreaShortcutView: UpdateShortcutIcon, th : 1, enable : true, shouldDisableShortcut ? false, mUserSetupComplete ? true
2021-07-10 17:54:10.384 3913-3913/? D/PersonaManagerService: Received the DPM state change broadcast
2021-07-10 17:54:10.385 3913-4062/? D/PersonaManagerService: checkIfAdminHasBeenRemoved(0)
2021-07-10 17:54:10.387 4519-4519/? D/PhoneStatusBar/KeyguardBottomAreaView: updateCameraVisibility isCameraDisabled=false
2021-07-10 17:54:10.389 3913-3913/? I/KnoxKeyguardUpdateMonitor: onTrustManagedChanged user 0, managed:false
2021-07-10 17:54:10.389 3913-3913/? I/KnoxKeyguardUpdateMonitor: onTrustChanged user:0, enable:false
2021-07-10 17:54:10.389 3913-3913/? I/KnoxKeyguardUpdateMonitor: onTrustManagedChanged user 0, managed:false
2021-07-10 17:54:10.389 3913-3913/? I/KnoxKeyguardUpdateMonitor: onTrustChanged user:0, enable:false
2021-07-10 17:54:10.394 4519-4519/? D/FingerprintController: onStrongAuthStateChanged()
2021-07-10 17:54:10.395 4519-4519/? D/KeyguardBouncer: onStrongAuthStateChanged( change from 0 , to 0 )
2021-07-10 17:54:10.397 3913-4332/? D/InputReader: Input event(3): value=1 when=199431639371000
2021-07-10 17:54:10.397 3913-4332/? I/InputReader: Touch event's action is 0x0 (deviceType=0) [pCnt=1, s=0.34472 ] when=199431639371000
2021-07-10 17:54:10.397 3913-4331/? I/InputDispatcher: Delivering touch to (4519): action: 0x0, toolType: 1
2021-07-10 17:54:10.399 4519-4519/? D/ViewRootImpl@70b6e56[Bouncer]: ViewPostImeInputStage processPointer 0
2021-07-10 17:54:10.400 3913-5362/? D/PowerManagerService: [api] [s] userActivity : event: 0 flags: 0 (uid: 10048 pid: 4519) eventTime = 199431642
2021-07-10 17:54:10.405 4519-4519/? D/LockIcon: mCurrentState = 0, mLastState = 0, mDeviceInteractive = true, mLastDeviceInteractive = true, mScreenOn = true, mLastScreenOn = true,  force = false
2021-07-10 17:54:10.409 4519-4519/? D/LockIcon: mCurrentState = 0, mLastState = 0, mDeviceInteractive = true, mLastDeviceInteractive = true, mScreenOn = true, mLastScreenOn = true,  force = false
2021-07-10 17:54:10.411 2426-2426/? I/TrustAgent: onUnbind() set internal trust state to false [CONTEXT service_id=84 ]
2021-07-10 17:54:10.414 4519-4519/? D/StatusBarWindowManager: getUserActivityTimeout()10000
2021-07-10 17:54:10.423 2426-2426/? D/BoundBrokerSvc: onUnbind: Intent { act=com.google.android.gms.trustlet.bluetooth.service.BIND pkg=com.google.android.gms launchParam=MultiScreenLaunchParams { mDisplayId=0 mBaseDisplayId=0 mFlags=0 } }
2021-07-10 17:54:10.427 2426-2426/? W/TrustAgent: Trustlet Bluetooth attempted to change trust state when canProvideTrust state is false (ignored). [CONTEXT service_id=84 ]
2021-07-10 17:54:10.430 2426-2426/? D/BoundBrokerSvc: onUnbind: Intent { act=com.google.android.gms.trustlet.onbody.service.BIND pkg=com.google.android.gms launchParam=MultiScreenLaunchParams { mDisplayId=0 mBaseDisplayId=0 mFlags=0 } }
2021-07-10 17:54:10.435 2426-2426/? D/BoundBrokerSvc: onUnbind: Intent { act=com.google.android.gms.trustlet.place.service.BIND pkg=com.google.android.gms launchParam=MultiScreenLaunchParams { mDisplayId=0 mBaseDisplayId=0 mFlags=0 } }
2021-07-10 17:54:10.436 2426-2426/? W/TrustAgent: Trustlet Place attempted to change trust state when canProvideTrust state is false (ignored). [CONTEXT service_id=84 ]
2021-07-10 17:54:10.440 2426-2426/? D/BoundBrokerSvc: onUnbind: Intent { act=com.google.android.gms.trustlet.face.service.BIND pkg=com.google.android.gms launchParam=MultiScreenLaunchParams { mDisplayId=0 mBaseDisplayId=0 mFlags=0 } }
2021-07-10 17:54:10.444 3913-15483/? D/PowerManagerService: [api] [s] userActivity : event: 0 flags: 0 (uid: 10048 pid: 4519) eventTime = 199431686
2021-07-10 17:54:10.450 4519-4519/? D/StatusBarWindowManager: getUserActivityTimeout()10000
2021-07-10 17:54:10.480 4519-4519/? D/KeyguardServiceBoxContainer: updateExpandState() >> START >> isExpand = false, mIsExpanded = false
2021-07-10 17:54:10.480 4519-4519/? D/KeyguardServiceBoxContainer: updateExpandState() << END << same state
2021-07-10 17:54:10.528 3913-27048/? D/PowerManagerService: [api] [s] userActivity : event: 0 flags: 0 (uid: 10048 pid: 4519) eventTime = 199431770
2021-07-10 17:54:10.530 4519-4519/? D/StatusBarWindowManager: getUserActivityTimeout()10000
2021-07-10 17:54:10.581 3913-4332/? D/InputReader: Input event(3): value=0 when=199431822739000
2021-07-10 17:54:10.581 3913-4332/? I/InputReader: Touch event's action is 0x1 (deviceType=0) [pCnt=1, s=] when=199431822739000
2021-07-10 17:54:10.581 3913-4331/? I/InputDispatcher: Delivering touch to (4519): action: 0x1, toolType: 1
2021-07-10 17:54:10.581 4519-4519/? D/ViewRootImpl@70b6e56[Bouncer]: ViewPostImeInputStage processPointer 1
2021-07-10 17:54:10.581 4519-4519/? E/SecurityPatternView: onPatternDetected
2021-07-10 17:54:10.582 4519-4519/? E/SecurityPatternView: onPatternChecked false / 0 / false / 0
2021-07-10 17:54:10.582 3913-7145/? D/CustomFrequencyManagerService: acquireDVFSLockLocked : type : DVFS_MIN_LIMIT  frequency : 757000  uid : 1000  pid : 3913  pkgName : GESTURE_DETECTED@CPU_MIN@52
2021-07-10 17:54:10.697 3588-3710/? E/nightwatch-target: lmkd signal waiters
2021-07-10 17:54:10.697 2208-2265/? E/nightwatch-target: lmkd signal waiters
2021-07-10 17:54:11.032 3913-4332/? D/InputReader: Input event(3): value=1 when=199432274299000
2021-07-10 17:54:11.032 3913-4332/? I/InputReader: Touch event's action is 0x0 (deviceType=0) [pCnt=1, s=0.34473 ] when=199432274299000
2021-07-10 17:54:11.032 3913-4331/? I/InputDispatcher: Delivering touch to (4519): action: 0x0, toolType: 1
2021-07-10 17:54:11.033 4519-4519/? D/ViewRootImpl@70b6e56[Bouncer]: ViewPostImeInputStage processPointer 0
2021-07-10 17:54:11.033 3913-6146/? D/PowerManagerService: [api] [s] userActivity : event: 0 flags: 0 (uid: 10048 pid: 4519) eventTime = 199432275
2021-07-10 17:54:11.046 4519-4519/? D/StatusBarWindowManager: getUserActivityTimeout()10000
2021-07-10 17:54:11.091 3913-3913/? D/WifiTrafficPoller: notifyOnDataActivity() - mBusMaxLock.acquire()
2021-07-10 17:54:11.099 3913-4364/? I/WifiHAL: Creating message to get link statistics
2021-07-10 17:54:11.101 3913-4364/? D/WifiHAL: response_handler called
2021-07-10 17:54:11.101 3913-4364/? D/WifiHAL: event len = 1108
2021-07-10 17:54:11.101 3913-4364/? I/WifiHAL: In GetLinkStatsCommand::handleResponse
2021-07-10 17:54:11.101 3913-4364/? I/WifiHAL: Id = 0, subcmd = 0
2021-07-10 17:54:11.101 3913-4364/? D/wifi: onLinkStatsResults: radio_stat.on_time = 0
2021-07-10 17:54:11.101 3913-4364/? D/wifi: onLinkStatsResults: radio_stat.tx_time = 0
2021-07-10 17:54:11.101 3913-4364/? D/wifi: onLinkStatsResults: radio_stat.rx_time = 0
2021-07-10 17:54:11.101 3913-4364/? D/WifiHAL: ack_handler called
2021-07-10 17:54:11.101 3913-4364/? D/wifi: android_net_wifi_getLinkLayerStats: radio_stat.on_time = 0
2021-07-10 17:54:11.101 3913-4364/? D/wifi: android_net_wifi_getLinkLayerStats: radio_stat.tx_time = 0
2021-07-10 17:54:11.101 3913-4364/? D/wifi: android_net_wifi_getLinkLayerStats: radio_stat.rx_time = 0
2021-07-10 17:54:11.104 3913-4364/? D/WifiStateMachine: Current network is: "test2" , ID is: 3
2021-07-10 17:54:11.104 3913-4364/? D/WifiStateMachine: Current network is still qualified due to heavy traffic, txSuccessRate=3.0 rxSuccessRate=0.5
2021-07-10 17:54:11.163 3913-5358/? D/PowerManagerService: [api] [s] userActivity : event: 0 flags: 0 (uid: 10048 pid: 4519) eventTime = 199432405
2021-07-10 17:54:11.167 4519-4519/? D/StatusBarWindowManager: getUserActivityTimeout()10000
2021-07-10 17:54:11.197 3588-3710/? E/nightwatch-target: lmkd signal waiters
2021-07-10 17:54:11.197 2208-2265/? E/nightwatch-target: lmkd signal waiters
2021-07-10 17:54:11.230 3913-4996/? D/PowerManagerService: [api] [s] userActivity : event: 0 flags: 0 (uid: 10048 pid: 4519) eventTime = 199432471
2021-07-10 17:54:11.232 4519-4519/? D/StatusBarWindowManager: getUserActivityTimeout()10000
2021-07-10 17:54:11.303 3913-3913/? D/CustomFrequencyManagerService: releaseDVFSLockLocked : Getting Lock type frm List : DVFS_MIN_LIMIT  frequency : 757000  uid : 1000  pid : 3913  tag : GESTURE_DETECTED@CPU_MIN@52
2021-07-10 17:54:11.430 3913-5361/? D/PowerManagerService: [api] [s] userActivity : event: 0 flags: 0 (uid: 10048 pid: 4519) eventTime = 199432672
2021-07-10 17:54:11.433 4519-4519/? D/StatusBarWindowManager: getUserActivityTimeout()10000
2021-07-10 17:54:11.631 3913-6149/? D/PowerManagerService: [api] [s] userActivity : event: 0 flags: 0 (uid: 10048 pid: 4519) eventTime = 199432872
2021-07-10 17:54:11.635 4519-4519/? D/StatusBarWindowManager: getUserActivityTimeout()10000
2021-07-10 17:54:11.698 3588-3710/? E/nightwatch-target: lmkd signal waiters
2021-07-10 17:54:11.698 2208-2265/? E/nightwatch-target: lmkd signal waiters
2021-07-10 17:54:11.798 3913-4315/? D/PowerManagerService: [api] [s] userActivity : event: 0 flags: 0 (uid: 10048 pid: 4519) eventTime = 199433039
2021-07-10 17:54:11.802 4519-4519/? D/StatusBarWindowManager: getUserActivityTimeout()10000
2021-07-10 17:54:11.848 3913-5362/? D/PowerManagerService: [api] [s] userActivity : event: 0 flags: 0 (uid: 10048 pid: 4519) eventTime = 199433089
2021-07-10 17:54:11.850 4519-4519/? D/StatusBarWindowManager: getUserActivityTimeout()10000
2021-07-10 17:54:11.966 3913-4332/? D/InputReader: Input event(3): value=0 when=199433208620000
2021-07-10 17:54:11.966 3913-4332/? I/InputReader: Touch event's action is 0x1 (deviceType=0) [pCnt=1, s=] when=199433208620000
2021-07-10 17:54:11.967 3913-4331/? I/InputDispatcher: Delivering touch to (4519): action: 0x1, toolType: 1
2021-07-10 17:54:11.967 4519-4519/? D/ViewRootImpl@70b6e56[Bouncer]: ViewPostImeInputStage processPointer 1
2021-07-10 17:54:11.967 4519-4519/? E/SecurityPatternView: onPatternDetected
2021-07-10 17:54:11.968 3913-15480/? D/PowerManagerService: [api] [s] userActivity : event: 0 flags: 0 (uid: 10048 pid: 4519) eventTime = 199433210
2021-07-10 17:54:11.969 3913-7145/? D/CustomFrequencyManagerService: acquireDVFSLockLocked : type : DVFS_MIN_LIMIT  frequency : 757000  uid : 1000  pid : 3913  pkgName : GESTURE_DETECTED@CPU_MIN@52
2021-07-10 17:54:11.969 4519-4519/? D/StatusBarWindowManager: getUserActivityTimeout()10000
2021-07-10 17:54:11.972 3778-3778/? I/TlcTeeGatekeeper: teeResult_t TEE_Verify(uint32_t, uint64_t, const uint8_t *, uint32_t, const uint8_t *, uint32_t, uint8_t **, uint32_t *, bool *, uint32_t *, const struct gatekeeper_device *):474 mcMap - current_password_handle
2021-07-10 17:54:11.987 3778-3778/? D/gatekeeperd: update record for uid 0: failure_count=0, time_out=0)
2021-07-10 17:54:11.987 3778-3778/? D/gatekeeperd: verify ret = 0
2021-07-10 17:54:11.988 3761-3761/? I/keystore: calling unlock when already unlocked, ignoring.
2021-07-10 17:54:11.989 3913-15484/? D/EnterpriseSCEPPolicy: Start of unlock of keystore happened.
2021-07-10 17:54:11.989 3913-15484/? D/EnterpriseSCEPPolicy: End of unlock of keystore happened.
2021-07-10 17:54:11.989 3913-15484/? D/KnoxVpnEngineService: Start of unlock of keystore happened.
2021-07-10 17:54:11.989 3913-15484/? D/KnoxVpnEngineService: End of unlock of keystore happened.
2021-07-10 17:54:11.989 3913-15484/? I/LockSettingsService: Unlocking user 0 with token length 69
2021-07-10 17:54:11.990 3913-15484/? D/LockSettingsService: unlockUser begin
2021-07-10 17:54:11.990 3913-15484/? D/LockSettingsService: unlockUser finished
2021-07-10 17:54:11.990 3913-15484/? W/ActivityManager: Expected user 0 in state RUNNING_LOCKED but was in state RUNNING_UNLOCKED
2021-07-10 17:54:11.990 3913-15484/? D/LockSettingsService: unlockUser end
2021-07-10 17:54:11.990 3913-15484/? D/LockSettingsService: getKeyType :: 1 --> 1
2021-07-10 17:54:11.991 3913-9472/? D/LockSettingsService.SdpHandler: unlock :: Unlocking user 0, type : PWD
2021-07-10 17:54:11.991 3913-15484/? D/CryptdConnector: SND -> {429 cryptfs setpw_for_ext [scrubbed]}
2021-07-10 17:54:11.992 2297-2354/? D/VoldCryptCmdListener: cryptfs_set_password_for_external
2021-07-10 17:54:11.992 3913-4336/? D/CryptdConnector: RCV <- {200 429 0}
2021-07-10 17:54:11.993 4519-9470/? E/LockPatternUtils: checkPattern() : RESPONSE_OK
2021-07-10 17:54:11.993 4519-4519/? E/LockPatternChecker: onChecked()
2021-07-10 17:54:11.993 4519-4519/? E/SecurityPatternView: onPatternChecked true / 0 / true / 0
2021-07-10 17:54:11.994 3913-9472/? D/LockSettingsService.SdpHandler: isPwdChangeRequested :: false
2021-07-10 17:54:11.994 3913-9472/? D/SdpManagerService: unlock :: Internal... 0
2021-07-10 17:54:11.995 3913-9472/? D/SdpManagerService: SecureUnlock :: User : 0, Type : 1
2021-07-10 17:54:11.995 3913-9472/? D/SdpManagerService: SecureUnlock :: Not applicable... Skip secure unlock... 0
2021-07-10 17:54:11.995 3913-9472/? D/SdpManagerService: unlock :: onDeviceUnLocked found ECMK 0
2021-07-10 17:54:11.995 3913-9472/? I/KeyManagementUtil: retrieveCMK :: Inside
2021-07-10 17:54:11.995 3913-9472/? D/KeyManagementUtil: verifyKEK :: Inside
2021-07-10 17:54:11.995 3913-9472/? D/KeyManagementUtil: SND -> {keymanagement_cmd verify_kek}
2021-07-10 17:54:11.995 3752-3786/? D/SDP_JNI_SKMM2:  [sdp] CALL - VerifyKEK..... 
2021-07-10 17:54:11.996 3752-3786/? D/SDP_JNI_SKMM2: verifyKEK ..... 
2021-07-10 17:54:11.996 3752-3786/? D/SDP_JNI_SKMM2: verifyKEK :: id=0, type=PWD
2021-07-10 17:54:11.996 3752-3786/? E/SDP_DAEMON_SKMM2: int __read_payload(int, void *, size_t)(size:660)
2021-07-10 17:54:11.996 3752-3786/? E/SKMM_v2.0_Mobicore_Helper: InitMode: 0
2021-07-10 17:54:11.996 3752-3786/? I/TeeDriverClient: driver client open [hardware/samsung_slsi/exynos7570/mobicore/ClientLib/src/driver_client.cpp:103]
2021-07-10 17:54:11.996 3752-3786/? D/SKMM_v2.0_Mobicore_Helper: Try Trustlet Open Session
2021-07-10 17:54:12.006 3913-3992/? D/UsbDeviceManager: setEnabledFunctions functions=mtp,adb, forceRestart=false
2021-07-10 17:54:12.006 3913-3992/? D/SecContentProvider: query(), uri = 17 selection = isUsbDebuggingEnabled
2021-07-10 17:54:12.007 4519-5075/? D/KeyguardViewMediator: setKeyguardEnabled(true)
2021-07-10 17:54:12.008 3913-3992/? D/SecContentProvider: called from android.uid.system:1000
2021-07-10 17:54:12.008 3913-3992/? D/UsbDeviceManager: setEnabledFunctions mtp,adb
2021-07-10 17:54:12.012 3913-3913/? W/ResourceType: ResTable_typeSpec entry count inconsistent: given 67, previously 69
2021-07-10 17:54:12.013 3913-3913/? W/ResourceType: ResTable_typeSpec entry count inconsistent: given 67, previously 69
2021-07-10 17:54:12.014 4313-4313/? E/MtpService: In MTPAPP onReceive:android.app.action.DEVICE_POLICY_MANAGER_STATE_CHANGED
2021-07-10 17:54:12.022 3752-3786/? I/SDP_DAEMON_SKMM2: Initialized Successfully(0)
2021-07-10 17:54:12.034 4519-4519/? D/KeyguardSecurityView: showNextSecurityScreenOrFinish(true)
2021-07-10 17:54:12.034 4519-4519/? D/KeyguardViewMediator: keyguardDone(true)
2021-07-10 17:54:12.034 3913-4997/? D/PowerManagerService: [api] [s] userActivity : event: 0 flags: 0 (uid: 10048 pid: 4519) eventTime = 199433276
2021-07-10 17:54:12.035 3913-6148/? D/CustomFrequencyManagerService: acquireDVFSLockLocked : type : DVFS_MIN_LIMIT  frequency : 676000  uid : 1000  pid : 3913  pkgName : UNLOCKSCREEN_BOOSTER@2
2021-07-10 17:54:12.039 3913-3943/? W/BroadcastQueue: Permission Denial: broadcasting Intent { act=com.samsung.android.providers.context.log.action.USE_APP_FEATURE_SURVEY flg=0x10 pkg=com.samsung.android.providers.context launchParam=MultiScreenLaunchParams { mDisplayId=0 mBaseDisplayId=0 mFlags=0 } (has extras) } from com.android.systemui (pid=4519, uid=10048) requires com.samsung.android.providers.context.permission.WRITE_USE_APP_FEATURE_SURVEY due to receiver com.samsung.android.providers.context/.SurveyLogBroadcastReceiver
2021-07-10 17:54:12.043 4519-4519/? D/KeyguardServiceBoxContainer: setExpandState() isExpand = false, mIsExpanded = false, mIsScreenTurnedOn = true
2021-07-10 17:54:12.045 4519-4519/? D/KeyguardViewMediator: handleKeyguardDone
2021-07-10 17:54:12.048 3913-3913/? D/MountService: mPolicyReceiver :: 
2021-07-10 17:54:12.048 3913-3913/? W/MountService: hasDeviceRestriction: storage_itpolicy from_intent true
2021-07-10 17:54:12.048 3913-3913/? W/MountService: hasDeviceRestriction: check is true
2021-07-10 17:54:12.049 3913-3913/? D/MountService: ApplyCurrentSdCardPolicy :: false
2021-07-10 17:54:12.049 3913-3913/? I/WifiDevicePolicyManager: onReceive android.app.action.DEVICE_POLICY_MANAGER_STATE_CHANGED
2021-07-10 17:54:12.049 3913-3913/? I/WifiDevicePolicyManager: Receive IP Policy Intent - policy changed : false User Switch : false
2021-07-10 17:54:12.049 3913-3913/? I/WifiDevicePolicyManager: handleSecurityPolicyMHS()   allowWifiAp (true)
2021-07-10 17:54:12.049 3913-3913/? D/Tethering: [ActiveSync] onReceive() ACTION_DEVICE_POLICY_MANAGER_STATE_CHANGED intent
2021-07-10 17:54:12.049 3913-3913/? D/Tethering: Current userid =0
2021-07-10 17:54:12.049 3913-3913/? D/Tethering: [ActiveSync] internet sharing is NOT blocked
2021-07-10 17:54:12.049 3913-3913/? D/Tethering: [ActiveSync] onReceive() Internet sharing is NOT banned any more.
2021-07-10 17:54:12.050 3913-3913/? D/PersonaManagerService: Received the DPM state change broadcast
2021-07-10 17:54:12.050 3913-4062/? D/PersonaManagerService: checkIfAdminHasBeenRemoved(0)
2021-07-10 17:54:12.054 4519-4519/? D/KeyguardViewMediator: handleHide
2021-07-10 17:54:12.055 4519-4519/? D/KeyguardFingerPrint: shouldListenForFingerprint ( fingerprint is not enabled. ) 
2021-07-10 17:54:12.055 4519-4519/? E/KeyguardFingerPrint: updateFingerprintListeningState#mFingerprintRunningState = 0
2021-07-10 17:54:12.055 4519-4519/? E/KeyguardFingerPrint: stopListeningForFingerprint()
2021-07-10 17:54:12.057 4519-4519/? D/KeyguardBottomAreaShortcutView: UpdateShortcutIcon, th : 1, enable : true, shouldDisableShortcut ? false, mUserSetupComplete ? true
2021-07-10 17:54:12.061 4519-4519/? D/PhoneStatusBar/KeyguardBottomAreaView: updateCameraVisibility isCameraDisabled=false
2021-07-10 17:54:12.088 2426-2426/? I/TrustAgent: registerTrustlet: Bluetooth [CONTEXT service_id=84 ]
2021-07-10 17:54:12.088 2426-2426/? D/BoundBrokerSvc: onRebind: Intent { act=com.google.android.gms.trustlet.bluetooth.service.BIND pkg=com.google.android.gms launchParam=MultiScreenLaunchParams { mDisplayId=0 mBaseDisplayId=0 mFlags=0 } }
2021-07-10 17:54:12.092 3913-3913/? D/WifiTrafficPoller: notifyOnDataActivity() - mBusMaxLock.acquire()
2021-07-10 17:54:12.103 2426-2426/? I/TrustAgent: registerTrustlet: PhonePosition [CONTEXT service_id=84 ]
2021-07-10 17:54:12.103 2426-2426/? D/BoundBrokerSvc: onRebind: Intent { act=com.google.android.gms.trustlet.onbody.service.BIND pkg=com.google.android.gms launchParam=MultiScreenLaunchParams { mDisplayId=0 mBaseDisplayId=0 mFlags=0 } }
2021-07-10 17:54:12.111 2426-2426/? I/Trustlet_Place: [PlaceTrustletChimeraService] Trusted Places isSupported: true [CONTEXT service_id=295 ]
2021-07-10 17:54:12.112 2426-2426/? I/Trustlet_Place: [PlaceTrustletChimeraService] Trusted Places isSupported: true [CONTEXT service_id=295 ]
2021-07-10 17:54:12.125 3913-25110/? D/DevicePolicyManagerService: PfW getPlayForWorkProxy() 0
2021-07-10 17:54:12.126 3913-25110/? D/DevicePolicyManagerService: PfW getPlayForWorkProxy() flags & FLAG_ALLOW_PROXY_FOR_PFW 0
2021-07-10 17:54:12.126 3913-25110/? D/DevicePolicyManagerService: PfW getPlayForWorkProxy() flag 0 does not allow PfW
2021-07-10 17:54:12.127 3913-4997/? D/DevicePolicyManagerService: PfW getPlayForWorkProxy() 0
2021-07-10 17:54:12.128 3752-3786/? D/SKMM_v2.0_Mobicore_Helper: Send Trustlet TCI Message
2021-07-10 17:54:12.129 3913-4997/? D/DevicePolicyManagerService: PfW getPlayForWorkProxy() flags & FLAG_ALLOW_PROXY_FOR_PFW 0
2021-07-10 17:54:12.129 3913-4997/? D/DevicePolicyManagerService: PfW getPlayForWorkProxy() flag 0 does not allow PfW
2021-07-10 17:54:12.129 3752-3786/? I/TeeDriverClient: driver client closed [hardware/samsung_slsi/exynos7570/mobicore/ClientLib/src/driver_client.cpp:113]
2021-07-10 17:54:12.129 3752-3786/? D/SDP_JNI_SKMM2: verifyKEK ..... End
2021-07-10 17:54:12.129 3913-4342/? D/KeyManagementUtil: RCV <-
2021-07-10 17:54:12.130 3913-9472/? D/KeyManagementUtil: RMV <-
2021-07-10 17:54:12.130 3913-9472/? D/KeyManagementUtil: event called.
2021-07-10 17:54:12.130 3913-6148/? D/DevicePolicyManagerService: PfW getPlayForWorkProxy() 0
2021-07-10 17:54:12.132 3913-9472/? D/SdpManagerService: cacheMasterKey :: 0
2021-07-10 17:54:12.132 3913-9472/? E/SDP.CRYPTO: int sdp_drv_on_unlocked(int, const char *, int)(0)
2021-07-10 17:54:12.132 3913-9472/? E/SDP.CRYPTO: Rpri loaded
2021-07-10 17:54:12.132 3913-9472/? E/SDP.CRYPTO: Dpri loaded
2021-07-10 17:54:12.132 3913-9472/? E/SDP.CRYPTO: EDpri loaded
2021-07-10 17:54:12.133 3913-9472/? E/SDP.CRYPTO: sym loaded
2021-07-10 17:54:12.133 3913-9472/? E/SDP.CRYPTO:     On User Unlock OK, id 0
2021-07-10 17:54:12.133 3913-9472/? D/SdpManagerService: onStateChange :: Engine Id : 0, State : 2, Roll Size : 0
2021-07-10 17:54:12.133 3913-9472/? E/SdpManagerService: sendBroadcastAsUser(INTENT_SDP_STATE_CHANGED, state:2)
2021-07-10 17:54:12.133 3913-6148/? D/DevicePolicyManagerService: PfW getPlayForWorkProxy() flags & FLAG_ALLOW_PROXY_FOR_PFW 0
2021-07-10 17:54:12.133 3913-6148/? D/DevicePolicyManagerService: PfW getPlayForWorkProxy() flag 0 does not allow PfW
2021-07-10 17:54:12.134 3913-9472/? E/SdpManagerService: sendBroadcastAsUser(ACTION_SDP_STATE_CHANGED, state:2)
2021-07-10 17:54:12.134 3913-9472/? D/LockSettingsService.SDP: Clear credential...
2021-07-10 17:54:12.135 3913-27048/? D/DevicePolicyManagerService: PfW getPlayForWorkProxy() 0
2021-07-10 17:54:12.137 3913-27048/? D/DevicePolicyManagerService: PfW getPlayForWorkProxy() flags & FLAG_ALLOW_PROXY_FOR_PFW 0
2021-07-10 17:54:12.137 3913-27048/? D/DevicePolicyManagerService: PfW getPlayForWorkProxy() flag 0 does not allow PfW
2021-07-10 17:54:12.138 2426-2426/? I/TrustAgent: registerTrustlet: Place [CONTEXT service_id=84 ]
2021-07-10 17:54:12.139 2426-2426/? D/BoundBrokerSvc: onRebind: Intent { act=com.google.android.gms.trustlet.place.service.BIND pkg=com.google.android.gms launchParam=MultiScreenLaunchParams { mDisplayId=0 mBaseDisplayId=0 mFlags=0 } }
2021-07-10 17:54:12.144 4519-4519/? D/KeyguardServiceBoxContainer: updateExpandState() >> START >> isExpand = false, mIsExpanded = false
2021-07-10 17:54:12.144 4519-4519/? D/KeyguardServiceBoxContainer: updateExpandState() << END << same state
2021-07-10 17:54:12.146 2426-2426/? I/TrustAgent: registerTrustlet: Face [CONTEXT service_id=84 ]
2021-07-10 17:54:12.147 2426-2426/? D/BoundBrokerSvc: onRebind: Intent { act=com.google.android.gms.trustlet.face.service.BIND pkg=com.google.android.gms launchParam=MultiScreenLaunchParams { mDisplayId=0 mBaseDisplayId=0 mFlags=0 } }
2021-07-10 17:54:12.199 3588-3710/? E/nightwatch-target: lmkd signal waiters
2021-07-10 17:54:12.199 2208-2265/? E/nightwatch-target: lmkd signal waiters
2021-07-10 17:54:12.231 4519-4519/? D/KeyguardViewMediator: keyguardGoingAway
2021-07-10 17:54:12.233 3913-15481/? D/ActivityManager: resumeTopActivityInnerLocked() : #1 prevTask=null next=ActivityRecord{467458ed0 u0 com.loginmodule.learning/.activities.RegisterActivity t2594} mFocusedStack=ActivityStack{a27dce0d0 stackId=1, 3 tasks}
2021-07-10 17:54:12.233 3913-15481/? D/ActivityManager: applyOptionsLocked(), pendingOptions : null
2021-07-10 17:54:12.251 3913-4421/? D/GameManagerService: handleForegroundChange(). pkgName: com.loginmodule.learning, clsName: com.loginmodule.learning.activities.RegisterActivity,FgActivityName:com.loginmodule.learning/.activities.RegisterActivity
2021-07-10 17:54:12.251 3913-4421/? D/GameManagerService:   handleForegroundChange(). same package. game has never resumed yet. ignore
2021-07-10 17:54:12.251 3913-15481/? D/MARsPolicyManager: handlePackageResumedFG pkgName = com.loginmodule.learning, userId = 0
2021-07-10 17:54:12.265 3913-6139/? D/ActivityManager: post active user change for 0 fullscreen true isHomeActivity() false
2021-07-10 17:54:12.265 3913-3995/? V/WindowManager: Now policy shown: Window{e2419cbd0 u0 com.loginmodule.learning/com.loginmodule.learning.activities.RegisterActivity}
2021-07-10 17:54:12.269 4519-4519/? D/KeyguardViewMediator: handleStartKeyguardExitAnimation startTime=199433506 fadeoutDuration=400
2021-07-10 17:54:12.269 4519-4519/? D/KeyguardUpdateMonitor: setUnlockingKeyguard( true )
2021-07-10 17:54:12.271 3753-21359/? I/APM_AudioPolicyManager: getSituationVolume: isBTConnected:0 isHeadConnected:0
2021-07-10 17:54:12.272 3753-21672/? W/AudioPolicyIntefaceImpl: Skipped to add effects on session 8753
2021-07-10 17:54:12.273 3753-21672/? I/APM_AudioPolicyManager: startOutput() output 21, stream 1, session 8753
2021-07-10 17:54:12.275 3753-4291/? D/SoundAliveResampler: [SoundAliveResampler] Init+++
2021-07-10 17:54:12.275 4519-4519/? I/StatusBarWindowManager: isExpanded:true, false, false, false, true, false
2021-07-10 17:54:12.275 4519-4519/? I/StatusBarWindowManager: applyHeight:-1
2021-07-10 17:54:12.275 3753-4291/? V/audio_hw_primary: start_output_stream+, out->device : 00000002 , out->type = 1
2021-07-10 17:54:12.275 3753-4291/? D/audio_hw_primary: start_output_stream jack_skip_check false
2021-07-10 17:54:12.277 4519-4519/? D/StatusBar-Window: Bouncer LP changed!!! = 0x25, height = 0
2021-07-10 17:54:12.277 4519-4519/? I/StatusBarWindowManager: isExpanded:true, false, false, true, true, false
2021-07-10 17:54:12.277 4519-4519/? I/StatusBarWindowManager: applyHeight:-1
2021-07-10 17:54:12.277 4519-4519/? D/StatusBar-Window: Bouncer LP changed!!! = 0x4000, height = 0
2021-07-10 17:54:12.277 4519-4519/? D/KeyguardWallpaperController: mShowing=false, mOccluded=false, mFadingAway=false, match_parent=true
2021-07-10 17:54:12.278 4519-4519/? D/WallpaperViewController: mWallpaperView.onPause()
2021-07-10 17:54:12.278 4519-4519/? D/KeyguardWallpaperController: mShowing=false, mOccluded=false, mFadingAway=false, match_parent=true
2021-07-10 17:54:12.280 4519-4519/? V/KeyguardUpdateMonitor: *** unregister callback for com.android.keyguard.CarrierText$1@b399e42
2021-07-10 17:54:12.282 4519-4519/? V/KeyguardUpdateMonitor: *** unregister callback for com.android.keyguard.face.KeyguardFaceDexButtonView$1@eccae53
2021-07-10 17:54:12.282 4519-4519/? V/KeyguardUpdateMonitor: *** unregister callback for com.android.keyguard.iris.KeyguardIrisDexButtonView$1@175b390
2021-07-10 17:54:12.283 4519-4519/? V/KeyguardUpdateMonitor: *** unregister callback for com.android.keyguard.EmergencyButton$2@d338489
2021-07-10 17:54:12.284 3913-4315/? V/WindowManager: Relayout Window{e2419cbd0 u0 com.loginmodule.learning/com.loginmodule.learning.activities.RegisterActivity}: viewVisibility=0 req=720x1280 WM.LayoutParams{(0,0)(fillxfill) sim=#120 ty=1 fl=#81810100 wanim=0x103046c vsysui=0x600 needsMenuKey=2 naviIconColor=0}
2021-07-10 17:54:12.284 4519-4519/? V/KeyguardUpdateMonitor: *** unregister callback for com.android.keyguard.KeyguardPatternView$2@82bac8d
2021-07-10 17:54:12.285 4519-4519/? V/KeyguardUpdateMonitor: *** unregister callback for com.android.keyguard.KeyguardSecurityContainer$1@8856663
2021-07-10 17:54:12.286 4519-4519/? I/StatusBarWindowManager: isExpanded:true, false, false, true, false, false
2021-07-10 17:54:12.286 4519-4519/? I/StatusBarWindowManager: applyHeight:-1
2021-07-10 17:54:12.286 4519-4519/? D/StatusBar-Window: Bouncer LP changed!!! = 0x4000, height = 0
2021-07-10 17:54:12.286 4519-4519/? D/PhoneStatusBar: disable: < expand icons* alerts system_info* back HOME RECENT clock SEARCH quick_settings >
2021-07-10 17:54:12.287 4519-4519/? D/KeyguardUpdateMonitor: onKeyguardVisibilityChanged(false)
2021-07-10 17:54:12.287 4519-4519/? D/ServiceBoxPageResetTimer: cancelTimer() ServiceBoxPageResetTimer[F=true, ks=false, st=true, sb=false, b=true, c=false, ko=false, n=falsem=false]
2021-07-10 17:54:12.287 4519-4519/? D/KeyguardFingerPrint: shouldListenForFingerprint ( fingerprint is not enabled. ) 
2021-07-10 17:54:12.287 4519-4519/? E/KeyguardFingerPrint: updateFingerprintListeningState#mFingerprintRunningState = 0
2021-07-10 17:54:12.287 4519-4519/? E/KeyguardFingerPrint: stopListeningForFingerprint()
2021-07-10 17:54:12.287 4519-4519/? D/KeyguardUpdateMonitor: sendKeyguardBouncerChanged(false)
2021-07-10 17:54:12.287 4519-4519/? D/KeyguardUpdateMonitor: sendKeyguardStateUpdated(false, false, false)
2021-07-10 17:54:12.288 4519-4519/? D/KeyguardViewMediator: adjustStatusBarLocked: mShowing=false mOccluded=false isSecure=true --> flags=0x0
2021-07-10 17:54:12.290 8329-8329/? D/ViewRootImpl@d60e8f8[RegisterActivity]: Relayout returned: oldFrame=[0,0][720,1280] newFrame=[0,0][720,1280] result=0x1 surface={isValid=true -887621632} surfaceGenerationChanged=false
2021-07-10 17:54:12.292 3913-4360/? D/LockSettings: reportUnlock()
2021-07-10 17:54:12.292 3913-4360/? W/AlarmManager: Unrecognized alarm listener com.android.server.LockSettingsStrongAuth$2@8954bc6
2021-07-10 17:54:12.292 4519-4519/? D/KeyguardFingerPrint: setDisableBIOMETRICBySecurityDialog( false )
2021-07-10 17:54:12.294 3913-6138/? V/WindowManager: Relayout Window{64e17c2d0 u0 StatusBar}: viewVisibility=0 req=720x1280 WM.LayoutParams{(0,0)(fillxfill) gr=#30 sim=#10 ty=2000 fl=#81840048 fmt=-3 vsysui=0x600 naviIconColor=0 sfl=0x40000}
2021-07-10 17:54:12.298 3913-6150/? D/SecContentProvider: query(), uri = 16 selection = isLockScreenEnabled
2021-07-10 17:54:12.299 3913-6150/? D/SecContentProvider: called from com.sec.android.inputmethod
2021-07-10 17:54:12.299 5487-5487/? D/Hamster: [ArgusApmConfigManager] recv ACTION_USER_PRESENT [delta:2750600, min:3600000]
2021-07-10 17:54:12.300 5659-5659/? D/SKBD: showDlgMsgBox : false true true
2021-07-10 17:54:12.307 4519-4519/? D/ViewRootImpl@622e18[StatusBar]: Relayout returned: oldFrame=[0,0][720,1280] newFrame=[0,0][720,1280] result=0x1 surface={isValid=true -977491968} surfaceGenerationChanged=false
2021-07-10 17:54:12.308 3913-3913/? D/EdmStorageProvider: getCount(ClientCertificateManagerTable) - 0
2021-07-10 17:54:12.309 3913-3913/? D/UniversalCredentialManagerService: inside mBReciever onReceive : android.intent.action.USER_PRESENT
2021-07-10 17:54:12.324 3913-5362/? D/DevicePolicyManagerService: PfW getPlayForWorkProxy() 0
2021-07-10 17:54:12.325 3753-4291/? D/audio_hw_primary: start_output_stream (0xed6b4380) out->pcm_device:7 out->config.rate:48000 out->config.format:0 out->period_size:240
2021-07-10 17:54:12.325 3753-4291/? D/audio_hw_primary: start_output_stream (0xed6b4380) out->config.rate:48000 out->config.format:0 out->period_size:240
2021-07-10 17:54:12.325 3753-4291/? V/audio_hw_primary: select_devices output_scenario:0 input_scenario:-1 out_snd_device 0x2 in_snd_device:0x0
2021-07-10 17:54:12.325 3753-4291/? I/audio_route: > audio_route_reset :
2021-07-10 17:54:12.325 3753-4291/? I/audio_route: > audio_route_apply_path : "media-speaker"
2021-07-10 17:54:12.333 3913-5362/? D/DevicePolicyManagerService: PfW getPlayForWorkProxy() flags & FLAG_ALLOW_PROXY_FOR_PFW 0
2021-07-10 17:54:12.333 3913-5362/? D/DevicePolicyManagerService: PfW getPlayForWorkProxy() flag 0 does not allow PfW
2021-07-10 17:54:12.335 3913-6150/? D/DevicePolicyManagerService: PfW getPlayForWorkProxy() 0
2021-07-10 17:54:12.336 4519-4519/? D/ViewRootImpl@70b6e56[Bouncer]: mHardwareRenderer.destroy()#1
2021-07-10 17:54:12.339 3913-6150/? D/DevicePolicyManagerService: PfW getPlayForWorkProxy() flags & FLAG_ALLOW_PROXY_FOR_PFW 0
2021-07-10 17:54:12.339 3913-6150/? D/DevicePolicyManagerService: PfW getPlayForWorkProxy() flag 0 does not allow PfW
2021-07-10 17:54:12.340 3913-6138/? V/WindowManager: Relayout Window{f676c09d0 u0 Bouncer}: viewVisibility=4 req=720x0 WM.LayoutParams{(0,0)(fillx0) gr=#30 sim=#10 ty=2014 fl=#81000148 fmt=-3 or=5 vsysui=0x600 if=0x4 userActivityTimeout=10000 screenDimDuration=0 naviIconColor=0 sfl=0x40000}
2021-07-10 17:54:12.340 3913-5363/? D/DevicePolicyManagerService: PfW getPlayForWorkProxy() 0
2021-07-10 17:54:12.340 3913-6138/? I/WindowManager_SurfaceController: Destroying surface Surface(name=Bouncer) called by com.android.server.wm.WindowStateAnimator.destroySurface:3074 com.android.server.wm.WindowStateAnimator.destroySurfaceLocked:1138 com.android.server.wm.WindowState.destroyOrSaveSurface:2844 com.android.server.wm.WindowManagerService.tryStartExitingAnimation:3773 com.android.server.wm.WindowManagerService.relayoutWindow:3574 com.android.server.wm.Session.relayout:240 android.view.IWindowSession$Stub.onTransact:288 com.android.server.wm.Session.onTransact:161 
2021-07-10 17:54:12.341 2383-3724/? I/SurfaceFlinger: id=6278 Removed Bouncer (6/6)
2021-07-10 17:54:12.341 2383-2550/? I/SurfaceFlinger: id=6278 Removed Bouncer (-2/6)
2021-07-10 17:54:12.341 3913-3944/? D/WindowManager: set systemUiVisibility of statusbar : systemUiFlags= 0x608 fullscreenStackSysUiFlag= 0x0
2021-07-10 17:54:12.343 3913-5363/? D/DevicePolicyManagerService: PfW getPlayForWorkProxy() flags & FLAG_ALLOW_PROXY_FOR_PFW 0
2021-07-10 17:54:12.343 3913-5363/? D/DevicePolicyManagerService: PfW getPlayForWorkProxy() flag 0 does not allow PfW
2021-07-10 17:54:12.344 3913-6138/? V/WindowManager: rotationForOrientationLw(orient=1, last=0); user=0 USER_ROTATION_LOCKED sensorRotation=-1 mLidState=-1 mDockMode=0 mHdmiPlugged=false
2021-07-10 17:54:12.345 3913-4996/? D/DevicePolicyManagerService: PfW getPlayForWorkProxy() 0
2021-07-10 17:54:12.347 3913-4996/? D/DevicePolicyManagerService: PfW getPlayForWorkProxy() flags & FLAG_ALLOW_PROXY_FOR_PFW 0
2021-07-10 17:54:12.347 3913-4996/? D/DevicePolicyManagerService: PfW getPlayForWorkProxy() flag 0 does not allow PfW
2021-07-10 17:54:12.350 3913-6138/? D/InputDispatcher: Focus left window: 4519
2021-07-10 17:54:12.350 3913-6138/? D/InputDispatcher: Focus entered window: 8329
2021-07-10 17:54:12.351 3913-6138/? D/PowerManagerService: [api] setUserActivityTimeoutOverrideFromWindowManagerInternal: timeoutMillis: -1, dimDurationMillis: -1
2021-07-10 17:54:12.351 3913-6138/? D/PowerManagerService: [s] getScreenOffTimeoutLocked: 10000 -> 30000
2021-07-10 17:54:12.352 3913-3913/? D/AccessibilityManagerService: readMagniferWindowEnabledSettingLocked() magniferWindowEnabled = false/ userState.mIsMagniferWindowEnabled = false
2021-07-10 17:54:12.352 3913-3913/? D/KnoxVpnEngineService: Vpn Receiver : android.intent.action.USER_PRESENT
2021-07-10 17:54:12.352 3913-4353/? I/KnoxVpnEngineService: vpn handle : Message received
2021-07-10 17:54:12.352 3913-3913/? D/LightsService: [api] [SvcLED] turnOff:: id = 6 (uid: 1000 pid: 3913) 
2021-07-10 17:54:12.352 3913-3913/? D/PowerManagerUtil: fileWriteString to /sys/power/wake_lock, LightsService
2021-07-10 17:54:12.353 4519-4519/? D/ViewRootImpl@70b6e56[Bouncer]: Relayout returned: oldFrame=[0,0][720,1280] newFrame=[0,0][720,0] result=0x5 surface={isValid=false 0} surfaceGenerationChanged=true
2021-07-10 17:54:12.353 3913-3913/? D/LightsService: [SvcLED] setSvcLedStateLocked:: SvcLEDState : 0x0 -> 0x0 | SvcLED(id=6) set Off
2021-07-10 17:54:12.353 3913-3913/? I/MdnieScenarioControlService: action  :  android.intent.action.USER_PRESENT
2021-07-10 17:54:12.353 3913-4009/? D/LightsService: [SvcLED] handleForcedSvcLEDTask()
2021-07-10 17:54:12.353 3913-4009/? D/LightsService: [SvcLED]  setSvcLedLightLocked :: Current SvcLED(id=5) maintains its priority right
2021-07-10 17:54:12.353 4519-4519/? D/KeyguardUpdateMonitor: handleKeyguardBouncerChanged(0)
2021-07-10 17:54:12.353 3913-4009/? D/PowerManagerUtil: fileWriteString to /sys/power/wake_unlock, LightsService
2021-07-10 17:54:12.353 4519-4519/? D/ServiceBoxPageResetTimer: cancelTimer() ServiceBoxPageResetTimer[F=true, ks=false, st=true, sb=false, b=false, c=false, ko=false, n=falsem=false]
2021-07-10 17:54:12.353 4519-4519/? D/KeyguardFingerPrint: shouldListenForFingerprint ( finger